******************************************************************************
                  TI ARM Linker PC v18.1.4                     
******************************************************************************
>> Linked Wed Jan  9 20:17:57 2019

OUTPUT FILE NAME:   <DRONE_PEPEsTEAM2.out>
ENTRY POINT SYMBOL: "_c_int00"  address: 0000831d


MEMORY CONFIGURATION

         name            origin    length      used     unused   attr    fill
----------------------  --------  ---------  --------  --------  ----  --------
  MAIN                  00000000   00040000  0000e350  00031cb0  R  X
  INFO                  00200000   00004000  00000000  00004000  R  X
  SRAM_CODE             01000000   00010000  00000000  00010000  RW X
  SRAM_DATA             20000000   00010000  00002ae1  0000d51f  RW  


SEGMENT ALLOCATION MAP

run origin  load origin   length   init length attrs members
----------  ----------- ---------- ----------- ----- -------
00000000    00000000    0000e360   0000e360    r-x
  00000000    00000000    0000003c   0000003c    r-- .resetVecs
  00000040    00000040    0000b7b2   0000b7b2    r-x .text
  0000b7f8    0000b7f8    0000281a   0000281a    r-- .const
  0000e018    0000e018    00000348   00000348    r-- .cinit
20000000    20000000    00000140   00000000    rw-
  20000000    20000000    00000140   00000000    rw- .vecs
20000200    20000200    000026a1   00000000    rw-
  20000200    20000200    00001e30   00000000    rw- .bss
  20002030    20002030    00000871   00000000    rw- .data
2000fd00    2000fd00    00000300   00000000    rw-
  2000fd00    2000fd00    00000300   00000000    rw- .stack


SECTION ALLOCATION MAP

 output                                  attributes/
section   page    origin      length       input sections
--------  ----  ----------  ----------   ----------------
.text      0    00000040    0000b7b2     
                  00000040    00000c04     main.obj (.text:MARGFxn)
                  00000c44    00000780     quaternionFilters.obj (.text:MahonyQuaternionUpdate)
                  000013c4    000005b4     mpu9250.obj (.text:MPU6050calibrate)
                  00001978    00000430     sysbios.aem4f : BIOS.obj (.text:ti_sysbios_family_arm_m3_Hwi_excDumpRegs__I)
                  00001da8    000003d4     rtsv7M4_T_le_v4SPD16_eabi.lib : e_asin.c.obj (.text:asin)
                  0000217c    0000034c     ti.targets.arm.rtsarm.aem4f : System.oem4f (.text:xdc_runtime_System_doPrint__I)
                  000024c8    000002ec     rtsv7M4_T_le_v4SPD16_eabi.lib : s_atan.c.obj (.text:atan)
                  000027b4    00000004     msp432p4xx_driverlib.lib : cpu.o (.text:CPU_wfi)
                  000027b8    000002a4     sysbios.aem4f : BIOS.obj (.text:ti_sysbios_knl_Semaphore_pend__E)
                  00002a5c    00000004     msp432p4xx_driverlib.lib : spi.o (.text:EUSCI_A_SPI_getReceiveBufferAddressForDMA)
                  00002a60    0000026c     sysbios.aem4f : BIOS.obj (.text:ti_sysbios_heaps_HeapMem_free__E)
                  00002ccc    00000264     drivers_MSP432P401R.aem4f : PowerMSP432.oem4f (.text:Power_sleep)
                  00002f30    00000250     sysbios.aem4f : BIOS.obj (.text:ti_sysbios_heaps_HeapMem_alloc__E)
                  00003180    000001fc                   : BIOS.obj (.text:ti_sysbios_family_arm_m3_Hwi_excHandlerMax__I)
                  0000337c    000001d8     rtsv7M4_T_le_v4SPD16_eabi.lib : e_atan2.c.obj (.text:atan2)
                  00003554    00000004     msp432p4xx_driverlib.lib : spi.o (.text:EUSCI_A_SPI_getTransmitBufferAddressForDMA)
                  00003558    000001c8     sysbios.aem4f : BIOS.obj (.text:ti_sysbios_knl_Task_sleep__E)
                  00003720    000001c0     main.obj (.text:nRF24_RXTaskFxn)
                  000038e0    000001b6     rtsv7M4_T_le_v4SPD16_eabi.lib : fd_add_t2.asm.obj (.text)
                  00003a96    000001a0     msp432p4xx_driverlib.lib : pcm.o (.text:__PCM_setPowerStateAdvanced)
                  00003c36    00000002     power_tirtos_MSP432P401R.aem4f : PowerMSP432_tirtos.oem4f (.text:PowerMSP432_initPolicy)
                  00003c38    0000017c     drivers_MSP432P401R.aem4f : SPIMSP432DMA.oem4f (.text:SPIMSP432DMA_open)
                  00003db4    00000178                               : I2CMSP432.oem4f (.text:I2CMSP432_open)
                  00003f2c    00000004     msp432p4xx_driverlib.lib : spi.o (.text:EUSCI_B_SPI_getReceiveBufferAddressForDMA)
                  00003f30    00000174     sysbios.aem4f : BIOS.obj (.text:ti_sysbios_family_arm_m3_Hwi_excBusFault__I)
                  000040a4    00000004     msp432p4xx_driverlib.lib : spi.o (.text:EUSCI_B_SPI_getTransmitBufferAddressForDMA)
                  000040a8    00000164     sysbios.aem4f : BIOS.obj (.text:ti_sysbios_family_arm_m3_Hwi_excUsageFault__I)
                  0000420c    00000158     rtsv7M4_T_le_v4SPD16_eabi.lib : e_sqrt.c.obj (.text:sqrt)
                  00004364    00000004     tirtosport.aem4f : HwiP_tirtos.oem4f (.text:HwiP_disable)
                  00004368    00000148     sysbios.aem4f : BIOS.obj (.text:ti_sysbios_family_arm_m3_Hwi_excMemFault__I)
                  000044b0    00000140     drivers_MSP432P401R.aem4f : GPIOMSP432.oem4f (.text:GPIO_setConfig)
                  000045f0    0000013c     sysbios.aem4f : BIOS.obj (.text:ti_sysbios_heaps_HeapMem_Instance_init__E)
                  0000472c    00000138     drone_pepesteam_pem4f.oem4f (.text:ti_uia_loggers_LoggerStopMode_writeMemoryRange__E)
                  00004864    00000136     rtsv7M4_T_le_v4SPD16_eabi.lib : fd_div_t2.asm.obj (.text)
                  0000499a    00000118     drivers_MSP432P401R.aem4f : I2CMSP432.oem4f (.text:I2CMSP432_hwiIntFxn)
                  00004ab2    00000002                               : SPIMSP432DMA.oem4f (.text:SPIMSP432DMA_serviceISR)
                  00004ab4    00000118     ti.targets.arm.rtsarm.aem4f : Error.oem4f (.text:xdc_runtime_Error_policyDefault__E)
                  00004bcc    0000010c     drone_pepesteam_pem4f.oem4f (.text:ti_uia_loggers_LoggerStopMode_write8__E)
                  00004cd8    00000100     ti.targets.arm.rtsarm.aem4f : Core-mem.oem4f (.text:xdc_runtime_Core_createObject__I)
                  00004dd8    000000fc     rtsv7M4_T_le_v4SPD16_eabi.lib : fd_mul_t2.asm.obj (.text)
                  00004ed4    000000f8     ti.targets.arm.rtsarm.aem4f : Startup.oem4f (.text:xdc_runtime_Startup_startMods__I)
                  00004fcc    000000f8     drone_pepesteam_pem4f.oem4f (.text:xdc_runtime_System_printfExtend__I)
                  000050c4    000000f4     drone_pepesteam_pem4f.oem4f (.text:ti_uia_loggers_LoggerStopMode_write4__E)
                  000051b8    000000f0     drivers_MSP432P401R.aem4f : PowerMSP432.oem4f (.text:initPerfControl)
                  000052a8    000000ec     sysbios.aem4f : m3_Hwi_asm.obj (.text:ti_sysbios_family_arm_m3_Hwi_dispatch__I)
                  00005394    00000004     msp432p4xx_driverlib.lib : i2c.o (.text:I2C_setSlaveAddress)
                  00005398    000000ec     sysbios.aem4f : BIOS.obj (.text:ti_sysbios_knl_Semaphore_post__E)
                  00005484    000000e8     drone_pepesteam_pem4f.oem4f (.text:ti_uia_loggers_LoggerStopMode_write1__E)
                  0000556c    000000e8     drone_pepesteam_pem4f.oem4f (.text:ti_uia_loggers_LoggerStopMode_write2__E)
                  00005654    000000e2     drivers_MSP432P401R.aem4f : PWMTimerMSP432.oem4f (.text:initHw)
                  00005736    00000002     rtsv7M4_T_le_v4SPD16_eabi.lib : _lock.c.obj (.text:_nop)
                  00005738    000000e0     msp432p4xx_driverlib.lib : cs.o (.text:CS_initClockSignal)
                  00005818    000000dc                              : pcm.o (.text:__PCM_setPowerModeAdvanced)
                  000058f4    000000d8     drone_pepesteam_pem4f.oem4f (.text:ti_uia_loggers_LoggerStopMode_write0__E)
                  000059cc    000000cc     msp432p4xx_driverlib.lib : dma.o (.text:DMA_assignChannel)
                  00005a98    000000cc     ti.targets.arm.rtsarm.aem4f : Core-smem.oem4f (.text:xdc_runtime_Core_constructObject__I)
                  00005b64    000000c8     msprf24.obj (.text:r_rx_payload)
                  00005c2c    00000004     drivers_MSP432P401R.aem4f : List.oem4f (.text:List_head)
                  00005c30    000000bc     sysbios.aem4f : BIOS.obj (.text:ti_sysbios_family_arm_m3_Hwi_excDebugMon__I)
                  00005cec    00000004     drivers_MSP432P401R.aem4f : List.oem4f (.text:List_next)
                  00005cf0    000000bc     sysbios.aem4f : BIOS.obj (.text:ti_sysbios_family_arm_m3_Hwi_excHardFault__I)
                  00005dac    000000b4     drivers_MSP432P401R.aem4f : SPIMSP432DMA.oem4f (.text:configDMA)
                  00005e60    000000b4     sysbios.aem4f : BIOS.obj (.text:ti_sysbios_gates_GateMutex_enter__E)
                  00005f14    00000004     drivers_MSP432P401R.aem4f : PowerMSP432.oem4f (.text:PowerMSP432_getNumPerfLevels)
                  00005f18    000000b4     sysbios.aem4f : BIOS.obj (.text:ti_sysbios_knl_Task_checkStacks__E)
                  00005fcc    000000b2     msp432p4xx_driverlib.lib : timer_a.o (.text:privateTimer_AProcessClockSourceDivider)
                  0000607e    00000002     rtsv7M4_T_le_v4SPD16_eabi.lib : div0.asm.obj (.text)
                  00006080    000000b0     msp432p4xx_driverlib.lib : pcm.o (.text:__PCM_setCoreVoltageLevelAdvanced)
                  00006130    000000b0     sysbios.aem4f : BIOS.obj (.text:ti_sysbios_utils_Load_idleFxn__E)
                  000061e0    000000ac     drivers_MSP432P401R.aem4f : PWMTimerMSP432.oem4f (.text:PWMTimerMSP432_open)
                  0000628c    00000004     msprf24.obj (.text:_msprf24_irq_mask)
                  00006290    000000a8     sysbios.aem4f : BIOS.obj (.text:ti_sysbios_family_arm_msp432_Timer_periodicStub__E)
                  00006338    000000a8     mpu9250.obj (.text:updateTime)
                  000063e0    000000a4     main.obj (.text:main)
                  00006484    000000a0     auto_init.aem4f : auto_init.oem4f (.text)
                  00006524    000000a0     ti.targets.arm.rtsarm.aem4f : Text.oem4f (.text:xdc_runtime_Text_putMod__E)
                  000065c4    0000009c     rtsv7M4_T_le_v4SPD16_eabi.lib : memcpy_t2.asm.obj (.text)
                  00006660    0000009c     sysbios.aem4f : BIOS.obj (.text:ti_sysbios_knl_Semaphore_Instance_init__E)
                  000066fc    0000009a     ti.targets.arm.rtsarm.aem4f : Text.oem4f (.text:xdc_runtime_Text_putSite__E)
                  00006796    00000002     drone_pepesteam_pem4f.oem4f (.text:ti_sysbios_BIOS_nullFunc__I)
                  00006798    00000098     msprf24.obj (.text:msprf24_set_retransmit_delay)
                  00006830    00000096     mpu9250.obj (.text:MPU6050init)
                  000068c6    00000096     rtsv7M4_T_le_v4SPD16_eabi.lib : ull_div_t2.asm.obj (.text)
                  0000695c    00000004                                   : exit.c.obj (.text:abort:abort)
                  00006960    00000094     sysbios.aem4f : BIOS.obj (.text:ti_sysbios_family_arm_m3_Hwi_Instance_init__E)
                  000069f4    00000004     drone_pepesteam_pem4f.oem4f (.text:ti_sysbios_BIOS_RtsGateProxy_enter__E)
                  000069f8    00000094     sysbios.aem4f : BIOS.obj (.text:ti_sysbios_family_arm_m3_Hwi_initNVIC__E)
                  00006a8c    00000004     drone_pepesteam_pem4f.oem4f (.text:ti_sysbios_BIOS_RtsGateProxy_leave__E)
                  00006a90    00000094     sysbios.aem4f : BIOS.obj (.text:ti_sysbios_knl_Task_postInit__I)
                  00006b24    00000092     drivers_MSP432P401R.aem4f : I2CMSP432.oem4f (.text:I2CMSP432_cancel)
                  00006bb6    00000092                               : PWMTimerMSP432.oem4f (.text:PWMTimerMSP432_setPeriod)
                  00006c48    00000090     msprf24.obj (.text:msprf24_set_pipe_packetsize)
                  00006cd8    00000090     ti.uia.loggers.aem4f : LoggerStopMode.oem4f (.text:ti_uia_loggers_LoggerStopMode_initQueueDescriptor__E)
                  00006d68    00000090     mpu9250.obj (.text:writeRegister)
                  00006df8    0000008c     drivers_MSP432P401R.aem4f : I2CMSP432.oem4f (.text:I2CMSP432_transfer)
                  00006e84    0000008c     sysbios.aem4f : m3_TaskSupport_asm.obj (.text:ti_sysbios_family_arm_m3_TaskSupport_buildTaskStack)
                  00006f10    00000088     msp432p4xx_driverlib.lib : spi.o (.text:SPI_initMaster)
                  00006f98    00000086     rtsv7M4_T_le_v4SPD16_eabi.lib : fd_cmp_t2.asm.obj (.text:__aeabi_cdrcmple)
                  0000701e    00000084     drivers_MSP432P401R.aem4f : PWMTimerMSP432.oem4f (.text:PWMTimerMSP432_setDuty)
                  000070a2    00000084     mpu9250.obj (.text:setAccelData)
                  00007126    00000084     mpu9250.obj (.text:setGyroData)
                  000071aa    00000006     drivers_MSP432P401R.aem4f : I2CMSP432.oem4f (.text:I2CMSP432_control)
                  000071b0    00000084     sysbios.aem4f : BIOS.obj (.text:ti_sysbios_family_arm_m3_Hwi_postInit__I)
                  00007234    00000084     msprf24.obj (.text:w_rx_addr)
                  000072b8    00000080     msp432p4xx_driverlib.lib : dma.o (.text:DMA_setChannelTransfer)
                  00007338    00000080     sysbios.aem4f : BIOS.obj (.text:ti_sysbios_utils_Load_updateLoads__E)
                  000073b8    0000007c     msp432p4xx_driverlib.lib : pcm.o (.text:PCM_gotoLPM3)
                  00007434    0000007c     msprf24.obj (.text:msprf24_irq_clear)
                  000074b0    0000007a     msprf24.obj (.text:msprf24_open_pipe)
                  0000752a    0000007a     rtsv7M4_T_le_v4SPD16_eabi.lib : memset_t2.asm.obj (.text)
                  000075a4    00000074     ti.uia.runtime.aem4f : QueueDescriptor.oem4f (.text:ti_uia_runtime_QueueDescriptor_addToList__E)
                  00007618    00000072     mpu9250.obj (.text:setMagnData)
                  0000768a    00000006     msp432p4xx_driverlib.lib : i2c.o (.text:I2C_getEnabledInterruptStatus)
                  00007690    00000070     sysbios.aem4f : BIOS.obj (.text:ti_sysbios_family_arm_m3_TimestampProvider_get64__E)
                  00007700    00000070                   : BIOS.obj (.text:ti_sysbios_knl_Clock_workFunc__E)
                  00007770    00000070                   : BIOS.obj (.text:ti_sysbios_knl_Task_exit__E)
                  000077e0    0000006e     rtsv7M4_T_le_v4SPD16_eabi.lib : fd_tos_t2.asm.obj (.text)
                  0000784e    00000002     drone_pepesteam_pem4f.oem4f (.text:ti_uia_loggers_LoggerStopMode_setFilterLevel__E)
                  00007850    0000006d     ti.targets.arm.rtsarm.aem4f : System.oem4f (.text:xdc_runtime_System_formatNum__I)
                  000078bd    00000001     --HOLE-- [fill = 0]
                  000078be    00000002     ti.uia.loggers.aem4f : LoggerStopMode.oem4f (.text:ti_uia_loggers_LoggerStopMode_setPriority__E)
                  000078c0    0000006c     sysbios.aem4f : BIOS.obj (.text:ti_sysbios_knl_Swi_restoreHwi__E)
                  0000792c    0000006c     ti.targets.arm.rtsarm.aem4f : Error.oem4f (.text:xdc_runtime_Error_print__E)
                  00007998    0000006c                                 : Memory.oem4f (.text:xdc_runtime_Memory_alloc__E)
                  00007a04    00000068     rtsv7M4_T_le_v4SPD16_eabi.lib : copy_decompress_lzss.c.obj (.text:decompress:lzss:__TI_decompress_lzss)
                  00007a6c    00000068     drivers_MSP432P401R.aem4f : I2CMSP432.oem4f (.text:primeTransfer)
                  00007ad4    00000066                               : I2CMSP432.oem4f (.text:I2CMSP432_close)
                  00007b3a    00000066     mpu9250.obj (.text:readAccel)
                  00007ba0    00000066     mpu9250.obj (.text:readGyro)
                  00007c06    00000066     mpu9250.obj (.text:readMagn)
                  00007c6c    00000066     ti.uia.loggers.aem4f : LoggerStopMode.oem4f (.text:ti_uia_loggers_LoggerStopMode_flush__E)
                  00007cd2    00000066     ti.targets.arm.rtsarm.aem4f : Core-mem.oem4f (.text:xdc_runtime_Core_deleteObject__I)
                  00007d38    00000064     sysbios.aem4f : BIOS.obj (.text:ti_sysbios_family_arm_m3_Hwi_dispatchC__I)
                  00007d9c    00000062     tirtosport.aem4f : HwiP_tirtos.oem4f (.text:HwiP_create)
                  00007dfe    00000002     --HOLE-- [fill = 0]
                  00007e00    00000060     sysbios.aem4f : BIOS.obj (.text:ti_sysbios_family_arm_m3_TimestampProvider_get32__E)
                  00007e60    00000060                   : BIOS.obj (.text:ti_sysbios_family_arm_msp432_Timer_Module_startup__E)
                  00007ec0    00000060                   : BIOS.obj (.text:ti_sysbios_knl_Task_schedule__I)
                  00007f20    0000005e     mpu9250.obj (.text:readTransaction)
                  00007f7e    00000002     --HOLE-- [fill = 0]
                  00007f80    0000005c     drivers_MSP432P401R.aem4f : GPIOMSP432.oem4f (.text:GPIO_init)
                  00007fdc    00000004     drone_pepesteam_pem4f.oem4f (.text:ti_sysbios_family_arm_m3_Hwi_destruct)
                  00007fe0    0000005c     sysbios.aem4f : BIOS.obj (.text:ti_sysbios_knl_Swi_run__I)
                  0000803c    00000004     drone_pepesteam_pem4f.oem4f (.text:ti_sysbios_family_arm_m3_TaskSupport_Module__startupDone__S)
                  00008040    0000005c     sysbios.aem4f : BIOS.obj (.text:ti_sysbios_knl_Swi_schedule__I)
                  0000809c    00000004     drone_pepesteam_pem4f.oem4f (.text:ti_sysbios_heaps_HeapMem_Module_GateProxy_enter__E)
                  000080a0    0000005c     sysbios.aem4f : BIOS.obj (.text:ti_sysbios_knl_Task_Module_startup__E)
                  000080fc    00000004     drone_pepesteam_pem4f.oem4f (.text:ti_sysbios_heaps_HeapMem_Module_GateProxy_leave__E)
                  00008100    0000005c     sysbios.aem4f : BIOS.obj (.text:ti_sysbios_knl_Task_startCore__E)
                  0000815c    0000005b     ti.targets.arm.rtsarm.aem4f : Text.oem4f (.text:xdc_runtime_Text_putLab__E)
                  000081b7    00000001     --HOLE-- [fill = 0]
                  000081b8    0000005a     drivers_MSP432P401R.aem4f : SPIMSP432DMA.oem4f (.text:SPIMSP432DMA_close)
                  00008212    00000002     --HOLE-- [fill = 0]
                  00008214    00000058     rtsv7M4_T_le_v4SPD16_eabi.lib : hostwrite.c.obj (.text:HOSTwrite)
                  0000826c    00000058     drivers_MSP432P401R.aem4f : SPIMSP432DMA.oem4f (.text:SPIMSP432DMA_transfer)
                  000082c4    00000058     tirtosport.aem4f : SemaphoreP_tirtos.oem4f (.text:SemaphoreP_create)
                  0000831c    00000058     boot.aem4f : boot.oem4f (.text)
                  00008374    00000058     msprf24.obj (.text:msprf24_init)
                  000083cc    00000058     nRF24L01_SPI.obj (.text:spi_transfer16)
                  00008424    00000058     drone_pepesteam_pem4f.oem4f (.text:ti_sysbios_family_arm_m3_Hwi_construct)
                  0000847c    00000058     sysbios.aem4f : m3_Hwi_asm_switch.obj (.text:ti_sysbios_family_arm_m3_Hwi_initStacks__E)
                  000084d4    00000054     drivers_MSP432P401R.aem4f : GPIOMSP432.oem4f (.text:GPIO_hwiIntFxn)
                  00008528    00000054                               : GPIOMSP432.oem4f (.text:GPIO_setCallback)
                  0000857c    00000054                               : PWMTimerMSP432.oem4f (.text:PWMTimerMSP432_stop)
                  000085d0    00000054     mpu9250.obj (.text:getAres)
                  00008624    00000054     mpu9250.obj (.text:getGres)
                  00008678    00000054     drivers_MSP432P401R.aem4f : I2CMSP432.oem4f (.text:initHw)
                  000086cc    00000004     drone_pepesteam_pem4f.oem4f (.text:ti_sysbios_knl_Clock_TimerProxy_getMaxTicks__E)
                  000086d0    00000054     sysbios.aem4f : BIOS.obj (.text:ti_sysbios_family_arm_m3_Timer_start__E)
                  00008724    00000004     drone_pepesteam_pem4f.oem4f (.text:ti_sysbios_knl_Queue_destruct)
                  00008728    00000054     sysbios.aem4f : BIOS.obj (.text:ti_sysbios_family_arm_msp432_Timer_initDevice__I)
                  0000877c    00000004     drone_pepesteam_pem4f.oem4f (.text:ti_sysbios_knl_Semaphore_destruct)
                  00008780    00000054     sysbios.aem4f : BIOS.obj (.text:ti_sysbios_family_arm_msp432_init_Boot_configureClocksHigh)
                  000087d4    00000054     ti.targets.arm.rtsarm.aem4f : Assert.oem4f (.text:xdc_runtime_Assert_raise__I)
                  00008828    00000050     drivers_MSP432P401R.aem4f : GPIOMSP432.oem4f (.text:GPIO_write)
                  00008878    00000050     msp432p4xx_driverlib.lib : pcm.o (.text:PCM_shutdownDevice)
                  000088c8    00000050     drivers_MSP432P401R.aem4f : PWMTimerMSP432.oem4f (.text:PWMTimerMSP432_close)
                  00008918    00000050     msprf24.obj (.text:msprf24_current_state)
                  00008968    00000050     sysbios.aem4f : BIOS.obj (.text:ti_sysbios_family_arm_m3_Hwi_Module_startup__E)
                  000089b8    00000050     ti.targets.arm.rtsarm.aem4f : Startup.oem4f (.text:xdc_runtime_Startup_exec__E)
                  00008a08    00000050                                 : Text.oem4f (.text:xdc_runtime_Text_visitRope2__I)
                  00008a58    0000004c     msp432p4xx_driverlib.lib : gpio.o (.text:GPIO_setAsPeripheralModuleFunctionOutputPin)
                  00008aa4    0000004c     drivers_MSP432P401R.aem4f : UDMAMSP432.oem4f (.text:UDMAMSP432_open)
                  00008af0    0000004c     rtsv7M4_T_le_v4SPD16_eabi.lib : cpy_tbl.c.obj (.text:copy_in)
                  00008b3c    0000004c     msprf24.obj (.text:r_reg)
                  00008b88    0000004c     sysbios.aem4f : BIOS.obj (.text:ti_sysbios_family_arm_msp432_Timer_start__E)
                  00008bd4    00000004     ti.uia.loggers.aem4f : LoggerStopMode.oem4f (.text:ti_uia_loggers_LoggerStopMode_getContents__E)
                  00008bd8    0000004c     sysbios.aem4f : BIOS.obj (.text:ti_sysbios_heaps_HeapMem_getStats__E)
                  00008c24    00000004     drone_pepesteam_pem4f.oem4f (.text:ti_uia_loggers_LoggerStopMode_getFilterLevel__E)
                  00008c28    0000004c     sysbios.aem4f : BIOS.obj (.text:ti_sysbios_knl_Swi_runLoop__I)
                  00008c74    00000004     ti.uia.loggers.aem4f : LoggerStopMode.oem4f (.text:ti_uia_loggers_LoggerStopMode_getInstanceId__E)
                  00008c78    0000004c     sysbios.aem4f : BIOS.obj (.text:ti_sysbios_knl_Task_allBlockedFunction__I)
                  00008cc4    0000004c     ti.uia.loggers.aem4f : LoggerStopMode.oem4f (.text:ti_uia_loggers_LoggerStopMode_Module_startup__E)
                  00008d10    0000004c     msprf24.obj (.text:w_reg)
                  00008d5c    0000004a     drivers_MSP432P401R.aem4f : SPIMSP432DMA.oem4f (.text:initHw)
                  00008da6    00000002     --HOLE-- [fill = 0]
                  00008da8    00000048     msp432p4xx_driverlib.lib : dma.o (.text:DMA_assignInterrupt)
                  00008df0    00000048                              : gpio.o (.text:GPIO_setAsPeripheralModuleFunctionInputPin)
                  00008e38    00000048                              : timer_a.o (.text:Timer_A_generatePWM)
                  00008e80    00000048     sysbios.aem4f : BIOS.obj (.text:ti_sysbios_family_arm_m3_Hwi_disableInterrupt__E)
                  00008ec8    00000048                   : BIOS.obj (.text:ti_sysbios_family_arm_m3_Hwi_enableInterrupt__E)
                  00008f10    00000048                   : BIOS.obj (.text:ti_sysbios_family_arm_m3_Hwi_excReserved__I)
                  00008f58    00000048                   : BIOS.obj (.text:ti_sysbios_family_arm_m3_Timer_initDevice__I)
                  00008fa0    00000048                   : BIOS.obj (.text:ti_sysbios_family_arm_m3_Timer_setPeriod__E)
                  00008fe8    00000046     ti.targets.arm.rtsarm.aem4f : Core-params.oem4f (.text:xdc_runtime_Core_assignParams__I)
                  0000902e    00000002     --HOLE-- [fill = 0]
                  00009030    00000044     drivers_MSP432P401R.aem4f : PowerMSP432.oem4f (.text:Power_init)
                  00009074    00000004     ti.uia.loggers.aem4f : LoggerStopMode.oem4f (.text:ti_uia_loggers_LoggerStopMode_getMaxLength__E)
                  00009078    00000044     sysbios.aem4f : BIOS.obj (.text:ti_sysbios_family_arm_m3_Hwi_getStackInfo__E)
                  000090bc    00000004     ti.uia.loggers.aem4f : LoggerStopMode.oem4f (.text:ti_uia_loggers_LoggerStopMode_getPriority__E)
                  000090c0    00000044     sysbios.aem4f : BIOS.obj (.text:ti_sysbios_knl_Swi_post__E)
                  00009104    00000044     ti.uia.loggers.aem4f : LoggerStopMode.oem4f (.text:ti_uia_loggers_LoggerStopMode_initBuffer__I)
                  00009148    00000044     ti.targets.arm.rtsarm.aem4f : Error.oem4f (.text:xdc_runtime_Error_setX__E)
                  0000918c    00000044                                 : SysMin.oem4f (.text:xdc_runtime_SysMin_flush__E)
                  000091d0    00000044                                 : Text.oem4f (.text:xdc_runtime_Text_xprintf__I)
                  00009214    00000042     drivers_MSP432P401R.aem4f : I2CMSP432.oem4f (.text:completeTransfer)
                  00009256    00000002     --HOLE-- [fill = 0]
                  00009258    00000040     msp432p4xx_driverlib.lib : flash.o (.text:FlashCtl_disableReadBuffering)
                  00009298    00000040                              : i2c.o (.text:I2C_masterSendMultiByteFinish)
                  000092d8    00000040     main.obj (.text:IRQHandler)
                  00009318    00000040     msp432p4xx_driverlib.lib : pmap.o (.text:PMAP_configurePorts)
                  00009358    00000040     drivers_MSP432P401R.aem4f : PWMTimerMSP432.oem4f (.text:PWMTimerMSP432_start)
                  00009398    00000040                               : UDMAMSP432.oem4f (.text:UDMAMSP432_init)
                  000093d8    00000040     msprf24.obj (.text:msprf24_enable_feature)
                  00009418    00000040     msprf24.obj (.text:msprf24_rx_pending)
                  00009458    00000040     drivers_MSP432P401R.aem4f : PowerMSP432.oem4f (.text:notify)
                  00009498    00000040     rtsv7M4_T_le_v4SPD16_eabi.lib : u_divt2.asm.obj (.text)
                  000094d8    00000040     sysbios.aem4f : BIOS.obj (.text:ti_sysbios_family_arm_msp432_Timer_startup__E)
                  00009518    0000003e     msp432p4xx_driverlib.lib : i2c.o (.text:I2C_initMaster)
                  00009556    0000003c     mpu9250.obj (.text:AK8963init)
                  00009592    00000002     --HOLE-- [fill = 0]
                  00009594    0000003c     msp432p4xx_driverlib.lib : dma.o (.text:DMA_enableInterrupt)
                  000095d0    0000003c     power_tirtos_MSP432P401R.aem4f : PowerMSP432_tirtos.oem4f (.text:PowerMSP432_sleepPolicy)
                  0000960c    0000003c     drivers_MSP432P401R.aem4f : PWMTimerMSP432.oem4f (.text:getPeriodCounts)
                  00009648    0000003c     sysbios.aem4f : BIOS.obj (.text:ti_sysbios_family_arm_m3_Hwi_excSvCall__I)
                  00009684    00000004     ti.uia.loggers.aem4f : LoggerStopMode.oem4f (.text:ti_uia_loggers_LoggerStopMode_getTransferType__E)
                  00009688    0000003c     sysbios.aem4f : BIOS.obj (.text:ti_sysbios_heaps_HeapMem_init__I)
                  000096c4    00000004     ti.targets.arm.rtsarm.aem4f : Error.oem4f (.text:xdc_runtime_Error_getSite__E)
                  000096c8    0000003c     sysbios.aem4f : BIOS.obj (.text:ti_sysbios_knl_Swi_restore__E)
                  00009704    0000003a     drivers_MSP432P401R.aem4f : SPIMSP432DMA.oem4f (.text:SPIMSP432DMA_hwiFxn)
                  0000973e    0000003a     mpu9250.obj (.text:mpu_I2c_CheckMag)
                  00009778    0000003a     nRF24L01_SPI.obj (.text:spi_transfer)
                  000097b2    00000002     --HOLE-- [fill = 0]
                  000097b4    00000038     drivers_MSP432P401R.aem4f : I2C.oem4f (.text:I2C_init)
                  000097ec    00000038                               : PWM.oem4f (.text:PWM_init)
                  00009824    00000038                               : SPI.oem4f (.text:SPI_init)
                  0000985c    00000038     rtsv7M4_T_le_v4SPD16_eabi.lib : trgmsg.c.obj (.text:__TI_writemsg)
                  00009894    00000038     drivers_MSP432P401R.aem4f : PWMTimerMSP432.oem4f (.text:getDutyCounts)
                  000098cc    00000038                               : I2CMSP432.oem4f (.text:perfChangeNotifyFxn)
                  00009904    00000038     rtsv7M4_T_le_v4SPD16_eabi.lib : fs_tod_t2.asm.obj (.text)
                  0000993c    00000004     drone_pepesteam_pem4f.oem4f (.text:xdc_runtime_System_Module_GateProxy_enter__E)
                  00009940    00000038     sysbios.aem4f : BIOS.obj (.text:ti_sysbios_family_arm_m3_Hwi_excNoIsr__I)
                  00009978    00000038                   : BIOS.obj (.text:ti_sysbios_knl_Task_processVitalTaskFlag__I)
                  000099b0    00000038     ti.targets.arm.rtsarm.aem4f : SysMin.oem4f (.text:xdc_runtime_SysMin_putch__E)
                  000099e8    00000038                                 : System.oem4f (.text:xdc_runtime_System_atexit__E)
                  00009a20    00000034     msp432p4xx_driverlib.lib : flash.o (.text:FlashCtl_enableReadBuffering)
                  00009a54    00000034     rtsv7M4_T_le_v4SPD16_eabi.lib : trgmsg.c.obj (.text:__TI_readmsg)
                  00009a88    00000034     mpu9250.obj (.text:getMres)
                  00009abc    00000034     mpu9250.obj (.text:mpu_I2c_ReadAndClearMagStatusRegister)
                  00009af0    00000034     msprf24.obj (.text:msprf24_set_speed_power)
                  00009b24    00000034     msprf24.obj (.text:msprf24_standby)
                  00009b58    00000034     drone_pepesteam_pem4f.oem4f (.text:ti_sysbios_BIOS_startFunc__I)
                  00009b8c    00000004     drone_pepesteam_pem4f.oem4f (.text:xdc_runtime_System_Module_GateProxy_leave__E)
                  00009b90    00000034     sysbios.aem4f : BIOS.obj (.text:ti_sysbios_family_arm_m3_Hwi_Instance_finalize__E)
                  00009bc4    00000004     ti.targets.arm.rtsarm.aem4f : System.oem4f (.text:xdc_runtime_System_aprintf_va__F)
                  00009bc8    00000034     sysbios.aem4f : BIOS.obj (.text:ti_sysbios_family_arm_m3_Hwi_excNmi__I)
                  00009bfc    00000004     ti.targets.arm.rtsarm.aem4f : System.oem4f (.text:xdc_runtime_System_printf_va__F)
                  00009c00    00000034     sysbios.aem4f : BIOS.obj (.text:ti_sysbios_family_arm_m3_Timer_periodicStub__I)
                  00009c34    00000004     --HOLE-- [fill = 0]
                  00009c38    00000034                   : BIOS.obj (.text:ti_sysbios_hal_Hwi_checkStack)
                  00009c6c    00000034     ti.uia.loggers.aem4f : LoggerStopMode.oem4f (.text:ti_uia_loggers_LoggerStopMode_reset__E)
                  00009ca0    00000034     ti.targets.arm.rtsarm.aem4f : Core-label.oem4f (.text:xdc_runtime_Core_assignLabel__I)
                  00009cd4    00000033                                 : Text.oem4f (.text:xdc_runtime_Text_printVisFxn__I)
                  00009d07    00000001     --HOLE-- [fill = 0]
                  00009d08    00000032     msp432p4xx_driverlib.lib : spi.o (.text:SPI_initSlave)
                  00009d3a    00000032     mpu9250.obj (.text:readRegister)
                  00009d6c    00000032     mpu9250.obj (.text:readRegisters)
                  00009d9e    00000002     --HOLE-- [fill = 0]
                  00009da0    00000032     sysbios.aem4f : BIOS.obj (.text:ti_sysbios_hal_Hwi_initStack)
                  00009dd2    00000002     --HOLE-- [fill = 0]
                  00009dd4    00000030     msp432p4xx_driverlib.lib : gpio.o (.text:GPIO_getEnabledInterruptStatus)
                  00009e04    00000030                              : gpio.o (.text:GPIO_setAsInputPinWithPullDownResistor)
                  00009e34    00000030                              : gpio.o (.text:GPIO_setAsInputPinWithPullUpResistor)
                  00009e64    00000030     drivers_MSP432P401R.aem4f : I2C.oem4f (.text:I2C_open)
                  00009e94    00000030     MSP_EXP432P401R.obj (.text:MSP_EXP432P401R_initPWM)
                  00009ec4    00000030     MSP_EXP432P401R.obj (.text:MSP_EXP432P401R_initSPI)
                  00009ef4    00000030     drivers_MSP432P401R.aem4f : PWM.oem4f (.text:PWM_open)
                  00009f24    00000030                               : SPI.oem4f (.text:SPI_open)
                  00009f54    00000030     msp432p4xx_driverlib.lib : spi.o (.text:is_A_Module)
                  00009f84    00000030     msprf24.obj (.text:msprf24_set_config)
                  00009fb4    00000030     drone_pepesteam_pem4f.oem4f (.text:ti_sysbios_BIOS_atExitFunc__I)
                  00009fe4    00000004     --HOLE-- [fill = 0]
                  00009fe8    00000030     sysbios.aem4f : BIOS.obj (.text:ti_sysbios_family_arm_m3_TaskSupport_start__E)
                  0000a018    00000030                   : BIOS.obj (.text:ti_sysbios_family_arm_msp432_Timer_setPeriod__E)
                  0000a048    00000030     drone_pepesteam_pem4f.oem4f (.text:ti_sysbios_gates_GateHwi_Object__create__S)
                  0000a078    00000030     drone_pepesteam_pem4f.oem4f (.text:ti_sysbios_gates_GateMutex_Object__create__S)
                  0000a0a8    00000030     drone_pepesteam_pem4f.oem4f (.text:ti_sysbios_heaps_HeapMem_Object__create__S)
                  0000a0d8    00000030     drone_pepesteam_pem4f.oem4f (.text:ti_sysbios_knl_Semaphore_construct)
                  0000a108    00000030     sysbios.aem4f : BIOS.obj (.text:ti_sysbios_knl_Semaphore_pendTimeout__I)
                  0000a138    00000030                   : BIOS.obj (.text:ti_sysbios_knl_Task_unblockI__E)
                  0000a168    00000030                   : BIOS.obj (.text:ti_sysbios_utils_Load_updateCurrentThreadTime__E)
                  0000a198    00000030     drone_pepesteam_pem4f.oem4f (.text:ti_uia_loggers_LoggerStopMode_Object__create__S)
                  0000a1c8    00000030     ti.targets.arm.rtsarm.aem4f : SysMin.oem4f (.text:xdc_runtime_SysMin_abort__E)
                  0000a1f8    00000030                                 : System.oem4f (.text:xdc_runtime_System_processAtExit__E)
                  0000a228    0000002c     msp432p4xx_driverlib.lib : gpio.o (.text:GPIO_setAsInputPin)
                  0000a254    0000002c                              : pcm.o (.text:PCM_getCoreVoltageLevel)
                  0000a280    0000002c     power_tirtos_MSP432P401R.aem4f : PowerMSP432_tirtos.oem4f (.text:PowerMSP432_updateFreqs)
                  0000a2ac    0000002c     drivers_MSP432P401R.aem4f : PowerMSP432.oem4f (.text:Power_releaseConstraint)
                  0000a2d8    0000002c                               : PowerMSP432.oem4f (.text:Power_setConstraint)
                  0000a304    0000002c     msprf24.obj (.text:msprf24_set_address_width)
                  0000a330    0000002c     drone_pepesteam_pem4f.oem4f (.text:ti_sysbios_knl_Clock_doTick__I)
                  0000a35c    0000002c     drone_pepesteam_pem4f.oem4f (.text:ti_sysbios_knl_Queue_construct)
                  0000a388    0000002c     sysbios.aem4f : BIOS.obj (.text:ti_sysbios_knl_Task_restore__E)
                  0000a3b4    0000002c     ti.targets.arm.rtsarm.aem4f : Text.oem4f (.text:xdc_runtime_Text_cordText__E)
                  0000a3e0    0000002a     msp432p4xx_driverlib.lib : pcm.o (.text:PCM_getPowerMode)
                  0000a40a    0000002a     msprf24.obj (.text:msprf24_set_retransmit_count)
                  0000a434    0000002a     drivers_MSP432P401R.aem4f : SPIMSP432DMA.oem4f (.text:perfChangeNotifyFxn)
                  0000a45e    0000002a     ti.targets.arm.rtsarm.aem4f : System.oem4f (.text:xdc_runtime_System_putchar__I)
                  0000a488    00000028     msp432p4xx_driverlib.lib : flash.o (.text:FlashCtl_setWaitState)
                  0000a4b0    00000028     drivers_MSP432P401R.aem4f : GPIOMSP432.oem4f (.text:GPIO_clearInt)
                  0000a4d8    00000028                               : GPIOMSP432.oem4f (.text:GPIO_enableInt)
                  0000a500    00000028     msp432p4xx_driverlib.lib : pcm.o (.text:PCM_gotoLPM0)
                  0000a528    00000028     mpu9250.obj (.text:init_struct)
                  0000a550    00000028     sysbios.aem4f : BIOS.obj (.text:ti_sysbios_knl_Clock_addI__E)
                  0000a578    00000028                   : BIOS.obj (.text:ti_sysbios_knl_Swi_Module_startup__E)
                  0000a5a0    00000026     drivers_MSP432P401R.aem4f : List.oem4f (.text:List_put)
                  0000a5c6    00000026     msprf24.obj (.text:msprf24_is_alive)
                  0000a5ec    00000026     sysbios.aem4f : m3_Hwi_asm.obj (.text:ti_sysbios_family_arm_m3_Hwi_pendSV__I)
                  0000a612    00000026     ti.targets.arm.rtsarm.aem4f : System.oem4f (.text:xdc_runtime_System_avprintf__E)
                  0000a638    00000024     msp432p4xx_driverlib.lib : cs.o (.text:CS_setDCOCenteredFrequency)
                  0000a65c    00000024                              : dma.o (.text:DMA_setChannelControl)
                  0000a680    00000024                              : gpio.o (.text:GPIO_setAsOutputPin)
                  0000a6a4    00000024                              : i2c.o (.text:I2C_masterSendMultiByteNext)
                  0000a6c8    00000024                              : rtc_c.o (.text:RTC_C_holdClock)
                  0000a6ec    00000024                              : rtc_c.o (.text:RTC_C_startClock)
                  0000a710    00000024     msprf24.obj (.text:flush_rx)
                  0000a734    00000024     msprf24.obj (.text:flush_tx)
                  0000a758    00000024     msprf24.obj (.text:msprf24_set_channel)
                  0000a77c    00000024     drone_pepesteam_pem4f.oem4f (.text:ti_sysbios_BIOS_errorRaiseHook__I)
                  0000a7a0    00000024     drone_pepesteam_pem4f.oem4f (.text:ti_sysbios_BIOS_registerRTSLock__I)
                  0000a7c4    00000024     drone_pepesteam_pem4f.oem4f (.text:ti_sysbios_BIOS_removeRTSLock__I)
                  0000a7e8    00000024     sysbios.aem4f : BIOS.obj (.text:ti_sysbios_family_arm_m3_Timer_Module_startup__E)
                  0000a80c    00000004     --HOLE-- [fill = 0]
                  0000a810    00000024                   : BIOS.obj (.text:ti_sysbios_family_arm_m3_Timer_postInit__I)
                  0000a834    00000004     --HOLE-- [fill = 0]
                  0000a838    00000024                   : BIOS.obj (.text:ti_sysbios_family_arm_m3_Timer_startup__E)
                  0000a85c    00000004     --HOLE-- [fill = 0]
                  0000a860    00000024                   : BIOS.obj (.text:ti_sysbios_family_arm_msp432_ClockFreqs_setFrequency__E)
                  0000a884    00000024     drone_pepesteam_pem4f.oem4f (.text:ti_sysbios_gates_GateMutex_Object__delete__S)
                  0000a8a8    00000024     sysbios.aem4f : BIOS.obj (.text:ti_sysbios_knl_Clock_Module_startup__E)
                  0000a8cc    00000004     --HOLE-- [fill = 0]
                  0000a8d0    00000024                   : BIOS.obj (.text:ti_sysbios_knl_Task_restoreHwi__E)
                  0000a8f4    00000004     --HOLE-- [fill = 0]
                  0000a8f8    00000024                   : BIOS.obj (.text:ti_sysbios_utils_Load_updateThreadContexts__E)
                  0000a91c    00000024     ti.targets.arm.rtsarm.aem4f : System.oem4f (.text:xdc_runtime_System_vprintf__E)
                  0000a940    00000022     drone_pepesteam_pem4f.oem4f (.text:xdc_runtime_SysMin_output__I)
                  0000a962    00000002     --HOLE-- [fill = 0]
                  0000a964    00000020     msp432p4xx_driverlib.lib : gpio.o (.text:GPIO_interruptEdgeSelect)
                  0000a984    00000020     drivers_MSP432P401R.aem4f : PowerMSP432.oem4f (.text:PowerMSP432_getFreqs)
                  0000a9a4    00000020                               : PowerMSP432.oem4f (.text:Power_unregisterNotify)
                  0000a9c4    00000020                               : UDMAMSP432.oem4f (.text:UDMAMSP432_close)
                  0000a9e4    00000020     rtsv7M4_T_le_v4SPD16_eabi.lib : u_tofd_t2.asm.obj (.text)
                  0000aa04    00000020     drone_pepesteam_pem4f.oem4f (.text:ti_sysbios_BIOS_rtsLock__I)
                  0000aa24    00000020     sysbios.aem4f : m3_Hwi_asm.obj (.text:ti_sysbios_family_arm_m3_Hwi_excHandlerAsm__I)
                  0000aa44    00000004     --HOLE-- [fill = 0]
                  0000aa48    00000020                   : BIOS.obj (.text:ti_sysbios_family_arm_m3_Hwi_excHandler__I)
                  0000aa68    00000020                   : BIOS.obj (.text:ti_sysbios_family_arm_m3_TimestampProvider_Module_startup__E)
                  0000aa88    00000020     drone_pepesteam_pem4f.oem4f (.text:ti_sysbios_gates_GateHwi_Object__delete__S)
                  0000aaa8    00000020     drone_pepesteam_pem4f.oem4f (.text:ti_sysbios_heaps_HeapMem_Object__delete__S)
                  0000aac8    00000020     sysbios.aem4f : BIOS.obj (.text:ti_sysbios_knl_Idle_run__E)
                  0000aae8    00000020     drone_pepesteam_pem4f.oem4f (.text:ti_sysbios_knl_Semaphore_Object__destruct__S)
                  0000ab08    00000020     drone_pepesteam_pem4f.oem4f (.text:ti_uia_loggers_LoggerStopMode_Object__delete__S)
                  0000ab28    00000020     ti.targets.arm.rtsarm.aem4f : Registry.oem4f (.text:xdc_runtime_Registry_findById__E)
                  0000ab48    00000020                                 : SysMin.oem4f (.text:xdc_runtime_SysMin_Module_startup__E)
                  0000ab68    0000001e     drivers_MSP432P401R.aem4f : PWMTimerMSP432.oem4f (.text:corroboratePeriod)
                  0000ab86    0000001e     msprf24.obj (.text:msprf24_activate_rx)
                  0000aba4    0000001e     sysbios.aem4f : m3_Hwi_asm_switch.obj (.text:ti_sysbios_family_xxx_Hwi_switchAndRunFunc)
                  0000abc2    00000002     --HOLE-- [fill = 0]
                  0000abc4    0000001c     msp432p4xx_driverlib.lib : pcm.o (.text:PCM_enableRudeMode)
                  0000abe0    0000001c     drivers_MSP432P401R.aem4f : PowerMSP432.oem4f (.text:Power_registerNotify)
                  0000abfc    0000001c     msprf24.obj (.text:msprf24_close_pipe_all)
                  0000ac18    0000001c     drone_pepesteam_pem4f.oem4f (.text:ti_sysbios_family_arm_m3_Hwi_Object__destruct__S)
                  0000ac34    00000004     --HOLE-- [fill = 0]
                  0000ac38    0000001c     sysbios.aem4f : BIOS.obj (.text:ti_sysbios_family_arm_m3_Timer_stop__E)
                  0000ac54    00000004     --HOLE-- [fill = 0]
                  0000ac58    0000001c                   : BIOS.obj (.text:ti_sysbios_gates_GateMutex_Instance_init__E)
                  0000ac74    0000001c     drone_pepesteam_pem4f.oem4f (.text:ti_sysbios_knl_Queue_Object__destruct__S)
                  0000ac90    0000001c     sysbios.aem4f : BIOS.obj (.text:ti_sysbios_knl_Queue_put__E)
                  0000acac    00000004     --HOLE-- [fill = 0]
                  0000acb0    0000001c                   : BIOS.obj (.text:ti_sysbios_knl_Task_enter__I)
                  0000accc    0000001c     ti.uia.loggers.aem4f : LoggerStopMode.oem4f (.text:ti_uia_loggers_LoggerStopMode_Instance_init__E)
                  0000ace8    0000001c     ti.targets.arm.rtsarm.aem4f : Error.oem4f (.text:xdc_runtime_Error_raiseX__E)
                  0000ad04    0000001c                                 : Memory.oem4f (.text:xdc_runtime_Memory_valloc__E)
                  0000ad20    0000001c                                 : SysMin.oem4f (.text:xdc_runtime_SysMin_exit__E)
                  0000ad3c    0000001c                                 : System.oem4f (.text:xdc_runtime_System_abort__E)
                  0000ad58    0000001a     drivers_MSP432P401R.aem4f : List.oem4f (.text:List_remove)
                  0000ad72    0000001a     msp432p4xx_driverlib.lib : spi.o (.text:SPI_disableModule)
                  0000ad8c    0000001a                              : spi.o (.text:SPI_enableModule)
                  0000ada6    0000001a                              : spi.o (.text:SPI_getReceiveBufferAddressForDMA)
                  0000adc0    0000001a                              : spi.o (.text:SPI_getTransmitBufferAddressForDMA)
                  0000adda    0000001a     drone_pepesteam_pem4f.oem4f (.text:ti_sysbios_family_arm_m3_Hwi_Handle__label__S)
                  0000adf4    0000001a     drone_pepesteam_pem4f.oem4f (.text:ti_sysbios_gates_GateHwi_Handle__label__S)
                  0000ae0e    0000001a     drone_pepesteam_pem4f.oem4f (.text:ti_sysbios_gates_GateMutex_Handle__label__S)
                  0000ae28    0000001a     drone_pepesteam_pem4f.oem4f (.text:ti_sysbios_heaps_HeapMem_Handle__label__S)
                  0000ae42    0000001a     drone_pepesteam_pem4f.oem4f (.text:ti_sysbios_knl_Swi_Handle__label__S)
                  0000ae5c    0000001a     drone_pepesteam_pem4f.oem4f (.text:ti_sysbios_knl_Task_Handle__label__S)
                  0000ae76    0000001a     drone_pepesteam_pem4f.oem4f (.text:ti_uia_loggers_LoggerStopMode_Handle__label__S)
                  0000ae90    0000001a     drone_pepesteam_pem4f.oem4f (.text:xdc_runtime_System_aprintf__E)
                  0000aeaa    0000001a     drone_pepesteam_pem4f.oem4f (.text:xdc_runtime_System_printf__E)
                  0000aec4    00000018     msp432p4xx_driverlib.lib : dma.o (.text:DMA_clearInterruptFlag)
                  0000aedc    00000018                              : dma.o (.text:DMA_enableChannel)
                  0000aef4    00000018                              : dma.o (.text:DMA_isChannelEnabled)
                  0000af0c    00000018                              : gpio.o (.text:GPIO_clearInterruptFlag)
                  0000af24    00000018                              : gpio.o (.text:GPIO_setDriveStrengthLow)
                  0000af3c    00000018                              : gpio.o (.text:GPIO_setOutputLowOnPin)
                  0000af54    00000018                              : i2c.o (.text:I2C_masterIsStartSent)
                  0000af6c    00000018     drivers_MSP432P401R.aem4f : SPIMSP432DMA.oem4f (.text:SPIMSP432DMA_transferCancel)
                  0000af84    00000018     msp432p4xx_driverlib.lib : wdt_a.o (.text:WDT_A_holdTimer)
                  0000af9c    00000018     rtsv7M4_T_le_v4SPD16_eabi.lib : args_main.c.obj (.text:_args_main)
                  0000afb4    00000018     drivers_MSP432P401R.aem4f : PWMTimerMSP432.oem4f (.text:corroborateDuty)
                  0000afcc    00000018     drone_pepesteam_pem4f.oem4f (.text:ti_sysbios_BIOS_rtsUnlock__I)
                  0000afe4    00000018     drone_pepesteam_pem4f.oem4f (.text:ti_sysbios_family_arm_m3_Hwi_Module__startupDone__F)
                  0000affc    00000018     sysbios.aem4f : m3_TaskSupport_asm.obj (.text:ti_sysbios_family_arm_m3_TaskSupport_swap__E)
                  0000b014    00000018     drone_pepesteam_pem4f.oem4f (.text:ti_sysbios_family_arm_msp432_Timer_Module__startupDone__F)
                  0000b02c    00000004     --HOLE-- [fill = 0]
                  0000b030    00000018     sysbios.aem4f : BIOS.obj (.text:ti_sysbios_gates_GateMutex_leave__E)
                  0000b048    00000018                   : BIOS.obj (.text:ti_sysbios_knl_Task_sleepTimeout__I)
                  0000b060    00000018     ti.targets.arm.rtsarm.aem4f : Error.oem4f (.text:xdc_runtime_Error_check__E)
                  0000b078    00000018                                 : System.oem4f (.text:xdc_runtime_System_exit__E)
                  0000b090    00000018                                 : Text.oem4f (.text:xdc_runtime_Text_ropeText__E)
                  0000b0a8    00000016     tirtosport.aem4f : HwiP_tirtos.oem4f (.text:HwiP_delete)
                  0000b0be    00000016                      : SemaphoreP_tirtos.oem4f (.text:SemaphoreP_delete)
                  0000b0d4    00000016     msprf24.obj (.text:msprf24_powerdown)
                  0000b0ea    00000016     drone_pepesteam_pem4f.oem4f (.text:ti_sysbios_BIOS_exitFunc__I)
                  0000b100    00000016     main.obj (.text:ti_sysbios_knl_Semaphore_Params_init)
                  0000b116    00000016     ti.uia.loggers.aem4f : LoggerStopMode.oem4f (.text:ti_uia_loggers_LoggerStopMode_disable__E)
                  0000b12c    00000016                          : LoggerStopMode.oem4f (.text:ti_uia_loggers_LoggerStopMode_enable__E)
                  0000b142    00000002     --HOLE-- [fill = 0]
                  0000b144    00000014     msp432p4xx_driverlib.lib : gpio.o (.text:GPIO_enableInterrupt)
                  0000b158    00000014                              : gpio.o (.text:GPIO_setDriveStrengthHigh)
                  0000b16c    00000014                              : gpio.o (.text:GPIO_setOutputHighOnPin)
                  0000b180    00000014     drivers_MSP432P401R.aem4f : PWM.oem4f (.text:PWM_Params_init)
                  0000b194    00000014                               : PowerMSP432.oem4f (.text:Power_idleFunc)
                  0000b1a8    00000014                               : SPI.oem4f (.text:SPI_Params_init)
                  0000b1bc    00000014     msp432p4xx_driverlib.lib : wdt_a.o (.text:WDT_A_startTimer)
                  0000b1d0    00000014     rtsv7M4_T_le_v4SPD16_eabi.lib : strlen.c.obj (.text:strlen)
                  0000b1e4    00000014     drone_pepesteam_pem4f.oem4f (.text:ti_sysbios_family_arm_m3_Hwi_Object__get__S)
                  0000b1f8    00000014     sysbios.aem4f : BIOS.obj (.text:ti_sysbios_family_arm_m3_Hwi_switchFromBootStack__E)
                  0000b20c    00000014     drone_pepesteam_pem4f.oem4f (.text:ti_sysbios_heaps_HeapMem_Object__get__S)
                  0000b220    00000014     drone_pepesteam_pem4f.oem4f (.text:ti_sysbios_knl_Swi_Object__get__S)
                  0000b234    00000012     MSP_EXP432P401R.obj (.text:MSP_EXP432P401R_initI2C)
                  0000b246    00000012     tirtosport.aem4f : SemaphoreP_tirtos.oem4f (.text:SemaphoreP_pend)
                  0000b258    00000012     sysbios.aem4f : BIOS.obj (.text:ti_sysbios_hal_Hwi_Module_startup__E)
                  0000b26a    00000012     drone_pepesteam_pem4f.oem4f (.text:xdc_runtime_Startup_exec__I)
                  0000b27c    00000010     msp432p4xx_driverlib.lib : dma.o (.text:DMA_clearErrorStatus)
                  0000b28c    00000010                              : dma.o (.text:DMA_enableModule)
                  0000b29c    00000010                              : gpio.o (.text:GPIO_getInterruptStatus)
                  0000b2ac    00000010     drivers_MSP432P401R.aem4f : I2C.oem4f (.text:I2C_Params_init)
                  0000b2bc    00000010     msp432p4xx_driverlib.lib : i2c.o (.text:I2C_masterReceiveMultiByteStop)
                  0000b2cc    00000010                              : i2c.o (.text:I2C_masterReceiveStart)
                  0000b2dc    00000010                              : i2c.o (.text:I2C_masterSendStart)
                  0000b2ec    00000010                              : interrupt.o (.text:Interrupt_enableMaster)
                  0000b2fc    00000010                              : pcm.o (.text:PCM_gotoLPM4)
                  0000b30c    00000010     msprf24.obj (.text:_msprf24_crc_mask)
                  0000b31c    00000010     MSP_EXP432P401R.obj (.text:dmaErrorHwi)
                  0000b32c    00000004     --HOLE-- [fill = 0]
                  0000b330    00000010     sysbios.aem4f : BIOS.obj (.text:ti_sysbios_BIOS_getCpuFreq__E)
                  0000b340    00000010                   : BIOS.obj (.text:ti_sysbios_BIOS_setCpuFreq__E)
                  0000b350    00000010                   : BIOS.obj (.text:ti_sysbios_BIOS_setThreadType__E)
                  0000b360    00000010                   : BIOS.obj (.text:ti_sysbios_BIOS_start__E)
                  0000b370    00000010                   : m3_TaskSupport_asm.obj (.text:ti_sysbios_family_arm_m3_TaskSupport_glue)
                  0000b380    00000010                   : BIOS.obj (.text:ti_sysbios_family_arm_msp432_init_Boot_disableWatchdog)
                  0000b390    00000010                   : BIOS.obj (.text:ti_sysbios_gates_GateMutex_Instance_finalize__E)
                  0000b3a0    00000010                   : BIOS.obj (.text:ti_sysbios_knl_Semaphore_Instance_finalize__E)
                  0000b3b0    00000010                   : BIOS.obj (.text:ti_sysbios_knl_Swi_disable__E)
                  0000b3c0    00000010     drone_pepesteam_pem4f.oem4f (.text:ti_sysbios_knl_Task_Object__get__S)
                  0000b3d0    00000010     sysbios.aem4f : BIOS.obj (.text:ti_sysbios_knl_Task_disable__E)
                  0000b3e0    00000010     drone_pepesteam_pem4f.oem4f (.text:ti_uia_loggers_LoggerStopMode_Object__get__S)
                  0000b3f0    00000010     ti.uia.loggers.aem4f : LoggerStopMode.oem4f (.text:ti_uia_loggers_LoggerStopMode_isEmpty__E)
                  0000b400    00000010     ti.targets.arm.rtsarm.aem4f : Gate.oem4f (.text:xdc_runtime_Gate_leaveSystem__E)
                  0000b410    00000010                                 : Memory.oem4f (.text:xdc_runtime_Memory_free__E)
                  0000b420    00000010                                 : SysMin.oem4f (.text:xdc_runtime_SysMin_ready__E)
                  0000b430    00000010                                 : System.oem4f (.text:xdc_runtime_System_vsnprintf__E)
                  0000b440    00000010     drone_pepesteam_pem4f.oem4f (.text:xdc_runtime_Text_visitRope__I)
                  0000b450    0000000e     tirtosport.aem4f : HwiP_tirtos.oem4f (.text:HwiP_Params_init)
                  0000b45e    0000000e     msp432p4xx_driverlib.lib : i2c.o (.text:I2C_clearInterruptFlag)
                  0000b46c    0000000e                              : i2c.o (.text:I2C_disableInterrupt)
                  0000b47a    0000000e                              : i2c.o (.text:I2C_setMode)
                  0000b488    0000000e                              : timer_a.o (.text:Timer_A_setCompareValue)
                  0000b496    0000000e     rtsv7M4_T_le_v4SPD16_eabi.lib : copy_decompress_none.c.obj (.text:decompress:none:__TI_decompress_none)
                  0000b4a4    00000004     --HOLE-- [fill = 0]
                  0000b4a8    0000000e     sysbios.aem4f : BIOS.obj (.text:ti_sysbios_knl_Idle_loop__E)
                  0000b4b6    00000002     --HOLE-- [fill = 0]
                  0000b4b8    0000000e                   : BIOS.obj (.text:ti_sysbios_knl_Queue_empty__E)
                  0000b4c6    0000000c     drone_pepesteam_pem4f.oem4f (.text:.bootCodeSection:ti_sysbios_family_arm_msp432_init_Boot_init__I)
                  0000b4d2    0000000c     msprf24.obj (.text:CE_DIS)
                  0000b4de    0000000c     msprf24.obj (.text:CE_EN)
                  0000b4ea    0000000c     msp432p4xx_driverlib.lib : cpu.o (.text:CPU_cpsid)
                  0000b4f6    0000000c                              : cpu.o (.text:CPU_cpsie)
                  0000b502    0000000c     msprf24.obj (.text:CSN_DIS)
                  0000b50e    0000000c     msprf24.obj (.text:CSN_EN)
                  0000b51a    00000002     --HOLE-- [fill = 0]
                  0000b51c    0000000c     msp432p4xx_driverlib.lib : dma.o (.text:DMA_getErrorStatus)
                  0000b528    0000000c                              : dma.o (.text:DMA_setControlBase)
                  0000b534    0000000c                              : spi.o (.text:EUSCI_A_SPI_disable)
                  0000b540    0000000c                              : spi.o (.text:EUSCI_A_SPI_enable)
                  0000b54c    0000000c                              : spi.o (.text:EUSCI_B_SPI_disable)
                  0000b558    0000000c                              : spi.o (.text:EUSCI_B_SPI_enable)
                  0000b564    0000000c                              : i2c.o (.text:I2C_disableModule)
                  0000b570    0000000c                              : i2c.o (.text:I2C_enableModule)
                  0000b57c    0000000c                              : pcm.o (.text:PCM_getPowerState)
                  0000b588    0000000c     drivers_MSP432P401R.aem4f : PowerMSP432.oem4f (.text:Power_getConstraintMask)
                  0000b594    0000000c                               : PowerMSP432.oem4f (.text:Power_getPerformanceLevel)
                  0000b5a0    0000000c     msp432p4xx_driverlib.lib : timer_a.o (.text:Timer_A_stopTimer)
                  0000b5ac    0000000c     rtsv7M4_T_le_v4SPD16_eabi.lib : _lock.c.obj (.text:_register_lock)
                  0000b5b8    0000000c                                   : _lock.c.obj (.text:_register_unlock)
                  0000b5c4    0000000c                                   : copy_zero_init.c.obj (.text:decompress:ZI:__TI_zero_init)
                  0000b5d0    0000000c     drone_pepesteam_pem4f.oem4f (.text:ti_sysbios_family_arm_m3_Hwi_Params__init__S)
                  0000b5dc    00000004     --HOLE-- [fill = 0]
                  0000b5e0    0000000c     sysbios.aem4f : BIOS.obj (.text:ti_sysbios_family_arm_m3_Hwi_disableFxn__E)
                  0000b5ec    00000004     --HOLE-- [fill = 0]
                  0000b5f0    0000000c                   : BIOS.obj (.text:ti_sysbios_family_arm_m3_TaskSupport_checkStack__E)
                  0000b5fc    00000004     --HOLE-- [fill = 0]
                  0000b600    0000000c                   : BIOS.obj (.text:ti_sysbios_family_arm_m3_TimestampProvider_startTimer__E)
                  0000b60c    00000004     --HOLE-- [fill = 0]
                  0000b610    0000000c                   : BIOS.obj (.text:ti_sysbios_family_arm_msp432_Timer_getMaxTicks__E)
                  0000b61c    00000004     --HOLE-- [fill = 0]
                  0000b620    0000000c                   : BIOS.obj (.text:ti_sysbios_gates_GateHwi_enter__E)
                  0000b62c    00000004     --HOLE-- [fill = 0]
                  0000b630    0000000c                   : BIOS.obj (.text:ti_sysbios_knl_Clock_getTicks__E)
                  0000b63c    0000000c     drone_pepesteam_pem4f.oem4f (.text:ti_sysbios_knl_Queue_Object__get__S)
                  0000b648    0000000c     drone_pepesteam_pem4f.oem4f (.text:ti_sysbios_knl_Semaphore_Params__init__S)
                  0000b654    0000000c     main.obj (.text:ti_sysbios_knl_Semaphore_handle)
                  0000b660    0000000c     ti.targets.arm.rtsarm.aem4f : Error.oem4f (.text:xdc_runtime_Error_init__E)
                  0000b66c    0000000c                                 : Gate.oem4f (.text:xdc_runtime_Gate_enterSystem__E)
                  0000b678    0000000c                                 : Memory.oem4f (.text:xdc_runtime_Memory_calloc__E)
                  0000b684    0000000c                                 : Memory.oem4f (.text:xdc_runtime_Memory_getMaxDefaultTypeAlign__E)
                  0000b690    0000000c                                 : Startup.oem4f (.text:xdc_runtime_Startup_rtsDone__E)
                  0000b69c    0000000a     drivers_MSP432P401R.aem4f : I2CMSP432.oem4f (.text:I2CMSP432_init)
                  0000b6a6    0000000a                               : I2C.oem4f (.text:I2C_transfer)
                  0000b6b0    0000000a                               : PWM.oem4f (.text:PWM_setDuty)
                  0000b6ba    0000000a                               : PWM.oem4f (.text:PWM_start)
                  0000b6c4    0000000a                               : SPIMSP432DMA.oem4f (.text:SPIMSP432DMA_init)
                  0000b6ce    0000000a                               : SPI.oem4f (.text:SPI_transfer)
                  0000b6d8    0000000a     tirtosport.aem4f : SemaphoreP_tirtos.oem4f (.text:SemaphoreP_post)
                  0000b6e2    0000000a     msprf24.obj (.text:msprf24_queue_state)
                  0000b6ec    0000000a     drone_pepesteam_pem4f.oem4f (.text:xdc_runtime_IHeap_alloc)
                  0000b6f6    0000000a     drone_pepesteam_pem4f.oem4f (.text:xdc_runtime_IHeap_free)
                  0000b700    00000008     msp432p4xx_driverlib.lib : i2c.o (.text:I2C_enableInterrupt)
                  0000b708    00000008     MSP_EXP432P401R.obj (.text:MSP_EXP432P401R_initGPIO)
                  0000b710    00000008     MSP_EXP432P401R.obj (.text:MSP_EXP432P401R_initGeneral)
                  0000b718    00000008     msp432p4xx_driverlib.lib : pcm.o (.text:PCM_setPowerMode)
                  0000b720    00000008                              : pcm.o (.text:PCM_setPowerState)
                  0000b728    00000008     drivers_MSP432P401R.aem4f : PWMTimerMSP432.oem4f (.text:PWMTimerMSP432_init)
                  0000b730    00000008     tirtosport.aem4f : SemaphoreP_tirtos.oem4f (.text:SemaphoreP_Params_init)
                  0000b738    00000008     msp432p4xx_driverlib.lib : timer_a.o (.text:Timer_A_startCounter)
                  0000b740    00000008     rtsv7M4_T_le_v4SPD16_eabi.lib : errno.c.obj (.text:__aeabi_errno_addr)
                  0000b748    00000008     drivers_MSP432P401R.aem4f : I2CMSP432.oem4f (.text:blockingTransferCallback)
                  0000b750    00000008                               : SPIMSP432DMA.oem4f (.text:blockingTransferCallback)
                  0000b758    00000008     quaternionFilters.obj (.text:getQ)
                  0000b760    00000008     sysbios.aem4f : BIOS.obj (.text:ti_sysbios_family_arm_m3_Hwi_doSwiRestore__I)
                  0000b768    00000008                   : BIOS.obj (.text:ti_sysbios_family_arm_m3_Hwi_startup__E)
                  0000b770    00000006     msp432p4xx_driverlib.lib : i2c.o (.text:I2C_getInterruptStatus)
                  0000b776    00000006                              : i2c.o (.text:I2C_masterReceiveMultiByteNext)
                  0000b77c    00000006     drivers_MSP432P401R.aem4f : PWMTimerMSP432.oem4f (.text:PWMTimerMSP432_control)
                  0000b782    00000006                               : SPIMSP432DMA.oem4f (.text:SPIMSP432DMA_control)
                  0000b788    00000006     sysbios.aem4f : BIOS.obj (.text:ti_sysbios_family_arm_m3_Hwi_doTaskRestore__I)
                  0000b78e    00000002     --HOLE-- [fill = 0]
                  0000b790    00000006                   : BIOS.obj (.text:ti_sysbios_family_arm_m3_Hwi_restoreFxn__E)
                  0000b796    00000002     --HOLE-- [fill = 0]
                  0000b798    00000006                   : BIOS.obj (.text:ti_sysbios_gates_GateHwi_leave__E)
                  0000b79e    00000002     --HOLE-- [fill = 0]
                  0000b7a0    00000006                   : BIOS.obj (.text:ti_sysbios_heaps_HeapMem_isBlocking__E)
                  0000b7a6    00000002     --HOLE-- [fill = 0]
                  0000b7a8    00000006                   : BIOS.obj (.text:ti_sysbios_knl_Queue_Instance_init__E)
                  0000b7ae    00000002     --HOLE-- [fill = 0]
                  0000b7b0    00000006                   : BIOS.obj (.text:ti_sysbios_knl_Swi_startup__E)
                  0000b7b6    00000006     ti.targets.arm.rtsarm.aem4f : System.oem4f (.text:xdc_runtime_System_Module_startup__E)
                  0000b7bc    00000004     --HOLE-- [fill = 0]
                  0000b7c0    00000004     sysbios.aem4f : BIOS.obj (.text:ti_sysbios_gates_GateHwi_query__E)
                  0000b7c4    00000004     --HOLE-- [fill = 0]
                  0000b7c8    00000004                   : BIOS.obj (.text:ti_sysbios_gates_GateMutex_query__E)
                  0000b7cc    00000004     --HOLE-- [fill = 0]
                  0000b7d0    00000004                   : BIOS.obj (.text:ti_sysbios_knl_Task_startup__E)
                  0000b7d4    00000004     --HOLE-- [fill = 0]
                  0000b7d8    00000002                   : BIOS.obj (.text:ti_sysbios_BIOS_linkedWithIncorrectBootLibrary__E)
                  0000b7da    00000006     --HOLE-- [fill = 0]
                  0000b7e0    00000002                   : BIOS.obj (.text:ti_sysbios_family_arm_m3_TimestampProvider_rolloverFunc__E)
                  0000b7e2    00000006     --HOLE-- [fill = 0]
                  0000b7e8    00000002                   : BIOS.obj (.text:ti_sysbios_gates_GateHwi_Instance_init__E)
                  0000b7ea    00000006     --HOLE-- [fill = 0]
                  0000b7f0    00000002                   : BIOS.obj (.text:ti_sysbios_knl_Clock_logTick__E)

.const     0    0000b7f8    0000281a     
                  0000b7f8    00001f65     drone_pepesteam_pem4f.oem4f (.const:xdc_runtime_Text_charTab__A)
                  0000d75d    00000001     drone_pepesteam_pem4f.oem4f (.const:xdc_runtime_Error_policy__C)
                  0000d75e    000000fc     drone_pepesteam_pem4f.oem4f (.const:xdc_runtime_Text_nodeTab__A)
                  0000d85a    00000002     drone_pepesteam_pem4f.oem4f (.const:ti_sysbios_family_arm_m3_Hwi_Module__id__C)
                  0000d85c    00000004     drone_pepesteam_pem4f.oem4f (.const:ti_sysbios_family_arm_m3_Hwi_E_NMI__C)
                  0000d860    00000098     rtsv7M4_T_le_v4SPD16_eabi.lib : s_atan.c.obj (.const:$O1$$)
                  0000d8f8    00000060     drone_pepesteam_pem4f.oem4f (.const:ti_uia_loggers_LoggerStopMode_Module__FXNS__C)
                  0000d958    00000048     drone_pepesteam_pem4f.oem4f (.const:.string)
                  0000d9a0    0000003c     MSP_EXP432P401R.obj (.const:PWM_config)
                  0000d9dc    00000030     MSP_EXP432P401R.obj (.const:pwmTimerMSP432HWAttrs)
                  0000da0c    00000030     MSP_EXP432P401R.obj (.const:spiMSP432DMAHWAttrs)
                  0000da3c    00000030     drone_pepesteam_pem4f.oem4f (.const:ti_sysbios_family_arm_m3_Hwi_Object__PARAMS__C)
                  0000da6c    0000002c     drone_pepesteam_pem4f.oem4f (.const:xdc_runtime_Startup_sfxnTab__A)
                  0000da98    00000028     drivers_MSP432P401R.aem4f : PWMTimerMSP432.oem4f (.const)
                  0000dac0    00000028                               : SPIMSP432DMA.oem4f (.const)
                  0000dae8    00000028     drone_pepesteam_pem4f.oem4f (.const:ti_sysbios_heaps_HeapMem_Module__FXNS__C)
                  0000db10    00000028     drone_pepesteam_pem4f.oem4f (.const:ti_uia_loggers_LoggerStopMode_Object__PARAMS__C)
                  0000db38    00000024     MSP_EXP432P401R.obj (.const:SPI_config)
                  0000db5c    00000024     drone_pepesteam_pem4f.oem4f (.const:ti_sysbios_gates_GateHwi_Module__FXNS__C)
                  0000db80    00000024     drone_pepesteam_pem4f.oem4f (.const:ti_sysbios_gates_GateMutex_Module__FXNS__C)
                  0000dba4    00000024     drone_pepesteam_pem4f.oem4f (.const:ti_sysbios_heaps_HeapMem_Object__PARAMS__C)
                  0000dbc8    00000024     drone_pepesteam_pem4f.oem4f (.const:ti_sysbios_knl_Semaphore_Object__PARAMS__C)
                  0000dbec    00000020     drivers_MSP432P401R.aem4f : I2CMSP432.oem4f (.const)
                  0000dc0c    00000020                               : SPI.oem4f (.const)
                  0000dc2c    00000020     drone_pepesteam_pem4f.oem4f (.const:ti_sysbios_family_arm_m3_Hwi_Object__DESC__C)
                  0000dc4c    00000020     drone_pepesteam_pem4f.oem4f (.const:ti_sysbios_gates_GateHwi_Object__DESC__C)
                  0000dc6c    00000020     drone_pepesteam_pem4f.oem4f (.const:ti_sysbios_gates_GateMutex_Object__DESC__C)
                  0000dc8c    00000020     drone_pepesteam_pem4f.oem4f (.const:ti_sysbios_heaps_HeapMem_Object__DESC__C)
                  0000dcac    00000020     drone_pepesteam_pem4f.oem4f (.const:ti_sysbios_knl_Queue_Object__DESC__C)
                  0000dccc    00000020     drone_pepesteam_pem4f.oem4f (.const:ti_sysbios_knl_Semaphore_Object__DESC__C)
                  0000dcec    00000020     drone_pepesteam_pem4f.oem4f (.const:ti_uia_loggers_LoggerStopMode_Object__DESC__C)
                  0000dd0c    00000018     MSP_EXP432P401R.obj (.const:I2C_config)
                  0000dd24    00000018     drivers_MSP432P401R.aem4f : PWM.oem4f (.const)
                  0000dd3c    00000018     drone_pepesteam_pem4f.oem4f (.const:ti_sysbios_gates_GateHwi_Object__PARAMS__C)
                  0000dd54    00000018     drone_pepesteam_pem4f.oem4f (.const:ti_sysbios_gates_GateMutex_Object__PARAMS__C)
                  0000dd6c    00000018     drone_pepesteam_pem4f.oem4f (.const:ti_sysbios_knl_Queue_Object__PARAMS__C)
                  0000dd84    00000016     drone_pepesteam_pem4f.oem4f (.const:xdc_runtime_Startup_sfxnRts__A)
                  0000dd9a    00000002     drone_pepesteam_pem4f.oem4f (.const:ti_sysbios_family_arm_m3_Timer_Module__id__C)
                  0000dd9c    00000014     MSP_EXP432P401R.obj (.const:GPIOMSP432_config)
                  0000ddb0    00000010     MSP_EXP432P401R.obj (.const:PowerMSP432_config)
                  0000ddc0    00000010     drivers_MSP432P401R.aem4f : I2C.oem4f (.const)
                  0000ddd0    00000010     MSP_EXP432P401R.obj (.const:i2cMSP432HWAttrs)
                  0000dde0    0000000c     drivers_MSP432P401R.aem4f : GPIOMSP432.oem4f (.const:.string)
                  0000ddec    0000000c     drone_pepesteam_pem4f.oem4f (.const:ti_sysbios_knl_Idle_funcList__A)
                  0000ddf8    0000000c     MSP_EXP432P401R.obj (.const:udmaMSP432HWAttrs)
                  0000de04    0000000c     drone_pepesteam_pem4f.oem4f (.const:xdc_runtime_Startup_firstFxns__A)
                  0000de10    00000008     MSP_EXP432P401R.obj (.const:.string:$P$T0$1)
                  0000de18    00000008     MSP_EXP432P401R.obj (.const:UDMAMSP432_config)
                  0000de20    00000008     drone_pepesteam_pem4f.oem4f (.const:ti_sysbios_family_arm_m3_Hwi_excHookFuncs__A)
                  0000de28    00000008     drone_pepesteam_pem4f.oem4f (.const:ti_sysbios_knl_Idle_funcList__C)
                  0000de30    00000008     drone_pepesteam_pem4f.oem4f (.const:xdc_runtime_Startup_firstFxns__C)
                  0000de38    00000008     drone_pepesteam_pem4f.oem4f (.const:xdc_runtime_Startup_lastFxns__C)
                  0000de40    00000004     drone_pepesteam_pem4f.oem4f (.const:ti_sysbios_family_arm_m3_Hwi_E_alreadyDefined__C)
                  0000de44    00000004     drone_pepesteam_pem4f.oem4f (.const:ti_sysbios_family_arm_m3_Hwi_E_busFault__C)
                  0000de48    00000004     drone_pepesteam_pem4f.oem4f (.const:ti_sysbios_family_arm_m3_Hwi_E_debugMon__C)
                  0000de4c    00000004     drone_pepesteam_pem4f.oem4f (.const:ti_sysbios_family_arm_m3_Hwi_E_hardFault__C)
                  0000de50    00000004     drone_pepesteam_pem4f.oem4f (.const:ti_sysbios_family_arm_m3_Hwi_E_memFault__C)
                  0000de54    00000004     drone_pepesteam_pem4f.oem4f (.const:ti_sysbios_family_arm_m3_Hwi_E_noIsr__C)
                  0000de58    00000004     drone_pepesteam_pem4f.oem4f (.const:ti_sysbios_family_arm_m3_Hwi_E_reserved__C)
                  0000de5c    00000004     drone_pepesteam_pem4f.oem4f (.const:ti_sysbios_family_arm_m3_Hwi_E_svCall__C)
                  0000de60    00000004     drone_pepesteam_pem4f.oem4f (.const:ti_sysbios_family_arm_m3_Hwi_E_usageFault__C)
                  0000de64    00000004     drone_pepesteam_pem4f.oem4f (.const:ti_sysbios_family_arm_m3_Hwi_NUM_INTERRUPTS__C)
                  0000de68    00000004     drone_pepesteam_pem4f.oem4f (.const:ti_sysbios_family_arm_m3_Hwi_Object__count__C)
                  0000de6c    00000004     drone_pepesteam_pem4f.oem4f (.const:ti_sysbios_family_arm_m3_Hwi_ccr__C)
                  0000de70    00000004     drone_pepesteam_pem4f.oem4f (.const:ti_sysbios_family_arm_m3_Hwi_excHandlerFunc__C)
                  0000de74    00000004     drone_pepesteam_pem4f.oem4f (.const:ti_sysbios_family_arm_m3_Hwi_excHookFuncs__C)
                  0000de78    00000004     drone_pepesteam_pem4f.oem4f (.const:ti_sysbios_family_arm_m3_Hwi_nullIsrFunc__C)
                  0000de7c    00000004     drone_pepesteam_pem4f.oem4f (.const:ti_sysbios_family_arm_m3_Hwi_priGroup__C)
                  0000de80    00000004     drone_pepesteam_pem4f.oem4f (.const:ti_sysbios_family_arm_m3_Timer_E_cannotSupport__C)
                  0000de84    00000004     drone_pepesteam_pem4f.oem4f (.const:ti_sysbios_family_arm_m3_Timer_startupNeeded__C)
                  0000de88    00000004     drone_pepesteam_pem4f.oem4f (.const:ti_sysbios_family_arm_msp432_Timer_numTimerDevices__C)
                  0000de8c    00000004     drone_pepesteam_pem4f.oem4f (.const:ti_sysbios_family_arm_msp432_Timer_startupNeeded__C)
                  0000de90    00000004     drone_pepesteam_pem4f.oem4f (.const:ti_sysbios_gates_GateMutex_A_badContext__C)
                  0000de94    00000004     drone_pepesteam_pem4f.oem4f (.const:ti_sysbios_gates_GateMutex_Instance_State_sem__O)
                  0000de98    00000004     drone_pepesteam_pem4f.oem4f (.const:ti_sysbios_gates_GateMutex_Module__diagsEnabled__C)
                  0000de9c    00000004     drone_pepesteam_pem4f.oem4f (.const:ti_sysbios_gates_GateMutex_Module__diagsIncluded__C)
                  0000dea0    00000004     drone_pepesteam_pem4f.oem4f (.const:ti_sysbios_gates_GateMutex_Module__diagsMask__C)
                  0000dea4    00000004     drone_pepesteam_pem4f.oem4f (.const:ti_sysbios_hal_Hwi_E_stackOverflow__C)
                  0000dea8    00000004     drone_pepesteam_pem4f.oem4f (.const:ti_sysbios_heaps_HeapMem_A_align__C)
                  0000deac    00000004     drone_pepesteam_pem4f.oem4f (.const:ti_sysbios_heaps_HeapMem_A_heapSize__C)
                  0000deb0    00000004     drone_pepesteam_pem4f.oem4f (.const:ti_sysbios_heaps_HeapMem_A_invalidFree__C)
                  0000deb4    00000004     drone_pepesteam_pem4f.oem4f (.const:ti_sysbios_heaps_HeapMem_A_zeroBlock__C)
                  0000deb8    00000004     drone_pepesteam_pem4f.oem4f (.const:ti_sysbios_heaps_HeapMem_E_memory__C)
                  0000debc    00000004     drone_pepesteam_pem4f.oem4f (.const:ti_sysbios_heaps_HeapMem_Module__diagsEnabled__C)
                  0000dec0    00000004     drone_pepesteam_pem4f.oem4f (.const:ti_sysbios_heaps_HeapMem_Module__diagsIncluded__C)
                  0000dec4    00000004     drone_pepesteam_pem4f.oem4f (.const:ti_sysbios_heaps_HeapMem_Module__diagsMask__C)
                  0000dec8    00000004     drone_pepesteam_pem4f.oem4f (.const:ti_sysbios_heaps_HeapMem_Module__gateObj__C)
                  0000decc    00000004     drone_pepesteam_pem4f.oem4f (.const:ti_sysbios_heaps_HeapMem_Object__count__C)
                  0000ded0    00000004     drone_pepesteam_pem4f.oem4f (.const:ti_sysbios_heaps_HeapMem_reqAlign__C)
                  0000ded4    00000004     drone_pepesteam_pem4f.oem4f (.const:ti_sysbios_knl_Clock_Module_State_clockQ__O)
                  0000ded8    00000004     drone_pepesteam_pem4f.oem4f (.const:ti_sysbios_knl_Semaphore_A_badContext__C)
                  0000dedc    00000004     drone_pepesteam_pem4f.oem4f (.const:ti_sysbios_knl_Semaphore_A_noEvents__C)
                  0000dee0    00000004     drone_pepesteam_pem4f.oem4f (.const:ti_sysbios_knl_Semaphore_A_overflow__C)
                  0000dee4    00000004     drone_pepesteam_pem4f.oem4f (.const:ti_sysbios_knl_Semaphore_A_pendTaskDisabled__C)
                  0000dee8    00000004     drone_pepesteam_pem4f.oem4f (.const:ti_sysbios_knl_Semaphore_Instance_State_pendQ__O)
                  0000deec    00000004     drone_pepesteam_pem4f.oem4f (.const:ti_sysbios_knl_Semaphore_Module__diagsEnabled__C)
                  0000def0    00000004     drone_pepesteam_pem4f.oem4f (.const:ti_sysbios_knl_Semaphore_Module__diagsIncluded__C)
                  0000def4    00000004     drone_pepesteam_pem4f.oem4f (.const:ti_sysbios_knl_Semaphore_Module__diagsMask__C)
                  0000def8    00000004     drone_pepesteam_pem4f.oem4f (.const:ti_sysbios_knl_Swi_Object__count__C)
                  0000defc    00000004     drone_pepesteam_pem4f.oem4f (.const:ti_sysbios_knl_Task_A_badTimeout__C)
                  0000df00    00000004     drone_pepesteam_pem4f.oem4f (.const:ti_sysbios_knl_Task_A_sleepTaskDisabled__C)
                  0000df04    00000004     drone_pepesteam_pem4f.oem4f (.const:ti_sysbios_knl_Task_E_spOutOfBounds__C)
                  0000df08    00000004     drone_pepesteam_pem4f.oem4f (.const:ti_sysbios_knl_Task_E_stackOverflow__C)
                  0000df0c    00000004     drone_pepesteam_pem4f.oem4f (.const:ti_sysbios_knl_Task_Module_State_inactiveQ__O)
                  0000df10    00000004     drone_pepesteam_pem4f.oem4f (.const:ti_sysbios_knl_Task_Module__diagsEnabled__C)
                  0000df14    00000004     drone_pepesteam_pem4f.oem4f (.const:ti_sysbios_knl_Task_Module__diagsIncluded__C)
                  0000df18    00000004     drone_pepesteam_pem4f.oem4f (.const:ti_sysbios_knl_Task_Module__diagsMask__C)
                  0000df1c    00000004     drone_pepesteam_pem4f.oem4f (.const:ti_sysbios_knl_Task_Object__count__C)
                  0000df20    00000004     drone_pepesteam_pem4f.oem4f (.const:ti_sysbios_knl_Task_allBlockedFunc__C)
                  0000df24    00000004     drone_pepesteam_pem4f.oem4f (.const:ti_sysbios_knl_Task_numConstructedTasks__C)
                  0000df28    00000004     drone_pepesteam_pem4f.oem4f (.const:ti_sysbios_utils_Load_Module__diagsEnabled__C)
                  0000df2c    00000004     drone_pepesteam_pem4f.oem4f (.const:ti_sysbios_utils_Load_Module__diagsIncluded__C)
                  0000df30    00000004     drone_pepesteam_pem4f.oem4f (.const:ti_sysbios_utils_Load_Module__diagsMask__C)
                  0000df34    00000004     drone_pepesteam_pem4f.oem4f (.const:ti_sysbios_utils_Load_postUpdate__C)
                  0000df38    00000004     drone_pepesteam_pem4f.oem4f (.const:ti_sysbios_utils_Load_windowInMs__C)
                  0000df3c    00000004     drone_pepesteam_pem4f.oem4f (.const:ti_uia_loggers_LoggerStopMode_Module__diagsEnabled__C)
                  0000df40    00000004     drone_pepesteam_pem4f.oem4f (.const:ti_uia_loggers_LoggerStopMode_Module__diagsIncluded__C)
                  0000df44    00000004     drone_pepesteam_pem4f.oem4f (.const:ti_uia_loggers_LoggerStopMode_Module__diagsMask__C)
                  0000df48    00000004     drone_pepesteam_pem4f.oem4f (.const:ti_uia_loggers_LoggerStopMode_Object__count__C)
[...]
0000de48  ti_sysbios_family_arm_m3_Hwi_E_debugMon__C                   
0000de4c  ti_sysbios_family_arm_m3_Hwi_E_hardFault__C                  
0000de50  ti_sysbios_family_arm_m3_Hwi_E_memFault__C                   
0000de54  ti_sysbios_family_arm_m3_Hwi_E_noIsr__C                      
0000de58  ti_sysbios_family_arm_m3_Hwi_E_reserved__C                   
0000de5c  ti_sysbios_family_arm_m3_Hwi_E_svCall__C                     
0000de60  ti_sysbios_family_arm_m3_Hwi_E_usageFault__C                 
0000de64  ti_sysbios_family_arm_m3_Hwi_NUM_INTERRUPTS__C               
0000de68  ti_sysbios_family_arm_m3_Hwi_Object__count__C                
0000de6c  ti_sysbios_family_arm_m3_Hwi_ccr__C                          
0000de70  ti_sysbios_family_arm_m3_Hwi_excHandlerFunc__C               
0000de74  ti_sysbios_family_arm_m3_Hwi_excHookFuncs__C                 
0000de78  ti_sysbios_family_arm_m3_Hwi_nullIsrFunc__C                  
0000de7c  ti_sysbios_family_arm_m3_Hwi_priGroup__C                     
0000de80  ti_sysbios_family_arm_m3_Timer_E_cannotSupport__C            
0000de84  ti_sysbios_family_arm_m3_Timer_startupNeeded__C              
0000de88  ti_sysbios_family_arm_msp432_Timer_numTimerDevices__C        
0000de8c  ti_sysbios_family_arm_msp432_Timer_startupNeeded__C          
0000de90  ti_sysbios_gates_GateMutex_A_badContext__C                   
0000de94  ti_sysbios_gates_GateMutex_Instance_State_sem__O             
0000de98  ti_sysbios_gates_GateMutex_Module__diagsEnabled__C           
0000de9c  ti_sysbios_gates_GateMutex_Module__diagsIncluded__C          
0000dea0  ti_sysbios_gates_GateMutex_Module__diagsMask__C              
0000dea4  ti_sysbios_hal_Hwi_E_stackOverflow__C                        
0000dea8  ti_sysbios_heaps_HeapMem_A_align__C                          
0000deac  ti_sysbios_heaps_HeapMem_A_heapSize__C                       
0000deb0  ti_sysbios_heaps_HeapMem_A_invalidFree__C                    
0000deb4  ti_sysbios_heaps_HeapMem_A_zeroBlock__C                      
0000deb8  ti_sysbios_heaps_HeapMem_E_memory__C                         
0000debc  ti_sysbios_heaps_HeapMem_Module__diagsEnabled__C             
0000dec0  ti_sysbios_heaps_HeapMem_Module__diagsIncluded__C            
0000dec4  ti_sysbios_heaps_HeapMem_Module__diagsMask__C                
0000dec8  ti_sysbios_heaps_HeapMem_Module__gateObj__C                  
0000decc  ti_sysbios_heaps_HeapMem_Object__count__C                    
0000ded0  ti_sysbios_heaps_HeapMem_reqAlign__C                         
0000ded4  ti_sysbios_knl_Clock_Module_State_clockQ__O                  
0000ded8  ti_sysbios_knl_Semaphore_A_badContext__C                     
0000dedc  ti_sysbios_knl_Semaphore_A_noEvents__C                       
0000dee0  ti_sysbios_knl_Semaphore_A_overflow__C                       
0000dee4  ti_sysbios_knl_Semaphore_A_pendTaskDisabled__C               
0000dee8  ti_sysbios_knl_Semaphore_Instance_State_pendQ__O             
0000deec  ti_sysbios_knl_Semaphore_Module__diagsEnabled__C             
0000def0  ti_sysbios_knl_Semaphore_Module__diagsIncluded__C            
0000def4  ti_sysbios_knl_Semaphore_Module__diagsMask__C                
0000def8  ti_sysbios_knl_Swi_Object__count__C                          
0000defc  ti_sysbios_knl_Task_A_badTimeout__C                          
0000df00  ti_sysbios_knl_Task_A_sleepTaskDisabled__C                   
0000df04  ti_sysbios_knl_Task_E_spOutOfBounds__C                       
0000df08  ti_sysbios_knl_Task_E_stackOverflow__C                       
0000df0c  ti_sysbios_knl_Task_Module_State_inactiveQ__O                
0000df10  ti_sysbios_knl_Task_Module__diagsEnabled__C                  
0000df14  ti_sysbios_knl_Task_Module__diagsIncluded__C                 
0000df18  ti_sysbios_knl_Task_Module__diagsMask__C                     
0000df1c  ti_sysbios_knl_Task_Object__count__C                         
0000df20  ti_sysbios_knl_Task_allBlockedFunc__C                        
0000df24  ti_sysbios_knl_Task_numConstructedTasks__C                   
0000df28  ti_sysbios_utils_Load_Module__diagsEnabled__C                
0000df2c  ti_sysbios_utils_Load_Module__diagsIncluded__C               
0000df30  ti_sysbios_utils_Load_Module__diagsMask__C                   
0000df34  ti_sysbios_utils_Load_postUpdate__C                          
0000df38  ti_sysbios_utils_Load_windowInMs__C                          
0000df3c  ti_uia_loggers_LoggerStopMode_Module__diagsEnabled__C        
0000df40  ti_uia_loggers_LoggerStopMode_Module__diagsIncluded__C       
0000df44  ti_uia_loggers_LoggerStopMode_Module__diagsMask__C           
0000df48  ti_uia_loggers_LoggerStopMode_Object__count__C               
0000df4c  ti_uia_runtime_ILoggerSnapshot_Interface__BASE__C            
0000df50  ti_uia_runtime_IUIATransfer_Interface__BASE__C               
0000df54  xdc_runtime_Assert_E_assertFailed__C                         
0000df58  xdc_runtime_Core_A_initializedParams__C                      
0000df5c  xdc_runtime_Core_Module__diagsEnabled__C                     
0000df60  xdc_runtime_Core_Module__diagsIncluded__C                    
0000df64  xdc_runtime_Core_Module__diagsMask__C                        
0000df68  xdc_runtime_Error_E_memory__C                                
0000df6c  xdc_runtime_Error_Module__diagsEnabled__C                    
0000df70  xdc_runtime_Error_Module__diagsIncluded__C                   
0000df74  xdc_runtime_Error_Module__diagsMask__C                       
0000df78  xdc_runtime_Error_Module__loggerFxn8__C                      
0000df7c  xdc_runtime_Error_Module__loggerObj__C                       
0000df80  xdc_runtime_Error_policyFxn__C                               
0000df84  xdc_runtime_Error_raiseHook__C                               
0000df88  xdc_runtime_IFilterLogger_Interface__BASE__C                 
0000df8c  xdc_runtime_IGateProvider_Interface__BASE__C                 
0000df90  xdc_runtime_IHeap_Interface__BASE__C                         
0000df94  xdc_runtime_ILogger_Interface__BASE__C                       
0000df98  xdc_runtime_IModule_Interface__BASE__C                       
0000df9c  xdc_runtime_Log_L_error__C                                   
0000dfa0  xdc_runtime_Memory_defaultHeapInstance__C                    
0000dfa4  xdc_runtime_Startup_execImpl__C                              
0000dfa8  xdc_runtime_Startup_lastFxns__A                              
0000dfac  xdc_runtime_Startup_maxPasses__C                             
0000dfb0  xdc_runtime_Startup_sfxnRts__C                               
0000dfb4  xdc_runtime_Startup_sfxnTab__C                               
0000dfb8  xdc_runtime_SysMin_bufSize__C                                
0000dfbc  xdc_runtime_SysMin_outputFunc__C                             
0000dfc0  xdc_runtime_System_Module__gateObj__C                        
0000dfc4  xdc_runtime_System_abortFxn__C                               
0000dfc8  xdc_runtime_System_exitFxn__C                                
0000dfcc  xdc_runtime_System_extendFxn__C                              
0000dfd0  xdc_runtime_System_maxAtexitHandlers__C                      
0000dfd4  xdc_runtime_Text_charTab__C                                  
0000dfd8  xdc_runtime_Text_nameEmpty__C                                
0000dfdc  xdc_runtime_Text_nameStatic__C                               
0000dfe0  xdc_runtime_Text_nameUnknown__C                              
0000dfe4  xdc_runtime_Text_nodeTab__C                                  
0000dfe8  xdc_runtime_Text_visitRopeFxn__C                             
0000dfec  ti_sysbios_family_arm_m3_TimestampProvider_configTimer__C    
0000dfee  ti_sysbios_gates_GateMutex_Module__id__C                     
0000dff0  ti_sysbios_hal_Hwi_Module__id__C                             
0000dff2  ti_sysbios_heaps_HeapMem_Module__id__C                       
0000dff4  ti_sysbios_knl_Semaphore_Module__id__C                       
0000dff6  ti_sysbios_knl_Task_Module__id__C                            
0000dff8  ti_sysbios_utils_Load_Module__id__C                          
0000dffa  ti_sysbios_utils_Load_updateInIdle__C                        
0000dffc  ti_uia_loggers_LoggerStopMode_Module__id__C                  
0000dffe  ti_uia_loggers_LoggerStopMode_isTimestampEnabled__C          
0000e000  xdc_runtime_Core_Module__id__C                               
0000e002  xdc_runtime_Error_Module__loggerDefined__C                   
0000e004  xdc_runtime_Error_maxDepth__C                                
0000e006  xdc_runtime_Memory_Module__id__C                             
0000e008  xdc_runtime_SysMin_flushAtExit__C                            
0000e00a  xdc_runtime_Text_charCnt__C                                  
0000e00c  xdc_runtime_Text_isLoaded__C                                 
0000e00e  xdc_runtime_Text_registryModsLastId__C                       
0000e010  xdc_runtime_Text_unnamedModsLastId__C                        
0000e018  __TI_static_base__                                           
0000e328  __TI_Handler_Table_Base                                      
0000e334  __TI_Handler_Table_Limit                                     
0000e348  __TI_CINIT_Base                                              
0000e360  __TI_CINIT_Limit                                             
20000000  ti_sysbios_family_arm_m3_Hwi_ramVectors                      
20000200  ti_sysbios_knl_Task_Instance_State_0_stack__A                
20000600  ti_sysbios_knl_Task_Instance_State_1_stack__A                
20000a00  ti_sysbios_knl_Task_Instance_State_2_stack__A                
20000c00  ti_sysbios_heaps_HeapMem_Instance_State_0_buf__A             
20001000  ti_uia_loggers_LoggerStopMode_Instance_State_1_packetArray__A
20001400  ti_uia_loggers_LoggerStopMode_Instance_State_2_packetArray__A
20001800  ti_uia_loggers_LoggerStopMode_Instance_State_0_packetArray__A
20001a00  ti_sysbios_family_arm_m3_Hwi_dispatchTable                   
20001b40  __CIOBUF_                                                    
20001c60  xdc_runtime_SysMin_Module_State_0_outbuf__A                  
20001ce0  CONTROLStruct                                                
20001cfc  PID_X                                                        
20001d80  spiMSP432DMAObjects                                          
20001df0  i2cMSP432Objects                                             
20001e68  pwmTimerMSP432Objects                                        
20001e98  PIDStruct                                                    
20001eb4  params                                                       
20001ecc  st1                                                          
20001ed8  st2                                                          
20001ee4  PID_Y                                                        
20001ee8  dt                                                           
20001ef0  parmbuf                                                      
20001ef8  udmaMSP432Object                                             
20001f00  ti_uia_loggers_LoggerStopMode_Instance_State_0_hdr__A        
20001f30  derivative_x                                                 
20001f34  derivative_y                                                 
20001f38  integral_x                                                   
20001f3c  integral_y                                                   
20001f40  nrf24Spi                                                     
20001f44  propeller1_p24                                               
20001f48  propeller2_p27                                               
20001f4c  propeller3_p25                                               
20001f50  propeller4_p26                                               
20001f54  proporcional_x                                               
20001f58  proporcional_y                                               
20001f5c  semMARG_Handle                                               
20001f60  semRF_Handle                                                 
20001f64  time_act                                                     
20001f68  time_prev                                                    
20001f6c  user                                                         
20001f70  reg_stat                                                     
20001f71  rf_addr_width                                                
20001f72  rf_channel                                                   
20001f73  rf_crc                                                       
20001f74  rf_feature                                                   
20001f75  rf_irq                                                       
20001f76  rf_speed_power                                               
20001f77  rf_status                                                    
20001f78  whomagn                                                      
20001f79  whompu                                                       
20001f80  ti_uia_loggers_LoggerStopMode_Instance_State_1_hdr__A        
20002000  ti_uia_loggers_LoggerStopMode_Instance_State_2_hdr__A        
20002030  ti_sysbios_knl_Task_Object__table__V                         
20002114  PowerMSP432_perfLevels                                       
200021b0  ti_uia_loggers_LoggerStopMode_Object__table__V               
2000224c  ti_sysbios_utils_Load_Module__state__V                       
20002364  ti_sysbios_knl_Swi_Module_State_0_readyQ__A                  
200023e4  ti_sysbios_knl_Task_Module_State_0_readyQ__A                 
20002464  pwmPeriod                                                    
20002468  THRO                                                         
2000246c  duty                                                         
20002470  duty1                                                        
20002474  duty2                                                        
20002478  duty3                                                        
2000247c  duty4                                                        
20002480  last_error_y                                                 
20002484  last_error_x                                                 
20002488  last_error_z                                                 
2000248c  error_y                                                      
20002490  error_x                                                      
20002494  ref_roll                                                     
20002498  ref_pitch                                                    
2000249c  ref_yaw                                                      
200024a0  KP_y                                                         
200024a4  KI_y                                                         
200024a8  KD_y                                                         
200024ac  KP_x                                                         
200024b0  KI_x                                                         
200024b4  KD_x                                                         
200024b8  KP_z                                                         
200024bc  KI_z                                                         
200024c0  KD_z                                                         
200024c4  ti_sysbios_family_arm_msp432_Timer_Object__table__V          
20002510  ti_sysbios_knl_Task_Module__state__V                         
20002554  ti_sysbios_gates_GateMutex_Object__table__V                  
2000258c  ti_sysbios_family_arm_m3_Hwi_Module__state__V                
200025f0  ti_sysbios_family_arm_m3_Hwi_Object__table__V                
20002620  ti_sysbios_family_arm_m3_Timer_Object__table__V              
20002650  ti_sysbios_knl_Swi_Object__table__V                          
20002680  ti_sysbios_knl_Clock_Module__state__V                        
200026ac  PowerMSP432_module                                           
200026d4  ti_sysbios_BIOS_Module__state__V                             
200026f8  ti_sysbios_family_arm_msp432_Timer_Module_State_0_device__A  
20002718  gpioCallbackFunctions                                        
20002734  gpioPinConfigs                                               
20002750  ti_sysbios_knl_Swi_Module__state__V                          
2000276c  ti_sysbios_heaps_HeapMem_Object__table__V                    
20002794  ti_sysbios_family_arm_msp432_Timer_Module_State_0_handles__A 
200027b0  ti_sysbios_family_arm_m3_Timer_Module__state__V              
200027bc  ti_sysbios_family_arm_msp432_ClockFreqs_Module__state__V     
200027c8  ti_sysbios_family_arm_msp432_Timer_Module__state__V          
200027d4  ti_sysbios_knl_Task_Module__root__V                          
200027e0  ti_uia_runtime_QueueDescriptor_Module__state__V              
200027ec  xdc_runtime_SysMin_Module__state__V                          
200027f8  _lock                                                        
200027fc  _unlock                                                      
20002808  ti_uia_runtime_QueueDescriptor_gPtrToFirstDescriptor         
2000280c  ti_uia_runtime_QueueDescriptor_gUpdateCount                  
20002810  ti_sysbios_family_arm_m3_Hwi_Module__root__V                 
20002818  ti_sysbios_gates_GateHwi_Module__root__V                     
20002820  ti_sysbios_gates_GateMutex_Module__root__V                   
20002828  ti_sysbios_heaps_HeapMem_Module__root__V                     
20002830  ti_sysbios_knl_Queue_Module__root__V                         
20002838  ti_sysbios_knl_Semaphore_Module__root__V                     
20002840  ti_uia_loggers_LoggerStopMode_Module__root__V                
20002848  xdc_runtime_Registry_Module__state__V                        
20002850  xdc_runtime_Startup_Module__state__V                         
20002858  xdc_runtime_System_Module_State_0_atexitHandlers__A          
20002860  xdc_runtime_System_Module__state__V                          
20002874  errno                                                        
20002878  main_func_sp                                                 
2000287c  ti_sysbios_family_arm_m3_Hwi_Module_State_0_excContext__A    
20002880  ti_sysbios_family_arm_m3_Hwi_Module_State_0_excStack__A      
20002884  ti_sysbios_family_arm_m3_TimestampProvider_Module__state__V  
20002888  ti_sysbios_gates_GateHwi_Object__table__V                    
2000288c  ti_sysbios_knl_Task_Module_State_0_idleTask__A               
20002890  ti_sysbios_utils_Load_Module_State_0_runningTask__A          
20002894  ti_sysbios_utils_Load_Module_State_0_taskStartTime__A        
20002898  xdc_runtime_Memory_Module__state__V                          
2000289c  ti_sysbios_family_arm_m3_Hwi_Module_State_0_excActive__A     
2000289e  xdc_runtime_Error_Module__state__V                           
2000fd00  __stack                                                      
20010000  __STACK_END                                                  
4000480c  WDTCTL_SYM                                                   
e000e000  ti_sysbios_family_arm_m3_Hwi_nvic                            
ffffffff  __TI_pprof_out_hndl                                          
ffffffff  __TI_prof_data_size                                          
ffffffff  __TI_prof_data_start                                         
ffffffff  __binit__                                                    
ffffffff  __c_args__                                                   
ffffffff  binit                                                        
UNDEFED   SHT$$INIT_ARRAY$$Base                                        
UNDEFED   SHT$$INIT_ARRAY$$Limit                                       

[930 symbols]
