******************************************************************************
                  TI ARM Linker PC v18.1.4                     
******************************************************************************
>> Linked Mon Jan 14 14:58:56 2019

OUTPUT FILE NAME:   <DRONE_PEPEsTEAM_v2.out>
ENTRY POINT SYMBOL: "_c_int00"  address: 0000924d


MEMORY CONFIGURATION

         name            origin    length      used     unused   attr    fill
----------------------  --------  ---------  --------  --------  ----  --------
  MAIN                  00000000   00040000  0000f772  0003088e  R  X
  INFO                  00200000   00004000  00000000  00004000  R  X
  SRAM_CODE             01000000   00010000  00000000  00010000  RW X
  SRAM_DATA             20000000   00010000  00002b09  0000d4f7  RW  


SEGMENT ALLOCATION MAP

run origin  load origin   length   init length attrs members
----------  ----------- ---------- ----------- ----- -------
00000000    00000000    0000f780   0000f780    r-x
  00000000    00000000    0000003c   0000003c    r-- .resetVecs
  00000040    00000040    0000ca42   0000ca42    r-x .text
  0000ca88    0000ca88    0000298c   0000298c    r-- .const
  0000f418    0000f418    00000368   00000368    r-- .cinit
20000000    20000000    00000140   00000000    rw-
  20000000    20000000    00000140   00000000    rw- .vecs
20000200    20000200    000026c9   00000000    rw-
  20000200    20000200    00001e30   00000000    rw- .bss
  20002030    20002030    00000899   00000000    rw- .data
2000fd00    2000fd00    00000300   00000000    rw-
  2000fd00    2000fd00    00000300   00000000    rw- .stack


SECTION ALLOCATION MAP

 output                                  attributes/
section   page    origin      length       input sections
--------  ----  ----------  ----------   ----------------
.text      0    00000040    0000ca42     
                  00000040    00001158     main.obj (.text:MARGFxn)
                  00001198    00000780     quaternionFilters.obj (.text:MahonyQuaternionUpdate)
                  00001918    0000064c     main.obj (.text:nRF24_RXTaskFxn)
                  00001f64    000005b4     mpu9250.obj (.text:MPU6050calibrate)
                  00002518    00000430     sysbios.aem4f : BIOS.obj (.text:ti_sysbios_family_arm_m3_Hwi_excDumpRegs__I)
                  00002948    000003d4     rtsv7M4_T_le_v4SPD16_eabi.lib : e_asin.c.obj (.text:asin)
                  00002d1c    0000034c     ti.targets.arm.rtsarm.aem4f : System.oem4f (.text:xdc_runtime_System_doPrint__I)
                  00003068    000002ec     rtsv7M4_T_le_v4SPD16_eabi.lib : s_atan.c.obj (.text:atan)
                  00003354    00000004     msp432p4xx_driverlib.lib : cpu.o (.text:CPU_wfi)
                  00003358    000002a4     sysbios.aem4f : BIOS.obj (.text:ti_sysbios_knl_Semaphore_pend__E)
                  000035fc    00000004     msp432p4xx_driverlib.lib : spi.o (.text:EUSCI_A_SPI_getReceiveBufferAddressForDMA)
                  00003600    0000026c     sysbios.aem4f : BIOS.obj (.text:ti_sysbios_heaps_HeapMem_free__E)
                  0000386c    00000264     drivers_MSP432P401R.aem4f : PowerMSP432.oem4f (.text:Power_sleep)
                  00003ad0    00000250     sysbios.aem4f : BIOS.obj (.text:ti_sysbios_heaps_HeapMem_alloc__E)
                  00003d20    000001fc                   : BIOS.obj (.text:ti_sysbios_family_arm_m3_Hwi_excHandlerMax__I)
                  00003f1c    000001d8     rtsv7M4_T_le_v4SPD16_eabi.lib : e_atan2.c.obj (.text:atan2)
                  000040f4    00000004     msp432p4xx_driverlib.lib : spi.o (.text:EUSCI_A_SPI_getTransmitBufferAddressForDMA)
                  000040f8    000001c8     sysbios.aem4f : BIOS.obj (.text:ti_sysbios_knl_Task_sleep__E)
                  000042c0    000001b6     rtsv7M4_T_le_v4SPD16_eabi.lib : fd_add_t2.asm.obj (.text)
                  00004476    000001a0     msp432p4xx_driverlib.lib : pcm.o (.text:__PCM_setPowerStateAdvanced)
                  00004616    00000002     power_tirtos_MSP432P401R.aem4f : PowerMSP432_tirtos.oem4f (.text:PowerMSP432_initPolicy)
                  00004618    0000017c     drivers_MSP432P401R.aem4f : SPIMSP432DMA.oem4f (.text:SPIMSP432DMA_open)
                  00004794    00000178                               : I2CMSP432.oem4f (.text:I2CMSP432_open)
                  0000490c    00000004     msp432p4xx_driverlib.lib : spi.o (.text:EUSCI_B_SPI_getReceiveBufferAddressForDMA)
                  00004910    00000174     sysbios.aem4f : BIOS.obj (.text:ti_sysbios_family_arm_m3_Hwi_excBusFault__I)
                  00004a84    00000004     msp432p4xx_driverlib.lib : spi.o (.text:EUSCI_B_SPI_getTransmitBufferAddressForDMA)
                  00004a88    00000164     sysbios.aem4f : BIOS.obj (.text:ti_sysbios_family_arm_m3_Hwi_excUsageFault__I)
                  00004bec    00000158     rtsv7M4_T_le_v4SPD16_eabi.lib : e_sqrt.c.obj (.text:sqrt)
                  00004d44    00000154     msp432p4xx_driverlib.lib : adc14.o (.text:_getIndexForMemRegister)
                  00004e98    00000148     sysbios.aem4f : BIOS.obj (.text:ti_sysbios_family_arm_m3_Hwi_excMemFault__I)
                  00004fe0    00000140     drivers_MSP432P401R.aem4f : GPIOMSP432.oem4f (.text:GPIO_setConfig)
                  00005120    0000013c     sysbios.aem4f : BIOS.obj (.text:ti_sysbios_heaps_HeapMem_Instance_init__E)
                  0000525c    00000138     drone_pepesteam_pem4f.oem4f (.text:ti_uia_loggers_LoggerStopMode_writeMemoryRange__E)
                  00005394    00000136     rtsv7M4_T_le_v4SPD16_eabi.lib : fd_div_t2.asm.obj (.text)
                  000054ca    00000118     drivers_MSP432P401R.aem4f : I2CMSP432.oem4f (.text:I2CMSP432_hwiIntFxn)
                  000055e2    00000002                               : SPIMSP432DMA.oem4f (.text:SPIMSP432DMA_serviceISR)
                  000055e4    00000118     ti.targets.arm.rtsarm.aem4f : Error.oem4f (.text:xdc_runtime_Error_policyDefault__E)
                  000056fc    0000010c     drone_pepesteam_pem4f.oem4f (.text:ti_uia_loggers_LoggerStopMode_write8__E)
                  00005808    00000108     sysbios.aem4f : BIOS.obj (.text:ti_sysbios_knl_Clock_Instance_init__E)
                  00005910    00000100     ti.targets.arm.rtsarm.aem4f : Core-mem.oem4f (.text:xdc_runtime_Core_createObject__I)
                  00005a10    000000fc     rtsv7M4_T_le_v4SPD16_eabi.lib : fd_mul_t2.asm.obj (.text)
                  00005b0c    000000f8     ti.targets.arm.rtsarm.aem4f : Startup.oem4f (.text:xdc_runtime_Startup_startMods__I)
                  00005c04    000000f8     drone_pepesteam_pem4f.oem4f (.text:xdc_runtime_System_printfExtend__I)
                  00005cfc    000000f4     drone_pepesteam_pem4f.oem4f (.text:ti_uia_loggers_LoggerStopMode_write4__E)
                  00005df0    000000f0     drivers_MSP432P401R.aem4f : PowerMSP432.oem4f (.text:initPerfControl)
                  00005ee0    000000ec     sysbios.aem4f : m3_Hwi_asm.obj (.text:ti_sysbios_family_arm_m3_Hwi_dispatch__I)
                  00005fcc    00000004     tirtosport.aem4f : HwiP_tirtos.oem4f (.text:HwiP_disable)
                  00005fd0    000000ec     sysbios.aem4f : BIOS.obj (.text:ti_sysbios_knl_Semaphore_post__E)
                  000060bc    000000e8     drone_pepesteam_pem4f.oem4f (.text:ti_uia_loggers_LoggerStopMode_write1__E)
                  000061a4    000000e8     drone_pepesteam_pem4f.oem4f (.text:ti_uia_loggers_LoggerStopMode_write2__E)
                  0000628c    000000e2     drivers_MSP432P401R.aem4f : PWMTimerMSP432.oem4f (.text:initHw)
                  0000636e    00000002     rtsv7M4_T_le_v4SPD16_eabi.lib : _lock.c.obj (.text:_nop)
                  00006370    000000e0     msp432p4xx_driverlib.lib : cs.o (.text:CS_initClockSignal)
                  00006450    000000dc                              : pcm.o (.text:__PCM_setPowerModeAdvanced)
                  0000652c    000000d8     drone_pepesteam_pem4f.oem4f (.text:ti_uia_loggers_LoggerStopMode_write0__E)
                  00006604    000000cc     msp432p4xx_driverlib.lib : dma.o (.text:DMA_assignChannel)
                  000066d0    000000cc     ti.targets.arm.rtsarm.aem4f : Core-smem.oem4f (.text:xdc_runtime_Core_constructObject__I)
                  0000679c    000000c8     msprf24.obj (.text:r_rx_payload)
                  00006864    00000004     msp432p4xx_driverlib.lib : i2c.o (.text:I2C_setSlaveAddress)
                  00006868    000000bc     sysbios.aem4f : BIOS.obj (.text:ti_sysbios_family_arm_m3_Hwi_excDebugMon__I)
                  00006924    00000004     drivers_MSP432P401R.aem4f : List.oem4f (.text:List_head)
                  00006928    000000bc     sysbios.aem4f : BIOS.obj (.text:ti_sysbios_family_arm_m3_Hwi_excHardFault__I)
                  000069e4    000000b8     main.obj (.text:main)
                  00006a9c    000000b4     drivers_MSP432P401R.aem4f : SPIMSP432DMA.oem4f (.text:configDMA)
                  00006b50    000000b4     sysbios.aem4f : BIOS.obj (.text:ti_sysbios_gates_GateMutex_enter__E)
                  00006c04    00000004     drivers_MSP432P401R.aem4f : List.oem4f (.text:List_next)
                  00006c08    000000b4     sysbios.aem4f : BIOS.obj (.text:ti_sysbios_knl_Task_checkStacks__E)
                  00006cbc    000000b2     msp432p4xx_driverlib.lib : timer_a.o (.text:privateTimer_AProcessClockSourceDivider)
                  00006d6e    00000002     rtsv7M4_T_le_v4SPD16_eabi.lib : div0.asm.obj (.text)
                  00006d70    000000b0     msp432p4xx_driverlib.lib : pcm.o (.text:__PCM_setCoreVoltageLevelAdvanced)
                  00006e20    000000b0     sysbios.aem4f : BIOS.obj (.text:ti_sysbios_utils_Load_idleFxn__E)
                  00006ed0    000000ac     drivers_MSP432P401R.aem4f : PWMTimerMSP432.oem4f (.text:PWMTimerMSP432_open)
                  00006f7c    00000004                               : PowerMSP432.oem4f (.text:PowerMSP432_getNumPerfLevels)
                  00006f80    000000a8     sysbios.aem4f : BIOS.obj (.text:ti_sysbios_family_arm_msp432_Timer_periodicStub__E)
                  00007028    000000a8     mpu9250.obj (.text:updateTime)
                  000070d0    000000a8     msprf24.obj (.text:w_tx_payload)
                  00007178    000000a0     auto_init.aem4f : auto_init.oem4f (.text)
                  00007218    000000a0     ti.targets.arm.rtsarm.aem4f : Text.oem4f (.text:xdc_runtime_Text_putMod__E)
                  000072b8    0000009c     rtsv7M4_T_le_v4SPD16_eabi.lib : memcpy_t2.asm.obj (.text)
                  00007354    00000004     msprf24.obj (.text:_msprf24_irq_mask)
                  00007358    0000009c     sysbios.aem4f : BIOS.obj (.text:ti_sysbios_knl_Semaphore_Instance_init__E)
                  000073f4    0000009a     ti.targets.arm.rtsarm.aem4f : Text.oem4f (.text:xdc_runtime_Text_putSite__E)
                  0000748e    00000002     drone_pepesteam_pem4f.oem4f (.text:ti_sysbios_BIOS_nullFunc__I)
                  00007490    00000098     msprf24.obj (.text:msprf24_set_retransmit_delay)
                  00007528    00000096     mpu9250.obj (.text:MPU6050init)
                  000075be    00000096     rtsv7M4_T_le_v4SPD16_eabi.lib : ull_div_t2.asm.obj (.text)
                  00007654    00000004                                   : exit.c.obj (.text:abort:abort)
                  00007658    00000094     sysbios.aem4f : BIOS.obj (.text:ti_sysbios_family_arm_m3_Hwi_Instance_init__E)
                  000076ec    00000004     drone_pepesteam_pem4f.oem4f (.text:ti_sysbios_BIOS_RtsGateProxy_enter__E)
                  000076f0    00000094     sysbios.aem4f : BIOS.obj (.text:ti_sysbios_family_arm_m3_Hwi_initNVIC__E)
                  00007784    00000004     drone_pepesteam_pem4f.oem4f (.text:ti_sysbios_BIOS_RtsGateProxy_leave__E)
                  00007788    00000094     sysbios.aem4f : BIOS.obj (.text:ti_sysbios_knl_Task_postInit__I)
                  0000781c    00000092     drivers_MSP432P401R.aem4f : I2CMSP432.oem4f (.text:I2CMSP432_cancel)
                  000078ae    00000092                               : PWMTimerMSP432.oem4f (.text:PWMTimerMSP432_setPeriod)
                  00007940    00000090     msprf24.obj (.text:msprf24_set_pipe_packetsize)
                  000079d0    00000090     ti.uia.loggers.aem4f : LoggerStopMode.oem4f (.text:ti_uia_loggers_LoggerStopMode_initQueueDescriptor__E)
                  00007a60    00000090     mpu9250.obj (.text:writeRegister)
                  00007af0    0000008c     drivers_MSP432P401R.aem4f : I2CMSP432.oem4f (.text:I2CMSP432_transfer)
                  00007b7c    0000008c     sysbios.aem4f : m3_TaskSupport_asm.obj (.text:ti_sysbios_family_arm_m3_TaskSupport_buildTaskStack)
                  00007c08    00000088     msp432p4xx_driverlib.lib : spi.o (.text:SPI_initMaster)
                  00007c90    00000086     rtsv7M4_T_le_v4SPD16_eabi.lib : fd_cmp_t2.asm.obj (.text:__aeabi_cdrcmple)
                  00007d16    00000002     drone_pepesteam_pem4f.oem4f (.text:ti_uia_loggers_LoggerStopMode_setFilterLevel__E)
                  00007d18    00000084     drivers_MSP432P401R.aem4f : ADCMSP432.oem4f (.text:ADCMSP432_convert)
                  00007d9c    00000084                               : PWMTimerMSP432.oem4f (.text:PWMTimerMSP432_setDuty)
                  00007e20    00000084     mpu9250.obj (.text:setAccelData)
                  00007ea4    00000084     mpu9250.obj (.text:setGyroData)
                  00007f28    00000084     sysbios.aem4f : BIOS.obj (.text:ti_sysbios_family_arm_m3_Hwi_postInit__I)
                  00007fac    00000084     msprf24.obj (.text:w_rx_addr)
                  00008030    00000080     msp432p4xx_driverlib.lib : dma.o (.text:DMA_setChannelTransfer)
                  000080b0    00000080     sysbios.aem4f : BIOS.obj (.text:ti_sysbios_utils_Load_updateLoads__E)
                  00008130    0000007c     msp432p4xx_driverlib.lib : pcm.o (.text:PCM_gotoLPM3)
                  000081ac    0000007c     msprf24.obj (.text:msprf24_irq_clear)
                  00008228    0000007a     msprf24.obj (.text:msprf24_open_pipe)
                  000082a2    0000007a     rtsv7M4_T_le_v4SPD16_eabi.lib : memset_t2.asm.obj (.text)
                  0000831c    00000078     drivers_MSP432P401R.aem4f : ADCMSP432.oem4f (.text:ADCMSP432_open)
                  00008394    00000004     drone_pepesteam_pem4f.oem4f (.text:ti_sysbios_family_arm_m3_Hwi_destruct)
                  00008398    00000074     sysbios.aem4f : BIOS.obj (.text:ti_sysbios_knl_Clock_start__E)
                  0000840c    00000074     ti.uia.runtime.aem4f : QueueDescriptor.oem4f (.text:ti_uia_runtime_QueueDescriptor_addToList__E)
                  00008480    00000072     mpu9250.obj (.text:setMagnData)
                  000084f2    00000006     drivers_MSP432P401R.aem4f : ADCMSP432.oem4f (.text:ADCMSP432_control)
                  000084f8    00000070     sysbios.aem4f : BIOS.obj (.text:ti_sysbios_family_arm_m3_TimestampProvider_get64__E)
                  00008568    00000070                   : BIOS.obj (.text:ti_sysbios_knl_Clock_workFunc__E)
                  000085d8    00000070                   : BIOS.obj (.text:ti_sysbios_knl_Task_exit__E)
                  00008648    0000006e     rtsv7M4_T_le_v4SPD16_eabi.lib : fd_tos_t2.asm.obj (.text)
                  000086b6    00000002     ti.uia.loggers.aem4f : LoggerStopMode.oem4f (.text:ti_uia_loggers_LoggerStopMode_setPriority__E)
                  000086b8    0000006d     ti.targets.arm.rtsarm.aem4f : System.oem4f (.text:xdc_runtime_System_formatNum__I)
                  00008725    00000003     --HOLE-- [fill = 0]
                  00008728    0000006c     msp432p4xx_driverlib.lib : adc14.o (.text:ADC14_configureConversionMemory)
                  00008794    00000004     drone_pepesteam_pem4f.oem4f (.text:ti_sysbios_family_arm_m3_TaskSupport_Module__startupDone__S)
                  00008798    0000006c     sysbios.aem4f : BIOS.obj (.text:ti_sysbios_knl_Swi_restoreHwi__E)
                  00008804    0000006c     ti.targets.arm.rtsarm.aem4f : Error.oem4f (.text:xdc_runtime_Error_print__E)
                  00008870    0000006c                                 : Memory.oem4f (.text:xdc_runtime_Memory_alloc__E)
                  000088dc    00000068     rtsv7M4_T_le_v4SPD16_eabi.lib : copy_decompress_lzss.c.obj (.text:decompress:lzss:__TI_decompress_lzss)
                  00008944    00000068     drivers_MSP432P401R.aem4f : I2CMSP432.oem4f (.text:primeTransfer)
                  000089ac    00000066                               : I2CMSP432.oem4f (.text:I2CMSP432_close)
                  00008a12    00000066     mpu9250.obj (.text:readAccel)
                  00008a78    00000066     mpu9250.obj (.text:readGyro)
                  00008ade    00000066     mpu9250.obj (.text:readMagn)
                  00008b44    00000066     ti.uia.loggers.aem4f : LoggerStopMode.oem4f (.text:ti_uia_loggers_LoggerStopMode_flush__E)
                  00008baa    00000066     ti.targets.arm.rtsarm.aem4f : Core-mem.oem4f (.text:xdc_runtime_Core_deleteObject__I)
                  00008c10    00000064     sysbios.aem4f : BIOS.obj (.text:ti_sysbios_family_arm_m3_Hwi_dispatchC__I)
                  00008c74    00000062     tirtosport.aem4f : HwiP_tirtos.oem4f (.text:HwiP_create)
                  00008cd6    00000002     --HOLE-- [fill = 0]
                  00008cd8    00000060     sysbios.aem4f : BIOS.obj (.text:ti_sysbios_family_arm_m3_TimestampProvider_get32__E)
                  00008d38    00000060                   : BIOS.obj (.text:ti_sysbios_family_arm_msp432_Timer_Module_startup__E)
                  00008d98    00000060                   : BIOS.obj (.text:ti_sysbios_knl_Task_schedule__I)
                  00008df8    0000005e     mpu9250.obj (.text:readTransaction)
                  00008e56    00000002     --HOLE-- [fill = 0]
                  00008e58    0000005c     drivers_MSP432P401R.aem4f : GPIOMSP432.oem4f (.text:GPIO_init)
                  00008eb4    00000004     drone_pepesteam_pem4f.oem4f (.text:ti_sysbios_heaps_HeapMem_Module_GateProxy_enter__E)
                  00008eb8    0000005c     sysbios.aem4f : BIOS.obj (.text:ti_sysbios_knl_Swi_run__I)
                  00008f14    00000004     drone_pepesteam_pem4f.oem4f (.text:ti_sysbios_heaps_HeapMem_Module_GateProxy_leave__E)
                  00008f18    0000005c     sysbios.aem4f : BIOS.obj (.text:ti_sysbios_knl_Swi_schedule__I)
                  00008f74    00000004     drone_pepesteam_pem4f.oem4f (.text:ti_sysbios_knl_Clock_TimerProxy_getMaxTicks__E)
                  00008f78    0000005c     sysbios.aem4f : BIOS.obj (.text:ti_sysbios_knl_Task_Module_startup__E)
                  00008fd4    00000004     drone_pepesteam_pem4f.oem4f (.text:ti_sysbios_knl_Queue_destruct)
                  00008fd8    0000005c     sysbios.aem4f : BIOS.obj (.text:ti_sysbios_knl_Task_startCore__E)
                  00009034    0000005b     ti.targets.arm.rtsarm.aem4f : Text.oem4f (.text:xdc_runtime_Text_putLab__E)
                  0000908f    00000001     --HOLE-- [fill = 0]
                  00009090    0000005a     drivers_MSP432P401R.aem4f : SPIMSP432DMA.oem4f (.text:SPIMSP432DMA_close)
                  000090ea    00000002     --HOLE-- [fill = 0]
                  000090ec    00000058                               : ADCMSP432.oem4f (.text:ADCMSP432_close)
                  00009144    00000058     rtsv7M4_T_le_v4SPD16_eabi.lib : hostwrite.c.obj (.text:HOSTwrite)
                  0000919c    00000058     drivers_MSP432P401R.aem4f : SPIMSP432DMA.oem4f (.text:SPIMSP432DMA_transfer)
                  000091f4    00000058     tirtosport.aem4f : SemaphoreP_tirtos.oem4f (.text:SemaphoreP_create)
                  0000924c    00000058     boot.aem4f : boot.oem4f (.text)
                  000092a4    00000058     msprf24.obj (.text:msprf24_init)
                  000092fc    00000058     nRF24L01_SPI.obj (.text:spi_transfer16)
                  00009354    00000058     drone_pepesteam_pem4f.oem4f (.text:ti_sysbios_family_arm_m3_Hwi_construct)
                  000093ac    00000058     sysbios.aem4f : m3_Hwi_asm_switch.obj (.text:ti_sysbios_family_arm_m3_Hwi_initStacks__E)
                  00009404    00000054     drivers_MSP432P401R.aem4f : GPIOMSP432.oem4f (.text:GPIO_hwiIntFxn)
                  00009458    00000054                               : GPIOMSP432.oem4f (.text:GPIO_setCallback)
                  000094ac    00000054                               : PWMTimerMSP432.oem4f (.text:PWMTimerMSP432_stop)
                  00009500    00000054     mpu9250.obj (.text:getAres)
                  00009554    00000054     mpu9250.obj (.text:getGres)
                  000095a8    00000054     drivers_MSP432P401R.aem4f : I2CMSP432.oem4f (.text:initHw)
                  000095fc    00000004     drone_pepesteam_pem4f.oem4f (.text:ti_sysbios_knl_Semaphore_destruct)
                  00009600    00000054     sysbios.aem4f : BIOS.obj (.text:ti_sysbios_family_arm_m3_Timer_start__E)
                  00009654    00000004     ti.uia.loggers.aem4f : LoggerStopMode.oem4f (.text:ti_uia_loggers_LoggerStopMode_getContents__E)
                  00009658    00000054     sysbios.aem4f : BIOS.obj (.text:ti_sysbios_family_arm_msp432_Timer_initDevice__I)
                  000096ac    00000004     drone_pepesteam_pem4f.oem4f (.text:ti_uia_loggers_LoggerStopMode_getFilterLevel__E)
                  000096b0    00000054     sysbios.aem4f : BIOS.obj (.text:ti_sysbios_family_arm_msp432_init_Boot_configureClocksHigh)
                  00009704    00000054     ti.targets.arm.rtsarm.aem4f : Assert.oem4f (.text:xdc_runtime_Assert_raise__I)
                  00009758    00000050     drivers_MSP432P401R.aem4f : GPIOMSP432.oem4f (.text:GPIO_write)
                  000097a8    00000050     msp432p4xx_driverlib.lib : pcm.o (.text:PCM_shutdownDevice)
                  000097f8    00000050     drivers_MSP432P401R.aem4f : PWMTimerMSP432.oem4f (.text:PWMTimerMSP432_close)
                  00009848    00000050     msprf24.obj (.text:msprf24_current_state)
                  00009898    00000050     sysbios.aem4f : BIOS.obj (.text:ti_sysbios_family_arm_m3_Hwi_Module_startup__E)
                  000098e8    00000050     msprf24.obj (.text:w_tx_addr)
                  00009938    00000050     ti.targets.arm.rtsarm.aem4f : Startup.oem4f (.text:xdc_runtime_Startup_exec__E)
                  00009988    00000050                                 : Text.oem4f (.text:xdc_runtime_Text_visitRope2__I)
                  000099d8    0000004c     msp432p4xx_driverlib.lib : gpio.o (.text:GPIO_setAsPeripheralModuleFunctionOutputPin)
                  00009a24    0000004c     drivers_MSP432P401R.aem4f : UDMAMSP432.oem4f (.text:UDMAMSP432_open)
                  00009a70    0000004c     rtsv7M4_T_le_v4SPD16_eabi.lib : cpy_tbl.c.obj (.text:copy_in)
                  00009abc    0000004c     msprf24.obj (.text:r_reg)
                  00009b08    0000004c     sysbios.aem4f : BIOS.obj (.text:ti_sysbios_family_arm_msp432_Timer_start__E)
                  00009b54    00000004     ti.uia.loggers.aem4f : LoggerStopMode.oem4f (.text:ti_uia_loggers_LoggerStopMode_getInstanceId__E)
                  00009b58    0000004c     sysbios.aem4f : BIOS.obj (.text:ti_sysbios_heaps_HeapMem_getStats__E)
                  00009ba4    00000004     ti.uia.loggers.aem4f : LoggerStopMode.oem4f (.text:ti_uia_loggers_LoggerStopMode_getMaxLength__E)
                  00009ba8    0000004c     sysbios.aem4f : BIOS.obj (.text:ti_sysbios_knl_Swi_runLoop__I)
                  00009bf4    00000004     ti.uia.loggers.aem4f : LoggerStopMode.oem4f (.text:ti_uia_loggers_LoggerStopMode_getPriority__E)
                  00009bf8    0000004c     sysbios.aem4f : BIOS.obj (.text:ti_sysbios_knl_Task_allBlockedFunction__I)
                  00009c44    0000004c     ti.uia.loggers.aem4f : LoggerStopMode.oem4f (.text:ti_uia_loggers_LoggerStopMode_Module_startup__E)
                  00009c90    0000004c     msprf24.obj (.text:w_reg)
                  00009cdc    0000004a     drivers_MSP432P401R.aem4f : SPIMSP432DMA.oem4f (.text:initHw)
                  00009d26    00000002     --HOLE-- [fill = 0]
                  00009d28    00000048     msp432p4xx_driverlib.lib : dma.o (.text:DMA_assignInterrupt)
                  00009d70    00000048                              : gpio.o (.text:GPIO_setAsPeripheralModuleFunctionInputPin)
                  00009db8    00000048                              : timer_a.o (.text:Timer_A_generatePWM)
                  00009e00    00000048     sysbios.aem4f : BIOS.obj (.text:ti_sysbios_family_arm_m3_Hwi_disableInterrupt__E)
                  00009e48    00000048                   : BIOS.obj (.text:ti_sysbios_family_arm_m3_Hwi_enableInterrupt__E)
                  00009e90    00000048                   : BIOS.obj (.text:ti_sysbios_family_arm_m3_Hwi_excReserved__I)
                  00009ed8    00000048                   : BIOS.obj (.text:ti_sysbios_family_arm_m3_Timer_initDevice__I)
                  00009f20    00000048                   : BIOS.obj (.text:ti_sysbios_family_arm_m3_Timer_setPeriod__E)
                  00009f68    00000046     ti.targets.arm.rtsarm.aem4f : Core-params.oem4f (.text:xdc_runtime_Core_assignParams__I)
                  00009fae    00000002     --HOLE-- [fill = 0]
                  00009fb0    00000044     msp432p4xx_driverlib.lib : adc14.o (.text:ADC14_configureSingleSampleMode)
                  00009ff4    00000044     drivers_MSP432P401R.aem4f : PowerMSP432.oem4f (.text:Power_init)
                  0000a038    00000044     sysbios.aem4f : BIOS.obj (.text:ti_sysbios_family_arm_m3_Hwi_getStackInfo__E)
                  0000a07c    00000004     ti.uia.loggers.aem4f : LoggerStopMode.oem4f (.text:ti_uia_loggers_LoggerStopMode_getTransferType__E)
                  0000a080    00000044     sysbios.aem4f : BIOS.obj (.text:ti_sysbios_knl_Swi_post__E)
                  0000a0c4    00000044     ti.uia.loggers.aem4f : LoggerStopMode.oem4f (.text:ti_uia_loggers_LoggerStopMode_initBuffer__I)
                  0000a108    00000044     ti.targets.arm.rtsarm.aem4f : Error.oem4f (.text:xdc_runtime_Error_setX__E)
                  0000a14c    00000044                                 : SysMin.oem4f (.text:xdc_runtime_SysMin_flush__E)
                  0000a190    00000044                                 : Text.oem4f (.text:xdc_runtime_Text_xprintf__I)
                  0000a1d4    00000042     drivers_MSP432P401R.aem4f : I2CMSP432.oem4f (.text:completeTransfer)
                  0000a216    00000002     --HOLE-- [fill = 0]
                  0000a218    00000040     msp432p4xx_driverlib.lib : flash.o (.text:FlashCtl_disableReadBuffering)
                  0000a258    00000040                              : i2c.o (.text:I2C_masterSendMultiByteFinish)
                  0000a298    00000040                              : pmap.o (.text:PMAP_configurePorts)
                  0000a2d8    00000040     drivers_MSP432P401R.aem4f : PWMTimerMSP432.oem4f (.text:PWMTimerMSP432_start)
                  0000a318    00000040                               : UDMAMSP432.oem4f (.text:UDMAMSP432_init)
                  0000a358    00000040     msprf24.obj (.text:msprf24_enable_feature)
                  0000a398    00000040     msprf24.obj (.text:msprf24_rx_pending)
                  0000a3d8    00000040     drivers_MSP432P401R.aem4f : PowerMSP432.oem4f (.text:notify)
                  0000a418    00000040     rtsv7M4_T_le_v4SPD16_eabi.lib : u_divt2.asm.obj (.text)
                  0000a458    00000040     sysbios.aem4f : BIOS.obj (.text:ti_sysbios_family_arm_msp432_Timer_startup__E)
                  0000a498    0000003e     msp432p4xx_driverlib.lib : i2c.o (.text:I2C_initMaster)
                  0000a4d6    0000003c     mpu9250.obj (.text:AK8963init)
                  0000a512    00000002     --HOLE-- [fill = 0]
                  0000a514    0000003c     msp432p4xx_driverlib.lib : dma.o (.text:DMA_enableInterrupt)
                  0000a550    0000003c     power_tirtos_MSP432P401R.aem4f : PowerMSP432_tirtos.oem4f (.text:PowerMSP432_sleepPolicy)
                  0000a58c    0000003c     drivers_MSP432P401R.aem4f : PWMTimerMSP432.oem4f (.text:getPeriodCounts)
                  0000a5c8    0000003c     sysbios.aem4f : BIOS.obj (.text:ti_sysbios_family_arm_m3_Hwi_excSvCall__I)
                  0000a604    00000004     ti.targets.arm.rtsarm.aem4f : Error.oem4f (.text:xdc_runtime_Error_getSite__E)
                  0000a608    0000003c     sysbios.aem4f : BIOS.obj (.text:ti_sysbios_heaps_HeapMem_init__I)
                  0000a644    00000004     drone_pepesteam_pem4f.oem4f (.text:xdc_runtime_System_Module_GateProxy_enter__E)
                  0000a648    0000003c     sysbios.aem4f : BIOS.obj (.text:ti_sysbios_knl_Swi_restore__E)
                  0000a684    0000003a     drivers_MSP432P401R.aem4f : SPIMSP432DMA.oem4f (.text:SPIMSP432DMA_hwiFxn)
                  0000a6be    0000003a     mpu9250.obj (.text:mpu_I2c_CheckMag)
                  0000a6f8    0000003a     nRF24L01_SPI.obj (.text:spi_transfer)
                  0000a732    00000002     --HOLE-- [fill = 0]
                  0000a734    00000038     msp432p4xx_driverlib.lib : adc14.o (.text:ADC14_initModule)
                  0000a76c    00000038                              : adc14.o (.text:ADC14_setSampleHoldTrigger)
                  0000a7a4    00000038     drivers_MSP432P401R.aem4f : ADCMSP432.oem4f (.text:ADCMSP432_convertRawToMicroVolts)
                  0000a7dc    00000038                               : ADC.oem4f (.text:ADC_init)
                  0000a814    00000038                               : I2C.oem4f (.text:I2C_init)
                  0000a84c    00000038                               : PWM.oem4f (.text:PWM_init)
                  0000a884    00000038                               : SPI.oem4f (.text:SPI_init)
                  0000a8bc    00000038     rtsv7M4_T_le_v4SPD16_eabi.lib : trgmsg.c.obj (.text:__TI_writemsg)
                  0000a8f4    00000038     drivers_MSP432P401R.aem4f : PWMTimerMSP432.oem4f (.text:getDutyCounts)
                  0000a92c    00000038                               : I2CMSP432.oem4f (.text:perfChangeNotifyFxn)
                  0000a964    00000038     rtsv7M4_T_le_v4SPD16_eabi.lib : fs_tod_t2.asm.obj (.text)
                  0000a99c    00000004     drone_pepesteam_pem4f.oem4f (.text:xdc_runtime_System_Module_GateProxy_leave__E)
                  0000a9a0    00000038     sysbios.aem4f : BIOS.obj (.text:ti_sysbios_family_arm_m3_Hwi_excNoIsr__I)
                  0000a9d8    00000038                   : BIOS.obj (.text:ti_sysbios_knl_Task_processVitalTaskFlag__I)
                  0000aa10    00000038     ti.targets.arm.rtsarm.aem4f : SysMin.oem4f (.text:xdc_runtime_SysMin_putch__E)
                  0000aa48    00000038                                 : System.oem4f (.text:xdc_runtime_System_atexit__E)
                  0000aa80    00000034     msp432p4xx_driverlib.lib : flash.o (.text:FlashCtl_enableReadBuffering)
                  0000aab4    00000034     rtsv7M4_T_le_v4SPD16_eabi.lib : trgmsg.c.obj (.text:__TI_readmsg)
                  0000aae8    00000034     mpu9250.obj (.text:getMres)
                  0000ab1c    00000034     drivers_MSP432P401R.aem4f : ADCMSP432.oem4f (.text:initHw)
                  0000ab50    00000034     mpu9250.obj (.text:mpu_I2c_ReadAndClearMagStatusRegister)
                  0000ab84    00000034     msprf24.obj (.text:msprf24_set_speed_power)
                  0000abb8    00000034     msprf24.obj (.text:msprf24_standby)
                  0000abec    00000034     drone_pepesteam_pem4f.oem4f (.text:ti_sysbios_BIOS_startFunc__I)
                  0000ac20    00000034     sysbios.aem4f : BIOS.obj (.text:ti_sysbios_family_arm_m3_Hwi_Instance_finalize__E)
                  0000ac54    00000004     ti.targets.arm.rtsarm.aem4f : System.oem4f (.text:xdc_runtime_System_aprintf_va__F)
                  0000ac58    00000034     sysbios.aem4f : BIOS.obj (.text:ti_sysbios_family_arm_m3_Hwi_excNmi__I)
                  0000ac8c    00000004     ti.targets.arm.rtsarm.aem4f : System.oem4f (.text:xdc_runtime_System_printf_va__F)
                  0000ac90    00000034     sysbios.aem4f : BIOS.obj (.text:ti_sysbios_family_arm_m3_Timer_periodicStub__I)
                  0000acc4    00000004     --HOLE-- [fill = 0]
                  0000acc8    00000034                   : BIOS.obj (.text:ti_sysbios_hal_Hwi_checkStack)
                  0000acfc    00000034     drone_pepesteam_pem4f.oem4f (.text:ti_sysbios_knl_Clock_construct)
                  0000ad30    00000034     ti.uia.loggers.aem4f : LoggerStopMode.oem4f (.text:ti_uia_loggers_LoggerStopMode_reset__E)
                  0000ad64    00000034     ti.targets.arm.rtsarm.aem4f : Core-label.oem4f (.text:xdc_runtime_Core_assignLabel__I)
                  0000ad98    00000033                                 : Text.oem4f (.text:xdc_runtime_Text_printVisFxn__I)
                  0000adcb    00000001     --HOLE-- [fill = 0]
                  0000adcc    00000032     msp432p4xx_driverlib.lib : spi.o (.text:SPI_initSlave)
                  0000adfe    00000032     mpu9250.obj (.text:readRegister)
                  0000ae30    00000032     mpu9250.obj (.text:readRegisters)
                  0000ae62    00000006     drivers_MSP432P401R.aem4f : ADC.oem4f (.text:ADC_Params_init)
                  0000ae68    00000032     sysbios.aem4f : BIOS.obj (.text:ti_sysbios_hal_Hwi_initStack)
                  0000ae9a    00000002     --HOLE-- [fill = 0]
                  0000ae9c    00000030     msp432p4xx_driverlib.lib : gpio.o (.text:GPIO_getEnabledInterruptStatus)
                  0000aecc    00000030                              : gpio.o (.text:GPIO_setAsInputPinWithPullDownResistor)
                  0000aefc    00000030                              : gpio.o (.text:GPIO_setAsInputPinWithPullUpResistor)
                  0000af2c    00000030     drivers_MSP432P401R.aem4f : I2C.oem4f (.text:I2C_open)
                  0000af5c    00000030     MSP_EXP432P401R.obj (.text:MSP_EXP432P401R_initPWM)
                  0000af8c    00000030     MSP_EXP432P401R.obj (.text:MSP_EXP432P401R_initSPI)
                  0000afbc    00000030     drivers_MSP432P401R.aem4f : PWM.oem4f (.text:PWM_open)
                  0000afec    00000030                               : SPI.oem4f (.text:SPI_open)
                  0000b01c    00000030     msp432p4xx_driverlib.lib : spi.o (.text:is_A_Module)
                  0000b04c    00000030     msprf24.obj (.text:msprf24_set_config)
                  0000b07c    00000030     drone_pepesteam_pem4f.oem4f (.text:ti_sysbios_BIOS_atExitFunc__I)
                  0000b0ac    00000004     --HOLE-- [fill = 0]
                  0000b0b0    00000030     sysbios.aem4f : BIOS.obj (.text:ti_sysbios_family_arm_m3_TaskSupport_start__E)
                  0000b0e0    00000030                   : BIOS.obj (.text:ti_sysbios_family_arm_msp432_Timer_setPeriod__E)
                  0000b110    00000030     drone_pepesteam_pem4f.oem4f (.text:ti_sysbios_gates_GateHwi_Object__create__S)
                  0000b140    00000030     drone_pepesteam_pem4f.oem4f (.text:ti_sysbios_gates_GateMutex_Object__create__S)
                  0000b170    00000030     drone_pepesteam_pem4f.oem4f (.text:ti_sysbios_heaps_HeapMem_Object__create__S)
                  0000b1a0    00000030     drone_pepesteam_pem4f.oem4f (.text:ti_sysbios_knl_Semaphore_construct)
                  0000b1d0    00000030     sysbios.aem4f : BIOS.obj (.text:ti_sysbios_knl_Semaphore_pendTimeout__I)
                  0000b200    00000030                   : BIOS.obj (.text:ti_sysbios_knl_Task_unblockI__E)
                  0000b230    00000030                   : BIOS.obj (.text:ti_sysbios_utils_Load_updateCurrentThreadTime__E)
                  0000b260    00000030     drone_pepesteam_pem4f.oem4f (.text:ti_uia_loggers_LoggerStopMode_Object__create__S)
                  0000b290    00000030     ti.targets.arm.rtsarm.aem4f : SysMin.oem4f (.text:xdc_runtime_SysMin_abort__E)
                  0000b2c0    00000030                                 : System.oem4f (.text:xdc_runtime_System_processAtExit__E)
                  0000b2f0    0000002c     msp432p4xx_driverlib.lib : adc14.o (.text:ADC14_enableConversion)
                  0000b31c    0000002c                              : adc14.o (.text:ADC14_setSampleHoldTime)
                  0000b348    0000002c                              : gpio.o (.text:GPIO_setAsInputPin)
                  0000b374    0000002c                              : pcm.o (.text:PCM_getCoreVoltageLevel)
                  0000b3a0    0000002c     power_tirtos_MSP432P401R.aem4f : PowerMSP432_tirtos.oem4f (.text:PowerMSP432_updateFreqs)
                  0000b3cc    0000002c     drivers_MSP432P401R.aem4f : PowerMSP432.oem4f (.text:Power_releaseConstraint)
                  0000b3f8    0000002c                               : PowerMSP432.oem4f (.text:Power_setConstraint)
                  0000b424    0000002c     msprf24.obj (.text:msprf24_set_address_width)
                  0000b450    0000002c     drone_pepesteam_pem4f.oem4f (.text:ti_sysbios_knl_Clock_doTick__I)
                  0000b47c    0000002c     drone_pepesteam_pem4f.oem4f (.text:ti_sysbios_knl_Queue_construct)
                  0000b4a8    0000002c     sysbios.aem4f : BIOS.obj (.text:ti_sysbios_knl_Task_restore__E)
                  0000b4d4    0000002c     ti.targets.arm.rtsarm.aem4f : Text.oem4f (.text:xdc_runtime_Text_cordText__E)
                  0000b500    0000002a     msp432p4xx_driverlib.lib : pcm.o (.text:PCM_getPowerMode)
                  0000b52a    0000002a     msprf24.obj (.text:msprf24_set_retransmit_count)
                  0000b554    0000002a     drivers_MSP432P401R.aem4f : SPIMSP432DMA.oem4f (.text:perfChangeNotifyFxn)
                  0000b57e    0000002a     ti.targets.arm.rtsarm.aem4f : System.oem4f (.text:xdc_runtime_System_putchar__I)
                  0000b5a8    00000028     msp432p4xx_driverlib.lib : adc14.o (.text:ADC14_enableSampleTimer)
                  0000b5d0    00000028     drivers_MSP432P401R.aem4f : ADC.oem4f (.text:ADC_open)
                  0000b5f8    00000028     msp432p4xx_driverlib.lib : flash.o (.text:FlashCtl_setWaitState)
                  0000b620    00000028                              : pcm.o (.text:PCM_gotoLPM0)
                  0000b648    00000028     mpu9250.obj (.text:init_struct)
                  0000b670    00000028     sysbios.aem4f : BIOS.obj (.text:ti_sysbios_knl_Clock_addI__E)
                  0000b698    00000028                   : BIOS.obj (.text:ti_sysbios_knl_Swi_Module_startup__E)
                  0000b6c0    00000026     drivers_MSP432P401R.aem4f : List.oem4f (.text:List_put)
                  0000b6e6    00000026     msprf24.obj (.text:msprf24_is_alive)
                  0000b70c    00000026     sysbios.aem4f : m3_Hwi_asm.obj (.text:ti_sysbios_family_arm_m3_Hwi_pendSV__I)
                  0000b732    00000026     ti.targets.arm.rtsarm.aem4f : System.oem4f (.text:xdc_runtime_System_avprintf__E)
                  0000b758    00000024     msp432p4xx_driverlib.lib : cs.o (.text:CS_setDCOCenteredFrequency)
                  0000b77c    00000024                              : dma.o (.text:DMA_setChannelControl)
                  0000b7a0    00000024                              : gpio.o (.text:GPIO_setAsOutputPin)
                  0000b7c4    00000024                              : i2c.o (.text:I2C_masterSendMultiByteNext)
                  0000b7e8    00000024                              : rtc_c.o (.text:RTC_C_holdClock)
                  0000b80c    00000024                              : rtc_c.o (.text:RTC_C_startClock)
                  0000b830    00000024     msprf24.obj (.text:flush_rx)
                  0000b854    00000024     msprf24.obj (.text:flush_tx)
                  0000b878    00000024     msprf24.obj (.text:msprf24_set_channel)
                  0000b89c    00000024     drone_pepesteam_pem4f.oem4f (.text:ti_sysbios_BIOS_errorRaiseHook__I)
                  0000b8c0    00000024     drone_pepesteam_pem4f.oem4f (.text:ti_sysbios_BIOS_registerRTSLock__I)
                  0000b8e4    00000024     drone_pepesteam_pem4f.oem4f (.text:ti_sysbios_BIOS_removeRTSLock__I)
                  0000b908    00000024     sysbios.aem4f : BIOS.obj (.text:ti_sysbios_family_arm_m3_Timer_Module_startup__E)
                  0000b92c    00000004     --HOLE-- [fill = 0]
                  0000b930    00000024                   : BIOS.obj (.text:ti_sysbios_family_arm_m3_Timer_postInit__I)
                  0000b954    00000004     --HOLE-- [fill = 0]
                  0000b958    00000024                   : BIOS.obj (.text:ti_sysbios_family_arm_m3_Timer_startup__E)
                  0000b97c    00000004     --HOLE-- [fill = 0]
                  0000b980    00000024                   : BIOS.obj (.text:ti_sysbios_family_arm_msp432_ClockFreqs_setFrequency__E)
                  0000b9a4    00000024     drone_pepesteam_pem4f.oem4f (.text:ti_sysbios_gates_GateMutex_Object__delete__S)
                  0000b9c8    00000024     sysbios.aem4f : BIOS.obj (.text:ti_sysbios_knl_Clock_Module_startup__E)
                  0000b9ec    00000004     --HOLE-- [fill = 0]
                  0000b9f0    00000024                   : BIOS.obj (.text:ti_sysbios_knl_Task_restoreHwi__E)
                  0000ba14    00000004     --HOLE-- [fill = 0]
                  0000ba18    00000024                   : BIOS.obj (.text:ti_sysbios_utils_Load_updateThreadContexts__E)
                  0000ba3c    00000024     ti.targets.arm.rtsarm.aem4f : System.oem4f (.text:xdc_runtime_System_vprintf__E)
                  0000ba60    00000022     drone_pepesteam_pem4f.oem4f (.text:xdc_runtime_SysMin_output__I)
                  0000ba82    00000002     --HOLE-- [fill = 0]
                  0000ba84    00000020     msp432p4xx_driverlib.lib : adc14.o (.text:ADC14_clearInterruptFlag)
                  0000baa4    00000020                              : adc14.o (.text:ADC14_disableInterrupt)
                  0000bac4    00000020                              : adc14.o (.text:ADC14_disableModule)
                  0000bae4    00000020                              : adc14.o (.text:ADC14_toggleConversionTrigger)
                  0000bb04    00000020                              : gpio.o (.text:GPIO_interruptEdgeSelect)
                  0000bb24    00000020     drivers_MSP432P401R.aem4f : PowerMSP432.oem4f (.text:PowerMSP432_getFreqs)
                  0000bb44    00000020                               : PowerMSP432.oem4f (.text:Power_unregisterNotify)
                  0000bb64    00000020                               : UDMAMSP432.oem4f (.text:UDMAMSP432_close)
                  0000bb84    00000020     rtsv7M4_T_le_v4SPD16_eabi.lib : u_tofd_t2.asm.obj (.text)
                  0000bba4    00000020     drone_pepesteam_pem4f.oem4f (.text:ti_sysbios_BIOS_rtsLock__I)
                  0000bbc4    00000020     sysbios.aem4f : m3_Hwi_asm.obj (.text:ti_sysbios_family_arm_m3_Hwi_excHandlerAsm__I)
                  0000bbe4    00000004     --HOLE-- [fill = 0]
                  0000bbe8    00000020                   : BIOS.obj (.text:ti_sysbios_family_arm_m3_Hwi_excHandler__I)
                  0000bc08    00000020                   : BIOS.obj (.text:ti_sysbios_family_arm_m3_TimestampProvider_Module_startup__E)
                  0000bc28    00000020     drone_pepesteam_pem4f.oem4f (.text:ti_sysbios_gates_GateHwi_Object__delete__S)
                  0000bc48    00000020     drone_pepesteam_pem4f.oem4f (.text:ti_sysbios_heaps_HeapMem_Object__delete__S)
                  0000bc68    00000020     sysbios.aem4f : BIOS.obj (.text:ti_sysbios_knl_Idle_run__E)
                  0000bc88    00000020     drone_pepesteam_pem4f.oem4f (.text:ti_sysbios_knl_Semaphore_Object__destruct__S)
                  0000bca8    00000020     drone_pepesteam_pem4f.oem4f (.text:ti_uia_loggers_LoggerStopMode_Object__delete__S)
                  0000bcc8    00000020     ti.targets.arm.rtsarm.aem4f : Registry.oem4f (.text:xdc_runtime_Registry_findById__E)
                  0000bce8    00000020                                 : SysMin.oem4f (.text:xdc_runtime_SysMin_Module_startup__E)
                  0000bd08    0000001e     drivers_MSP432P401R.aem4f : PWMTimerMSP432.oem4f (.text:corroboratePeriod)
                  0000bd26    0000001e     msprf24.obj (.text:msprf24_activate_rx)
                  0000bd44    0000001e     sysbios.aem4f : m3_Hwi_asm_switch.obj (.text:ti_sysbios_family_xxx_Hwi_switchAndRunFunc)
                  0000bd62    00000002     --HOLE-- [fill = 0]
                  0000bd64    0000001c     msp432p4xx_driverlib.lib : adc14.o (.text:ADC14_getInterruptStatus)
                  0000bd80    0000001c                              : pcm.o (.text:PCM_enableRudeMode)
                  0000bd9c    0000001c     drivers_MSP432P401R.aem4f : PowerMSP432.oem4f (.text:Power_registerNotify)
                  0000bdb8    0000001c     msprf24.obj (.text:msprf24_close_pipe_all)
                  0000bdd4    0000001c     drone_pepesteam_pem4f.oem4f (.text:ti_sysbios_family_arm_m3_Hwi_Object__destruct__S)
                  0000bdf0    0000001c     sysbios.aem4f : BIOS.obj (.text:ti_sysbios_family_arm_m3_Timer_stop__E)
                  0000be0c    00000004     --HOLE-- [fill = 0]
                  0000be10    0000001c                   : BIOS.obj (.text:ti_sysbios_gates_GateMutex_Instance_init__E)
                  0000be2c    0000001c     drone_pepesteam_pem4f.oem4f (.text:ti_sysbios_knl_Queue_Object__destruct__S)
                  0000be48    0000001c     sysbios.aem4f : BIOS.obj (.text:ti_sysbios_knl_Queue_put__E)
                  0000be64    00000004     --HOLE-- [fill = 0]
                  0000be68    0000001c                   : BIOS.obj (.text:ti_sysbios_knl_Task_enter__I)
                  0000be84    0000001c     ti.uia.loggers.aem4f : LoggerStopMode.oem4f (.text:ti_uia_loggers_LoggerStopMode_Instance_init__E)
                  0000bea0    0000001c     ti.targets.arm.rtsarm.aem4f : Error.oem4f (.text:xdc_runtime_Error_raiseX__E)
                  0000bebc    0000001c                                 : Memory.oem4f (.text:xdc_runtime_Memory_valloc__E)
                  0000bed8    0000001c                                 : SysMin.oem4f (.text:xdc_runtime_SysMin_exit__E)
                  0000bef4    0000001c                                 : System.oem4f (.text:xdc_runtime_System_abort__E)
                  0000bf10    0000001a     drivers_MSP432P401R.aem4f : List.oem4f (.text:List_remove)
                  0000bf2a    0000001a     msp432p4xx_driverlib.lib : spi.o (.text:SPI_disableModule)
                  0000bf44    0000001a                              : spi.o (.text:SPI_enableModule)
                  0000bf5e    0000001a                              : spi.o (.text:SPI_getReceiveBufferAddressForDMA)
                  0000bf78    0000001a                              : spi.o (.text:SPI_getTransmitBufferAddressForDMA)
                  0000bf92    0000001a     drone_pepesteam_pem4f.oem4f (.text:ti_sysbios_family_arm_m3_Hwi_Handle__label__S)
                  0000bfac    0000001a     drone_pepesteam_pem4f.oem4f (.text:ti_sysbios_gates_GateHwi_Handle__label__S)
                  0000bfc6    0000001a     drone_pepesteam_pem4f.oem4f (.text:ti_sysbios_gates_GateMutex_Handle__label__S)
                  0000bfe0    0000001a     drone_pepesteam_pem4f.oem4f (.text:ti_sysbios_heaps_HeapMem_Handle__label__S)
                  0000bffa    0000001a     drone_pepesteam_pem4f.oem4f (.text:ti_sysbios_knl_Swi_Handle__label__S)
                  0000c014    0000001a     drone_pepesteam_pem4f.oem4f (.text:ti_sysbios_knl_Task_Handle__label__S)
                  0000c02e    0000001a     drone_pepesteam_pem4f.oem4f (.text:ti_uia_loggers_LoggerStopMode_Handle__label__S)
                  0000c048    0000001a     drone_pepesteam_pem4f.oem4f (.text:xdc_runtime_System_aprintf__E)
                  0000c062    0000001a     drone_pepesteam_pem4f.oem4f (.text:xdc_runtime_System_printf__E)
                  0000c07c    00000018     msp432p4xx_driverlib.lib : adc14.o (.text:ADC14_getResult)
                  0000c094    00000018                              : dma.o (.text:DMA_clearInterruptFlag)
                  0000c0ac    00000018                              : dma.o (.text:DMA_enableChannel)
                  0000c0c4    00000018                              : dma.o (.text:DMA_isChannelEnabled)
                  0000c0dc    00000018                              : gpio.o (.text:GPIO_clearInterruptFlag)
                  0000c0f4    00000018                              : gpio.o (.text:GPIO_setDriveStrengthLow)
                  0000c10c    00000018                              : gpio.o (.text:GPIO_setOutputLowOnPin)
                  0000c124    00000018                              : i2c.o (.text:I2C_masterIsStartSent)
                  0000c13c    00000018     drivers_MSP432P401R.aem4f : SPIMSP432DMA.oem4f (.text:SPIMSP432DMA_transferCancel)
                  0000c154    00000018     msp432p4xx_driverlib.lib : wdt_a.o (.text:WDT_A_holdTimer)
                  0000c16c    00000018     rtsv7M4_T_le_v4SPD16_eabi.lib : args_main.c.obj (.text:_args_main)
                  0000c184    00000018     main.obj (.text:clk0Fxn)
                  0000c19c    00000018     drivers_MSP432P401R.aem4f : PWMTimerMSP432.oem4f (.text:corroborateDuty)
                  0000c1b4    00000018     drone_pepesteam_pem4f.oem4f (.text:ti_sysbios_BIOS_rtsUnlock__I)
                  0000c1cc    00000018     drone_pepesteam_pem4f.oem4f (.text:ti_sysbios_family_arm_m3_Hwi_Module__startupDone__F)
                  0000c1e4    00000018     sysbios.aem4f : m3_TaskSupport_asm.obj (.text:ti_sysbios_family_arm_m3_TaskSupport_swap__E)
                  0000c1fc    00000018     drone_pepesteam_pem4f.oem4f (.text:ti_sysbios_family_arm_msp432_Timer_Module__startupDone__F)
                  0000c214    00000004     --HOLE-- [fill = 0]
                  0000c218    00000018     sysbios.aem4f : BIOS.obj (.text:ti_sysbios_gates_GateMutex_leave__E)
                  0000c230    00000018                   : BIOS.obj (.text:ti_sysbios_knl_Task_sleepTimeout__I)
                  0000c248    00000018     ti.targets.arm.rtsarm.aem4f : Error.oem4f (.text:xdc_runtime_Error_check__E)
                  0000c260    00000018                                 : System.oem4f (.text:xdc_runtime_System_exit__E)
                  0000c278    00000018                                 : Text.oem4f (.text:xdc_runtime_Text_ropeText__E)
                  0000c290    00000016     tirtosport.aem4f : HwiP_tirtos.oem4f (.text:HwiP_delete)
                  0000c2a6    00000016                      : SemaphoreP_tirtos.oem4f (.text:SemaphoreP_delete)
                  0000c2bc    00000016     msprf24.obj (.text:msprf24_powerdown)
                  0000c2d2    00000016     drone_pepesteam_pem4f.oem4f (.text:ti_sysbios_BIOS_exitFunc__I)
                  0000c2e8    00000016     main.obj (.text:ti_sysbios_knl_Clock_Params_init)
                  0000c2fe    00000016     ti.uia.loggers.aem4f : LoggerStopMode.oem4f (.text:ti_uia_loggers_LoggerStopMode_disable__E)
                  0000c314    00000016                          : LoggerStopMode.oem4f (.text:ti_uia_loggers_LoggerStopMode_enable__E)
                  0000c32a    00000002     --HOLE-- [fill = 0]
                  0000c32c    00000014     msp432p4xx_driverlib.lib : adc14.o (.text:ADC14_setResolution)
                  0000c340    00000014                              : adc14.o (.text:ADCIsConversionRunning)
                  0000c354    00000014                              : gpio.o (.text:GPIO_setDriveStrengthHigh)
                  0000c368    00000014                              : gpio.o (.text:GPIO_setOutputHighOnPin)
                  0000c37c    00000014     drivers_MSP432P401R.aem4f : PWM.oem4f (.text:PWM_Params_init)
                  0000c390    00000014                               : PowerMSP432.oem4f (.text:Power_idleFunc)
                  0000c3a4    00000014     msp432p4xx_driverlib.lib : ref_a.o (.text:REF_A_setReferenceVoltage)
                  0000c3b8    00000014     drivers_MSP432P401R.aem4f : SPI.oem4f (.text:SPI_Params_init)
                  0000c3cc    00000014     msp432p4xx_driverlib.lib : wdt_a.o (.text:WDT_A_startTimer)
                  0000c3e0    00000014     msprf24.obj (.text:msprf24_activate_tx)
                  0000c3f4    00000014     rtsv7M4_T_le_v4SPD16_eabi.lib : strlen.c.obj (.text:strlen)
                  0000c408    00000014     drone_pepesteam_pem4f.oem4f (.text:ti_sysbios_family_arm_m3_Hwi_Object__get__S)
                  0000c41c    00000004     --HOLE-- [fill = 0]
                  0000c420    00000014     sysbios.aem4f : BIOS.obj (.text:ti_sysbios_family_arm_m3_Hwi_switchFromBootStack__E)
                  0000c434    00000014     drone_pepesteam_pem4f.oem4f (.text:ti_sysbios_heaps_HeapMem_Object__get__S)
                  0000c448    00000014     drone_pepesteam_pem4f.oem4f (.text:ti_sysbios_knl_Swi_Object__get__S)
                  0000c45c    00000012     MSP_EXP432P401R.obj (.text:MSP_EXP432P401R_initI2C)
                  0000c46e    00000012     tirtosport.aem4f : SemaphoreP_tirtos.oem4f (.text:SemaphoreP_pend)
                  0000c480    00000012     msprf24.obj (.text:pulse_ce)
                  0000c492    00000006     drivers_MSP432P401R.aem4f : I2CMSP432.oem4f (.text:I2CMSP432_control)
                  0000c498    00000012     sysbios.aem4f : BIOS.obj (.text:ti_sysbios_hal_Hwi_Module_startup__E)
                  0000c4aa    00000012     drone_pepesteam_pem4f.oem4f (.text:xdc_runtime_Startup_exec__I)
                  0000c4bc    00000010     msp432p4xx_driverlib.lib : adc14.o (.text:ADC14_disableConversion)
                  0000c4cc    00000010                              : adc14.o (.text:ADC14_enableModule)
                  0000c4dc    00000010                              : dma.o (.text:DMA_clearErrorStatus)
                  0000c4ec    00000010                              : dma.o (.text:DMA_enableModule)
                  0000c4fc    00000010                              : gpio.o (.text:GPIO_getInterruptStatus)
                  0000c50c    00000010     drivers_MSP432P401R.aem4f : I2C.oem4f (.text:I2C_Params_init)
                  0000c51c    00000010     msp432p4xx_driverlib.lib : i2c.o (.text:I2C_masterReceiveMultiByteStop)
                  0000c52c    00000010                              : i2c.o (.text:I2C_masterReceiveStart)
                  0000c53c    00000010                              : i2c.o (.text:I2C_masterSendStart)
                  0000c54c    00000010                              : pcm.o (.text:PCM_gotoLPM4)
                  0000c55c    00000010                              : ref_a.o (.text:REF_A_enableReferenceVoltage)
                  0000c56c    00000010     msprf24.obj (.text:_msprf24_crc_mask)
                  0000c57c    00000010     MSP_EXP432P401R.obj (.text:dmaErrorHwi)
                  0000c58c    00000004     --HOLE-- [fill = 0]
                  0000c590    00000010     sysbios.aem4f : BIOS.obj (.text:ti_sysbios_BIOS_getCpuFreq__E)
                  0000c5a0    00000010                   : BIOS.obj (.text:ti_sysbios_BIOS_setCpuFreq__E)
                  0000c5b0    00000010                   : BIOS.obj (.text:ti_sysbios_BIOS_setThreadType__E)
                  0000c5c0    00000010                   : BIOS.obj (.text:ti_sysbios_BIOS_start__E)
                  0000c5d0    00000010                   : m3_TaskSupport_asm.obj (.text:ti_sysbios_family_arm_m3_TaskSupport_glue)
                  0000c5e0    00000010                   : BIOS.obj (.text:ti_sysbios_family_arm_msp432_init_Boot_disableWatchdog)
                  0000c5f0    00000010                   : BIOS.obj (.text:ti_sysbios_gates_GateMutex_Instance_finalize__E)
                  0000c600    00000010                   : BIOS.obj (.text:ti_sysbios_knl_Semaphore_Instance_finalize__E)
                  0000c610    00000010                   : BIOS.obj (.text:ti_sysbios_knl_Swi_disable__E)
                  0000c620    00000010     drone_pepesteam_pem4f.oem4f (.text:ti_sysbios_knl_Task_Object__get__S)
                  0000c630    00000010     sysbios.aem4f : BIOS.obj (.text:ti_sysbios_knl_Task_disable__E)
                  0000c640    00000010     drone_pepesteam_pem4f.oem4f (.text:ti_uia_loggers_LoggerStopMode_Object__get__S)
                  0000c650    00000010     ti.uia.loggers.aem4f : LoggerStopMode.oem4f (.text:ti_uia_loggers_LoggerStopMode_isEmpty__E)
                  0000c660    00000010     ti.targets.arm.rtsarm.aem4f : Gate.oem4f (.text:xdc_runtime_Gate_leaveSystem__E)
                  0000c670    00000010                                 : Memory.oem4f (.text:xdc_runtime_Memory_free__E)
                  0000c680    00000010                                 : SysMin.oem4f (.text:xdc_runtime_SysMin_ready__E)
                  0000c690    00000010                                 : System.oem4f (.text:xdc_runtime_System_vsnprintf__E)
                  0000c6a0    00000010     drone_pepesteam_pem4f.oem4f (.text:xdc_runtime_Text_visitRope__I)
                  0000c6b0    0000000e     tirtosport.aem4f : HwiP_tirtos.oem4f (.text:HwiP_Params_init)
                  0000c6be    0000000e     msp432p4xx_driverlib.lib : i2c.o (.text:I2C_clearInterruptFlag)
                  0000c6cc    0000000e                              : i2c.o (.text:I2C_disableInterrupt)
                  0000c6da    0000000e                              : i2c.o (.text:I2C_setMode)
                  0000c6e8    0000000e                              : timer_a.o (.text:Timer_A_setCompareValue)
                  0000c6f6    0000000e     rtsv7M4_T_le_v4SPD16_eabi.lib : copy_decompress_none.c.obj (.text:decompress:none:__TI_decompress_none)
                  0000c704    00000004     --HOLE-- [fill = 0]
                  0000c708    0000000e     sysbios.aem4f : BIOS.obj (.text:ti_sysbios_knl_Idle_loop__E)
                  0000c716    00000002     --HOLE-- [fill = 0]
                  0000c718    0000000e                   : BIOS.obj (.text:ti_sysbios_knl_Queue_empty__E)
                  0000c726    0000000c     drone_pepesteam_pem4f.oem4f (.text:.bootCodeSection:ti_sysbios_family_arm_msp432_init_Boot_init__I)
                  0000c732    0000000c     msprf24.obj (.text:CE_DIS)
                  0000c73e    0000000c     msprf24.obj (.text:CE_EN)
                  0000c74a    0000000c     msp432p4xx_driverlib.lib : cpu.o (.text:CPU_cpsid)
                  0000c756    0000000c                              : cpu.o (.text:CPU_cpsie)
                  0000c762    0000000c     msprf24.obj (.text:CSN_DIS)
                  0000c76e    0000000c     msprf24.obj (.text:CSN_EN)
                  0000c77a    00000002     --HOLE-- [fill = 0]
                  0000c77c    0000000c     msp432p4xx_driverlib.lib : dma.o (.text:DMA_getErrorStatus)
                  0000c788    0000000c                              : dma.o (.text:DMA_setControlBase)
                  0000c794    0000000c                              : spi.o (.text:EUSCI_A_SPI_disable)
                  0000c7a0    0000000c                              : spi.o (.text:EUSCI_A_SPI_enable)
                  0000c7ac    0000000c                              : spi.o (.text:EUSCI_B_SPI_disable)
                  0000c7b8    0000000c                              : spi.o (.text:EUSCI_B_SPI_enable)
                  0000c7c4    0000000c                              : i2c.o (.text:I2C_disableModule)
                  0000c7d0    0000000c                              : i2c.o (.text:I2C_enableModule)
                  0000c7dc    0000000c                              : pcm.o (.text:PCM_getPowerState)
                  0000c7e8    0000000c     drivers_MSP432P401R.aem4f : PowerMSP432.oem4f (.text:Power_getConstraintMask)
                  0000c7f4    0000000c                               : PowerMSP432.oem4f (.text:Power_getPerformanceLevel)
                  0000c800    0000000c     msp432p4xx_driverlib.lib : timer_a.o (.text:Timer_A_stopTimer)
                  0000c80c    0000000c     rtsv7M4_T_le_v4SPD16_eabi.lib : _lock.c.obj (.text:_register_lock)
                  0000c818    0000000c                                   : _lock.c.obj (.text:_register_unlock)
                  0000c824    0000000c                                   : copy_zero_init.c.obj (.text:decompress:ZI:__TI_zero_init)
                  0000c830    0000000c     drone_pepesteam_pem4f.oem4f (.text:ti_sysbios_family_arm_m3_Hwi_Params__init__S)
                  0000c83c    00000004     --HOLE-- [fill = 0]
                  0000c840    0000000c     sysbios.aem4f : BIOS.obj (.text:ti_sysbios_family_arm_m3_Hwi_disableFxn__E)
                  0000c84c    00000004     --HOLE-- [fill = 0]
                  0000c850    0000000c                   : BIOS.obj (.text:ti_sysbios_family_arm_m3_TaskSupport_checkStack__E)
                  0000c85c    00000004     --HOLE-- [fill = 0]
                  0000c860    0000000c                   : BIOS.obj (.text:ti_sysbios_family_arm_m3_TimestampProvider_startTimer__E)
                  0000c86c    00000004     --HOLE-- [fill = 0]
                  0000c870    0000000c                   : BIOS.obj (.text:ti_sysbios_family_arm_msp432_Timer_getMaxTicks__E)
                  0000c87c    00000004     --HOLE-- [fill = 0]
                  0000c880    0000000c                   : BIOS.obj (.text:ti_sysbios_gates_GateHwi_enter__E)
                  0000c88c    0000000c     drone_pepesteam_pem4f.oem4f (.text:ti_sysbios_knl_Clock_Params__init__S)
                  0000c898    0000000c     sysbios.aem4f : BIOS.obj (.text:ti_sysbios_knl_Clock_getTicks__E)
                  0000c8a4    0000000c     main.obj (.text:ti_sysbios_knl_Clock_handle)
                  0000c8b0    0000000c     drone_pepesteam_pem4f.oem4f (.text:ti_sysbios_knl_Queue_Object__get__S)
                  0000c8bc    0000000c     drone_pepesteam_pem4f.oem4f (.text:ti_sysbios_knl_Semaphore_Params__init__S)
                  0000c8c8    0000000c     ti.targets.arm.rtsarm.aem4f : Error.oem4f (.text:xdc_runtime_Error_init__E)
                  0000c8d4    0000000c                                 : Gate.oem4f (.text:xdc_runtime_Gate_enterSystem__E)
                  0000c8e0    0000000c                                 : Memory.oem4f (.text:xdc_runtime_Memory_calloc__E)
                  0000c8ec    0000000c                                 : Memory.oem4f (.text:xdc_runtime_Memory_getMaxDefaultTypeAlign__E)
                  0000c8f8    0000000c                                 : Startup.oem4f (.text:xdc_runtime_Startup_rtsDone__E)
                  0000c904    0000000a     drivers_MSP432P401R.aem4f : ADC.oem4f (.text:ADC_convert)
                  0000c90e    0000000a                               : I2CMSP432.oem4f (.text:I2CMSP432_init)
                  0000c918    0000000a                               : I2C.oem4f (.text:I2C_transfer)
                  0000c922    0000000a                               : PWM.oem4f (.text:PWM_setDuty)
                  0000c92c    0000000a                               : PWM.oem4f (.text:PWM_start)
                  0000c936    0000000a                               : SPIMSP432DMA.oem4f (.text:SPIMSP432DMA_init)
                  0000c940    0000000a                               : SPI.oem4f (.text:SPI_transfer)
                  0000c94a    0000000a     tirtosport.aem4f : SemaphoreP_tirtos.oem4f (.text:SemaphoreP_post)
                  0000c954    0000000a     msprf24.obj (.text:msprf24_queue_state)
                  0000c95e    0000000a     drone_pepesteam_pem4f.oem4f (.text:xdc_runtime_IHeap_alloc)
                  0000c968    0000000a     drone_pepesteam_pem4f.oem4f (.text:xdc_runtime_IHeap_free)
                  0000c972    00000008     drivers_MSP432P401R.aem4f : ADCMSP432.oem4f (.text:ADCMSP432_init)
                  0000c97a    00000008     msp432p4xx_driverlib.lib : i2c.o (.text:I2C_enableInterrupt)
                  0000c982    00000008     MSP_EXP432P401R.obj (.text:MSP_EXP432P401R_initADC)
                  0000c98a    00000008     MSP_EXP432P401R.obj (.text:MSP_EXP432P401R_initGPIO)
                  0000c992    00000008     MSP_EXP432P401R.obj (.text:MSP_EXP432P401R_initGeneral)
                  0000c99a    00000008     msp432p4xx_driverlib.lib : pcm.o (.text:PCM_setPowerMode)
                  0000c9a2    00000008                              : pcm.o (.text:PCM_setPowerState)
                  0000c9aa    00000008     drivers_MSP432P401R.aem4f : PWMTimerMSP432.oem4f (.text:PWMTimerMSP432_init)
                  0000c9b2    00000008     tirtosport.aem4f : SemaphoreP_tirtos.oem4f (.text:SemaphoreP_Params_init)
                  0000c9ba    00000008     msp432p4xx_driverlib.lib : timer_a.o (.text:Timer_A_startCounter)
                  0000c9c2    00000002     --HOLE-- [fill = 0]
                  0000c9c4    00000008     rtsv7M4_T_le_v4SPD16_eabi.lib : errno.c.obj (.text:__aeabi_errno_addr)
                  0000c9cc    00000008     drivers_MSP432P401R.aem4f : I2CMSP432.oem4f (.text:blockingTransferCallback)
                  0000c9d4    00000008                               : SPIMSP432DMA.oem4f (.text:blockingTransferCallback)
                  0000c9dc    00000008     quaternionFilters.obj (.text:getQ)
                  0000c9e4    00000004     --HOLE-- [fill = 0]
                  0000c9e8    00000008     sysbios.aem4f : BIOS.obj (.text:ti_sysbios_family_arm_m3_Hwi_doSwiRestore__I)
                  0000c9f0    00000008                   : BIOS.obj (.text:ti_sysbios_family_arm_m3_Hwi_startup__E)
                  0000c9f8    00000006     msp432p4xx_driverlib.lib : i2c.o (.text:I2C_getEnabledInterruptStatus)
                  0000c9fe    00000006                              : i2c.o (.text:I2C_getInterruptStatus)
                  0000ca04    00000006                              : i2c.o (.text:I2C_masterReceiveMultiByteNext)
                  0000ca0a    00000006     drivers_MSP432P401R.aem4f : PWMTimerMSP432.oem4f (.text:PWMTimerMSP432_control)
                  0000ca10    00000006                               : SPIMSP432DMA.oem4f (.text:SPIMSP432DMA_control)
                  0000ca16    00000002     --HOLE-- [fill = 0]
                  0000ca18    00000006     sysbios.aem4f : BIOS.obj (.text:ti_sysbios_family_arm_m3_Hwi_doTaskRestore__I)
                  0000ca1e    00000002     --HOLE-- [fill = 0]
                  0000ca20    00000006                   : BIOS.obj (.text:ti_sysbios_family_arm_m3_Hwi_restoreFxn__E)
                  0000ca26    00000002     --HOLE-- [fill = 0]
                  0000ca28    00000006                   : BIOS.obj (.text:ti_sysbios_gates_GateHwi_leave__E)
                  0000ca2e    00000002     --HOLE-- [fill = 0]
                  0000ca30    00000006                   : BIOS.obj (.text:ti_sysbios_heaps_HeapMem_isBlocking__E)
                  0000ca36    00000002     --HOLE-- [fill = 0]
                  0000ca38    00000006                   : BIOS.obj (.text:ti_sysbios_knl_Queue_Instance_init__E)
                  0000ca3e    00000002     --HOLE-- [fill = 0]
                  0000ca40    00000006                   : BIOS.obj (.text:ti_sysbios_knl_Swi_startup__E)
                  0000ca46    00000006     ti.targets.arm.rtsarm.aem4f : System.oem4f (.text:xdc_runtime_System_Module_startup__E)
                  0000ca4c    00000004     --HOLE-- [fill = 0]
                  0000ca50    00000004     sysbios.aem4f : BIOS.obj (.text:ti_sysbios_gates_GateHwi_query__E)
                  0000ca54    00000004     --HOLE-- [fill = 0]
                  0000ca58    00000004                   : BIOS.obj (.text:ti_sysbios_gates_GateMutex_query__E)
                  0000ca5c    00000004     --HOLE-- [fill = 0]
                  0000ca60    00000004                   : BIOS.obj (.text:ti_sysbios_knl_Task_startup__E)
                  0000ca64    00000004     --HOLE-- [fill = 0]
                  0000ca68    00000002                   : BIOS.obj (.text:ti_sysbios_BIOS_linkedWithIncorrectBootLibrary__E)
                  0000ca6a    00000006     --HOLE-- [fill = 0]
                  0000ca70    00000002                   : BIOS.obj (.text:ti_sysbios_family_arm_m3_TimestampProvider_rolloverFunc__E)
                  0000ca72    00000006     --HOLE-- [fill = 0]
                  0000ca78    00000002                   : BIOS.obj (.text:ti_sysbios_gates_GateHwi_Instance_init__E)
                  0000ca7a    00000006     --HOLE-- [fill = 0]
                  0000ca80    00000002                   : BIOS.obj (.text:ti_sysbios_knl_Clock_logTick__E)

.const     0    0000ca88    0000298c     
                  0000ca88    00001f81     drone_pepesteam_pem4f.oem4f (.const:xdc_runtime_Text_charTab__A)
                  0000ea09    00000001     drone_pepesteam_pem4f.oem4f (.const:xdc_runtime_Error_policy__C)
                  0000ea0a    000000fc     drone_pepesteam_pem4f.oem4f (.const:xdc_runtime_Text_nodeTab__A)
                  0000eb06    00000002     drone_pepesteam_pem4f.oem4f (.const:ti_sysbios_family_arm_m3_Hwi_Module__id__C)
                  0000eb08    00000098     rtsv7M4_T_le_v4SPD16_eabi.lib : s_atan.c.obj (.const:$O1$$)
                  0000eba0    00000080     msp432p4xx_driverlib.lib : adc14.o (.const:_ctlRegs)
                  0000ec20    00000060     drone_pepesteam_pem4f.oem4f (.const:ti_uia_loggers_LoggerStopMode_Module__FXNS__C)
                  0000ec80    00000048     drone_pepesteam_pem4f.oem4f (.const:.string)
                  0000ecc8    0000003c     MSP_EXP432P401R.obj (.const:PWM_config)
                  0000ed04    00000030     MSP_EXP432P401R.obj (.const:adcMSP432HWAttrs)
                  0000ed34    00000030     MSP_EXP432P401R.obj (.const:pwmTimerMSP432HWAttrs)
                  0000ed64    00000030     MSP_EXP432P401R.obj (.const:spiMSP432DMAHWAttrs)
                  0000ed94    00000030     drone_pepesteam_pem4f.oem4f (.const:ti_sysbios_family_arm_m3_Hwi_Object__PARAMS__C)
                  0000edc4    0000002c     drone_pepesteam_pem4f.oem4f (.const:xdc_runtime_Startup_sfxnTab__A)
                  0000edf0    00000028     drivers_MSP432P401R.aem4f : PWMTimerMSP432.oem4f (.const)
                  0000ee18    00000028                               : SPIMSP432DMA.oem4f (.const)
                  0000ee40    00000028     drone_pepesteam_pem4f.oem4f (.const:ti_sysbios_heaps_HeapMem_Module__FXNS__C)
                  0000ee68    00000028     drone_pepesteam_pem4f.oem4f (.const:ti_uia_loggers_LoggerStopMode_Object__PARAMS__C)
                  0000ee90    00000024     MSP_EXP432P401R.obj (.const:ADC_config)
                  0000eeb4    00000024     MSP_EXP432P401R.obj (.const:SPI_config)
                  0000eed8    00000024     drone_pepesteam_pem4f.oem4f (.const:ti_sysbios_gates_GateHwi_Module__FXNS__C)
                  0000eefc    00000024     drone_pepesteam_pem4f.oem4f (.const:ti_sysbios_gates_GateMutex_Module__FXNS__C)
                  0000ef20    00000024     drone_pepesteam_pem4f.oem4f (.const:ti_sysbios_heaps_HeapMem_Object__PARAMS__C)
                  0000ef44    00000024     drone_pepesteam_pem4f.oem4f (.const:ti_sysbios_knl_Clock_Object__PARAMS__C)
                  0000ef68    00000024     drone_pepesteam_pem4f.oem4f (.const:ti_sysbios_knl_Semaphore_Object__PARAMS__C)
                  0000ef8c    00000020     drivers_MSP432P401R.aem4f : I2CMSP432.oem4f (.const)
                  0000efac    00000020                               : SPI.oem4f (.const)
                  0000efcc    00000020     drone_pepesteam_pem4f.oem4f (.const:ti_sysbios_family_arm_m3_Hwi_Object__DESC__C)
                  0000efec    00000020     drone_pepesteam_pem4f.oem4f (.const:ti_sysbios_gates_GateHwi_Object__DESC__C)
                  0000f00c    00000020     drone_pepesteam_pem4f.oem4f (.const:ti_sysbios_gates_GateMutex_Object__DESC__C)
                  0000f02c    00000020     drone_pepesteam_pem4f.oem4f (.const:ti_sysbios_heaps_HeapMem_Object__DESC__C)
                  0000f04c    00000020     drone_pepesteam_pem4f.oem4f (.const:ti_sysbios_knl_Clock_Object__DESC__C)
                  0000f06c    00000020     drone_pepesteam_pem4f.oem4f (.const:ti_sysbios_knl_Queue_Object__DESC__C)
                  0000f08c    00000020     drone_pepesteam_pem4f.oem4f (.const:ti_sysbios_knl_Semaphore_Object__DESC__C)
                  0000f0ac    00000020     drone_pepesteam_pem4f.oem4f (.const:ti_uia_loggers_LoggerStopMode_Object__DESC__C)
                  0000f0cc    00000018     MSP_EXP432P401R.obj (.const:I2C_config)
                  0000f0e4    00000018     drivers_MSP432P401R.aem4f : ADCMSP432.oem4f (.const)
                  0000f0fc    00000018                               : PWM.oem4f (.const)
                  0000f114    00000018     drone_pepesteam_pem4f.oem4f (.const:ti_sysbios_gates_GateHwi_Object__PARAMS__C)
                  0000f12c    00000018     drone_pepesteam_pem4f.oem4f (.const:ti_sysbios_gates_GateMutex_Object__PARAMS__C)
                  0000f144    00000018     drone_pepesteam_pem4f.oem4f (.const:ti_sysbios_knl_Queue_Object__PARAMS__C)
                  0000f15c    00000016     drone_pepesteam_pem4f.oem4f (.const:xdc_runtime_Startup_sfxnRts__A)
                  0000f172    00000002     drone_pepesteam_pem4f.oem4f (.const:ti_sysbios_family_arm_m3_Timer_Module__id__C)
                  0000f174    00000014     MSP_EXP432P401R.obj (.const:GPIOMSP432_config)
                  0000f188    00000010     MSP_EXP432P401R.obj (.const:PowerMSP432_config)
                  0000f198    00000010     drivers_MSP432P401R.aem4f : I2C.oem4f (.const)
                  0000f1a8    00000010     drone_pepesteam_pem4f.oem4f (.const)
                  0000f1b8    00000010     MSP_EXP432P401R.obj (.const:i2cMSP432HWAttrs)
                  0000f1c8    0000000c     drivers_MSP432P401R.aem4f : GPIOMSP432.oem4f (.const:.string)
                  0000f1d4    0000000c     drone_pepesteam_pem4f.oem4f (.const:ti_sysbios_knl_Idle_funcList__A)
                  0000f1e0    0000000c     MSP_EXP432P401R.obj (.const:udmaMSP432HWAttrs)
                  0000f1ec    0000000c     drone_pepesteam_pem4f.oem4f (.const:xdc_runtime_Startup_firstFxns__A)
                  0000f1f8    00000008     MSP_EXP432P401R.obj (.const:.string:$P$T0$1)
                  0000f200    00000008     MSP_EXP432P401R.obj (.const:UDMAMSP432_config)
                  0000f208    00000008     drone_pepesteam_pem4f.oem4f (.const:ti_sysbios_family_arm_m3_Hwi_excHookFuncs__A)
                  0000f210    00000008     drone_pepesteam_pem4f.oem4f (.const:ti_sysbios_knl_Idle_funcList__C)
                  0000f218    00000008     drone_pepesteam_pem4f.oem4f (.const:xdc_runtime_Startup_firstFxns__C)
                  0000f220    00000008     drone_pepesteam_pem4f.oem4f (.const:xdc_runtime_Startup_lastFxns__C)
                  0000f228    00000004     drone_pepesteam_pem4f.oem4f (.const:ti_sysbios_family_arm_m3_Hwi_E_NMI__C)
                  0000f22c    00000004     drone_pepesteam_pem4f.oem4f (.const:ti_sysbios_family_arm_m3_Hwi_E_alreadyDefined__C)
                  0000f230    00000004     drone_pepesteam_pem4f.oem4f (.const:ti_sysbios_family_arm_m3_Hwi_E_busFault__C)
                  0000f234    00000004     drone_pepesteam_pem4f.oem4f (.const:ti_sysbios_family_arm_m3_Hwi_E_debugMon__C)
                  0000f238    00000004     drone_pepesteam_pem4f.oem4f (.const:ti_sysbios_family_arm_m3_Hwi_E_hardFault__C)
                  0000f23c    00000004     drone_pepesteam_pem4f.oem4f (.const:ti_sysbios_family_arm_m3_Hwi_E_memFault__C)
                  0000f240    00000004     drone_pepesteam_pem4f.oem4f (.const:ti_sysbios_family_arm_m3_Hwi_E_noIsr__C)
                  0000f244    00000004     drone_pepesteam_pem4f.oem4f (.const:ti_sysbios_family_arm_m3_Hwi_E_reserved__C)
                  0000f248    00000004     drone_pepesteam_pem4f.oem4f (.const:ti_sysbios_family_arm_m3_Hwi_E_svCall__C)
                  0000f24c    00000004     drone_pepesteam_pem4f.oem4f (.const:ti_sysbios_family_arm_m3_Hwi_E_usageFault__C)
                  0000f250    00000004     drone_pepesteam_pem4f.oem4f (.const:ti_sysbios_family_arm_m3_Hwi_NUM_INTERRUPTS__C)
                  0000f254    00000004     drone_pepesteam_pem4f.oem4f (.const:ti_sysbios_family_arm_m3_Hwi_Object__count__C)
                  0000f258    00000004     drone_pepesteam_pem4f.oem4f (.const:ti_sysbios_family_arm_m3_Hwi_ccr__C)
                  0000f25c    00000004     drone_pepesteam_pem4f.oem4f (.const:ti_sysbios_family_arm_m3_Hwi_excHandlerFunc__C)
                  0000f260    00000004     drone_pepesteam_pem4f.oem4f (.const:ti_sysbios_family_arm_m3_Hwi_excHookFuncs__C)
                  0000f264    00000004     drone_pepesteam_pem4f.oem4f (.const:ti_sysbios_family_arm_m3_Hwi_nullIsrFunc__C)
                  0000f268    00000004     drone_pepesteam_pem4f.oem4f (.const:ti_sysbios_family_arm_m3_Hwi_priGroup__C)
                  0000f26c    00000004     drone_pepesteam_pem4f.oem4f (.const:ti_sysbios_family_arm_m3_Timer_E_cannotSupport__C)
                  0000f270    00000004     drone_pepesteam_pem4f.oem4f (.const:ti_sysbios_family_arm_m3_Timer_startupNeeded__C)
                  0000f274    00000004     drone_pepesteam_pem4f.oem4f (.const:ti_sysbios_family_arm_msp432_Timer_numTimerDevices__C)
                  0000f278    00000004     drone_pepesteam_pem4f.oem4f (.const:ti_sysbios_family_arm_msp432_Timer_startupNeeded__C)
                  0000f27c    00000004     drone_pepesteam_pem4f.oem4f (.const:ti_sysbios_gates_GateMutex_A_badContext__C)
                  0000f280    00000004     drone_pepesteam_pem4f.oem4f (.const:ti_sysbios_gates_GateMutex_Instance_State_sem__O)
                  0000f284    00000004     drone_pepesteam_pem4f.oem4f (.const:ti_sysbios_gates_GateMutex_Module__diagsEnabled__C)
                  0000f288    00000004     drone_pepesteam_pem4f.oem4f (.const:ti_sysbios_gates_GateMutex_Module__diagsIncluded__C)
                  0000f28c    00000004     drone_pepesteam_pem4f.oem4f (.const:ti_sysbios_gates_GateMutex_Module__diagsMask__C)
                  0000f290    00000004     drone_pepesteam_pem4f.oem4f (.const:ti_sysbios_hal_Hwi_E_stackOverflow__C)
                  0000f294    00000004     drone_pepesteam_pem4f.oem4f (.const:ti_sysbios_heaps_HeapMem_A_align__C)
                  0000f298    00000004     drone_pepesteam_pem4f.oem4f (.const:ti_sysbios_heaps_HeapMem_A_heapSize__C)
                  0000f29c    00000004     drone_pepesteam_pem4f.oem4f (.const:ti_sysbios_heaps_HeapMem_A_invalidFree__C)
                  0000f2a0    00000004     drone_pepesteam_pem4f.oem4f (.const:ti_sysbios_heaps_HeapMem_A_zeroBlock__C)
[...]
0000f2a4  ti_sysbios_heaps_HeapMem_E_memory__C                         
0000f2a8  ti_sysbios_heaps_HeapMem_Module__diagsEnabled__C             
0000f2ac  ti_sysbios_heaps_HeapMem_Module__diagsIncluded__C            
0000f2b0  ti_sysbios_heaps_HeapMem_Module__diagsMask__C                
0000f2b4  ti_sysbios_heaps_HeapMem_Module__gateObj__C                  
0000f2b8  ti_sysbios_heaps_HeapMem_Object__count__C                    
0000f2bc  ti_sysbios_heaps_HeapMem_reqAlign__C                         
0000f2c0  ti_sysbios_knl_Clock_A_badThreadType__C                      
0000f2c4  ti_sysbios_knl_Clock_Module_State_clockQ__O                  
0000f2c8  ti_sysbios_knl_Clock_Module__diagsEnabled__C                 
0000f2cc  ti_sysbios_knl_Clock_Module__diagsIncluded__C                
0000f2d0  ti_sysbios_knl_Clock_Module__diagsMask__C                    
0000f2d4  ti_sysbios_knl_Clock_tickPeriod__C                           
0000f2d8  ti_sysbios_knl_Semaphore_A_badContext__C                     
0000f2dc  ti_sysbios_knl_Semaphore_A_noEvents__C                       
0000f2e0  ti_sysbios_knl_Semaphore_A_overflow__C                       
0000f2e4  ti_sysbios_knl_Semaphore_A_pendTaskDisabled__C               
0000f2e8  ti_sysbios_knl_Semaphore_Instance_State_pendQ__O             
0000f2ec  ti_sysbios_knl_Semaphore_Module__diagsEnabled__C             
0000f2f0  ti_sysbios_knl_Semaphore_Module__diagsIncluded__C            
0000f2f4  ti_sysbios_knl_Semaphore_Module__diagsMask__C                
0000f2f8  ti_sysbios_knl_Swi_Object__count__C                          
0000f2fc  ti_sysbios_knl_Task_A_badTimeout__C                          
0000f300  ti_sysbios_knl_Task_A_sleepTaskDisabled__C                   
0000f304  ti_sysbios_knl_Task_E_spOutOfBounds__C                       
0000f308  ti_sysbios_knl_Task_E_stackOverflow__C                       
0000f30c  ti_sysbios_knl_Task_Module_State_inactiveQ__O                
0000f310  ti_sysbios_knl_Task_Module__diagsEnabled__C                  
0000f314  ti_sysbios_knl_Task_Module__diagsIncluded__C                 
0000f318  ti_sysbios_knl_Task_Module__diagsMask__C                     
0000f31c  ti_sysbios_knl_Task_Object__count__C                         
0000f320  ti_sysbios_knl_Task_allBlockedFunc__C                        
0000f324  ti_sysbios_knl_Task_numConstructedTasks__C                   
0000f328  ti_sysbios_utils_Load_Module__diagsEnabled__C                
0000f32c  ti_sysbios_utils_Load_Module__diagsIncluded__C               
0000f330  ti_sysbios_utils_Load_Module__diagsMask__C                   
0000f334  ti_sysbios_utils_Load_postUpdate__C                          
0000f338  ti_sysbios_utils_Load_windowInMs__C                          
0000f33c  ti_uia_loggers_LoggerStopMode_Module__diagsEnabled__C        
0000f340  ti_uia_loggers_LoggerStopMode_Module__diagsIncluded__C       
0000f344  ti_uia_loggers_LoggerStopMode_Module__diagsMask__C           
0000f348  ti_uia_loggers_LoggerStopMode_Object__count__C               
0000f34c  ti_uia_runtime_ILoggerSnapshot_Interface__BASE__C            
0000f350  ti_uia_runtime_IUIATransfer_Interface__BASE__C               
0000f354  xdc_runtime_Assert_E_assertFailed__C                         
0000f358  xdc_runtime_Core_A_initializedParams__C                      
0000f35c  xdc_runtime_Core_Module__diagsEnabled__C                     
0000f360  xdc_runtime_Core_Module__diagsIncluded__C                    
0000f364  xdc_runtime_Core_Module__diagsMask__C                        
0000f368  xdc_runtime_Error_E_memory__C                                
0000f36c  xdc_runtime_Error_Module__diagsEnabled__C                    
0000f370  xdc_runtime_Error_Module__diagsIncluded__C                   
0000f374  xdc_runtime_Error_Module__diagsMask__C                       
0000f378  xdc_runtime_Error_Module__loggerFxn8__C                      
0000f37c  xdc_runtime_Error_Module__loggerObj__C                       
0000f380  xdc_runtime_Error_policyFxn__C                               
0000f384  xdc_runtime_Error_raiseHook__C                               
0000f388  xdc_runtime_IFilterLogger_Interface__BASE__C                 
0000f38c  xdc_runtime_IGateProvider_Interface__BASE__C                 
0000f390  xdc_runtime_IHeap_Interface__BASE__C                         
0000f394  xdc_runtime_ILogger_Interface__BASE__C                       
0000f398  xdc_runtime_IModule_Interface__BASE__C                       
0000f39c  xdc_runtime_Log_L_error__C                                   
0000f3a0  xdc_runtime_Memory_defaultHeapInstance__C                    
0000f3a4  xdc_runtime_Startup_execImpl__C                              
0000f3a8  xdc_runtime_Startup_lastFxns__A                              
0000f3ac  xdc_runtime_Startup_maxPasses__C                             
0000f3b0  xdc_runtime_Startup_sfxnRts__C                               
0000f3b4  xdc_runtime_Startup_sfxnTab__C                               
0000f3b8  xdc_runtime_SysMin_bufSize__C                                
0000f3bc  xdc_runtime_SysMin_outputFunc__C                             
0000f3c0  xdc_runtime_System_Module__gateObj__C                        
0000f3c4  xdc_runtime_System_abortFxn__C                               
0000f3c8  xdc_runtime_System_exitFxn__C                                
0000f3cc  xdc_runtime_System_extendFxn__C                              
0000f3d0  xdc_runtime_System_maxAtexitHandlers__C                      
0000f3d4  xdc_runtime_Text_charTab__C                                  
0000f3d8  xdc_runtime_Text_nameEmpty__C                                
0000f3dc  xdc_runtime_Text_nameStatic__C                               
0000f3e0  xdc_runtime_Text_nameUnknown__C                              
0000f3e4  xdc_runtime_Text_nodeTab__C                                  
0000f3e8  xdc_runtime_Text_visitRopeFxn__C                             
0000f3ec  ti_sysbios_family_arm_m3_TimestampProvider_configTimer__C    
0000f3ee  ti_sysbios_gates_GateMutex_Module__id__C                     
0000f3f0  ti_sysbios_hal_Hwi_Module__id__C                             
0000f3f2  ti_sysbios_heaps_HeapMem_Module__id__C                       
0000f3f4  ti_sysbios_knl_Clock_Module__id__C                           
0000f3f6  ti_sysbios_knl_Semaphore_Module__id__C                       
0000f3f8  ti_sysbios_knl_Task_Module__id__C                            
0000f3fa  ti_sysbios_utils_Load_Module__id__C                          
0000f3fc  ti_sysbios_utils_Load_updateInIdle__C                        
0000f3fe  ti_uia_loggers_LoggerStopMode_Module__id__C                  
0000f400  ti_uia_loggers_LoggerStopMode_isTimestampEnabled__C          
0000f402  xdc_runtime_Core_Module__id__C                               
0000f404  xdc_runtime_Error_Module__loggerDefined__C                   
0000f406  xdc_runtime_Error_maxDepth__C                                
0000f408  xdc_runtime_Memory_Module__id__C                             
0000f40a  xdc_runtime_SysMin_flushAtExit__C                            
0000f40c  xdc_runtime_Text_charCnt__C                                  
0000f40e  xdc_runtime_Text_isLoaded__C                                 
0000f410  xdc_runtime_Text_registryModsLastId__C                       
0000f412  xdc_runtime_Text_unnamedModsLastId__C                        
0000f418  __TI_static_base__                                           
0000f74c  __TI_Handler_Table_Base                                      
0000f758  __TI_Handler_Table_Limit                                     
0000f768  __TI_CINIT_Base                                              
0000f780  __TI_CINIT_Limit                                             
20000000  ti_sysbios_family_arm_m3_Hwi_ramVectors                      
20000200  ti_sysbios_knl_Task_Instance_State_0_stack__A                
20000600  ti_sysbios_knl_Task_Instance_State_1_stack__A                
20000a00  ti_sysbios_knl_Task_Instance_State_2_stack__A                
20000c00  ti_sysbios_heaps_HeapMem_Instance_State_0_buf__A             
20001000  ti_uia_loggers_LoggerStopMode_Instance_State_1_packetArray__A
20001400  ti_uia_loggers_LoggerStopMode_Instance_State_2_packetArray__A
20001800  ti_uia_loggers_LoggerStopMode_Instance_State_0_packetArray__A
20001a00  ti_sysbios_family_arm_m3_Hwi_dispatchTable                   
20001b40  __CIOBUF_                                                    
20001c60  xdc_runtime_SysMin_Module_State_0_outbuf__A                  
20001ce0  buf                                                          
20001d80  spiMSP432DMAObjects                                          
20001df0  i2cMSP432Objects                                             
20001e68  pwmTimerMSP432Objects                                        
20001e98  clk0Struct                                                   
20001ebc  bufrf                                                        
20001edc  params                                                       
20001ef4  st1                                                          
20001f00  ti_uia_loggers_LoggerStopMode_Instance_State_0_hdr__A        
20001f30  st2                                                          
20001f3c  addr                                                         
20001f44  PID_X                                                        
20001f48  dt                                                           
20001f50  parmbuf                                                      
20001f58  udmaMSP432Object                                             
20001f60  PID_Y                                                        
20001f64  PID_Z                                                        
20001f68  adcMSP432Objects                                             
20001f6c  clk0Handle                                                   
20001f70  derivative_x                                                 
20001f74  derivative_y                                                 
20001f78  derivative_z                                                 
20001f7c  down                                                         
20001f80  ti_uia_loggers_LoggerStopMode_Instance_State_1_hdr__A        
20001fb0  error_z                                                      
20001fb4  integral_x                                                   
20001fb8  integral_y                                                   
20001fbc  integral_z                                                   
20001fc0  nrf24Spi                                                     
20001fc4  propeller1_p27                                               
20001fc8  propeller2_p24                                               
20001fcc  propeller3_p25                                               
20001fd0  propeller4_p26                                               
20001fd4  proporcional_x                                               
20001fd8  proporcional_y                                               
20001fdc  proporcional_z                                               
20001fe0  time_act                                                     
20001fe4  time_prev                                                    
20001fe8  up                                                           
20001fec  user                                                         
20001ff0  adcValue0                                                    
20001ff2  dato                                                         
20001ff3  login                                                        
20001ff4  reg_stat                                                     
20001ff5  rf_addr_width                                                
20001ff6  rf_channel                                                   
20001ff7  rf_crc                                                       
20001ff8  rf_feature                                                   
20001ff9  rf_irq                                                       
20001ffa  rf_speed_power                                               
20001ffb  rf_status                                                    
20001ffc  temps                                                        
20001ffd  whomagn                                                      
20001ffe  whompu                                                       
20002000  ti_uia_loggers_LoggerStopMode_Instance_State_2_hdr__A        
20002030  ti_sysbios_knl_Task_Object__table__V                         
20002114  PowerMSP432_perfLevels                                       
200021b0  ti_uia_loggers_LoggerStopMode_Object__table__V               
2000224c  ti_sysbios_utils_Load_Module__state__V                       
20002364  ti_sysbios_knl_Swi_Module_State_0_readyQ__A                  
200023e4  pwmPeriod                                                    
200023e8  THRO                                                         
200023ec  duty                                                         
200023f0  duty1                                                        
200023f4  duty2                                                        
200023f8  duty3                                                        
200023fc  duty4                                                        
20002400  last_error_y                                                 
20002404  last_error_x                                                 
20002408  last_error_z                                                 
2000240c  error_y                                                      
20002410  error_x                                                      
20002414  ref_roll                                                     
20002418  ref_pitch                                                    
2000241c  ref_yaw                                                      
20002420  descompensation                                              
20002424  KP_y                                                         
20002428  KI_y                                                         
2000242c  KD_y                                                         
20002430  KP_x                                                         
20002434  KI_x                                                         
20002438  KD_x                                                         
2000243c  KP_z                                                         
20002440  KI_z                                                         
20002444  KD_z                                                         
20002448  error_M1                                                     
2000244c  error_M2                                                     
20002450  error_M3                                                     
20002454  error_M4                                                     
20002458  lim_max                                                      
2000245c  lim_min                                                      
20002460  ti_sysbios_knl_Task_Module_State_0_readyQ__A                 
200024b0  ti_sysbios_family_arm_msp432_Timer_Object__table__V          
200024fc  ti_sysbios_knl_Task_Module__state__V                         
20002540  ti_sysbios_gates_GateMutex_Object__table__V                  
20002578  ti_sysbios_family_arm_m3_Hwi_Module__state__V                
200025dc  ti_sysbios_family_arm_m3_Hwi_Object__table__V                
2000260c  ti_sysbios_family_arm_m3_Timer_Object__table__V              
2000263c  ti_sysbios_knl_Swi_Object__table__V                          
2000266c  ti_sysbios_knl_Clock_Module__state__V                        
20002698  PowerMSP432_module                                           
200026c0  ti_sysbios_knl_Semaphore_Object__table__V                    
200026e8  ti_sysbios_BIOS_Module__state__V                             
2000270c  ti_sysbios_family_arm_msp432_Timer_Module_State_0_device__A  
2000272c  gpioCallbackFunctions                                        
20002748  gpioPinConfigs                                               
20002764  ti_sysbios_knl_Swi_Module__state__V                          
20002780  ti_sysbios_heaps_HeapMem_Object__table__V                    
200027a8  ti_sysbios_family_arm_msp432_Timer_Module_State_0_handles__A 
200027c4  ti_sysbios_family_arm_m3_Timer_Module__state__V              
200027d0  ti_sysbios_family_arm_msp432_ClockFreqs_Module__state__V     
200027dc  ti_sysbios_family_arm_msp432_Timer_Module__state__V          
200027e8  ti_sysbios_knl_Task_Module__root__V                          
200027f4  ti_uia_runtime_QueueDescriptor_Module__state__V              
20002800  xdc_runtime_SysMin_Module__state__V                          
2000280c  _lock                                                        
20002810  _unlock                                                      
20002824  ti_uia_runtime_QueueDescriptor_gPtrToFirstDescriptor         
20002828  ti_uia_runtime_QueueDescriptor_gUpdateCount                  
2000282c  ti_sysbios_family_arm_m3_Hwi_Module__root__V                 
20002834  ti_sysbios_gates_GateHwi_Module__root__V                     
2000283c  ti_sysbios_gates_GateMutex_Module__root__V                   
20002844  ti_sysbios_heaps_HeapMem_Module__root__V                     
2000284c  ti_sysbios_knl_Clock_Module__root__V                         
20002854  ti_sysbios_knl_Queue_Module__root__V                         
2000285c  ti_sysbios_knl_Semaphore_Module__root__V                     
20002864  ti_uia_loggers_LoggerStopMode_Module__root__V                
2000286c  xdc_runtime_Registry_Module__state__V                        
20002874  xdc_runtime_Startup_Module__state__V                         
2000287c  xdc_runtime_System_Module_State_0_atexitHandlers__A          
20002884  xdc_runtime_System_Module__state__V                          
2000289c  errno                                                        
200028a0  main_func_sp                                                 
200028a4  ti_sysbios_family_arm_m3_Hwi_Module_State_0_excContext__A    
200028a8  ti_sysbios_family_arm_m3_Hwi_Module_State_0_excStack__A      
200028ac  ti_sysbios_family_arm_m3_TimestampProvider_Module__state__V  
200028b0  ti_sysbios_gates_GateHwi_Object__table__V                    
200028b4  ti_sysbios_knl_Task_Module_State_0_idleTask__A               
200028b8  ti_sysbios_utils_Load_Module_State_0_runningTask__A          
200028bc  ti_sysbios_utils_Load_Module_State_0_taskStartTime__A        
200028c0  xdc_runtime_Memory_Module__state__V                          
200028c4  ti_sysbios_family_arm_m3_Hwi_Module_State_0_excActive__A     
200028c6  xdc_runtime_Error_Module__state__V                           
2000fd00  __stack                                                      
20010000  __STACK_END                                                  
4000480c  WDTCTL_SYM                                                   
e000e000  ti_sysbios_family_arm_m3_Hwi_nvic                            
ffffffff  __TI_pprof_out_hndl                                          
ffffffff  __TI_prof_data_size                                          
ffffffff  __TI_prof_data_start                                         
ffffffff  __binit__                                                    
ffffffff  __c_args__                                                   
ffffffff  binit                                                        
UNDEFED   SHT$$INIT_ARRAY$$Base                                        
UNDEFED   SHT$$INIT_ARRAY$$Limit                                       

[1000 symbols]
