******************************************************************************
                  TI ARM Linker PC v18.1.4                     
******************************************************************************
>> Linked Sun Jan 13 20:19:36 2019

OUTPUT FILE NAME:   <DRONE_PEPEsTEAM_v2_13_01.out>
ENTRY POINT SYMBOL: "_c_int00"  address: 00008f4d


MEMORY CONFIGURATION

         name            origin    length      used     unused   attr    fill
----------------------  --------  ---------  --------  --------  ----  --------
  MAIN                  00000000   00040000  0000f46a  00030b96  R  X
  INFO                  00200000   00004000  00000000  00004000  R  X
  SRAM_CODE             01000000   00010000  00000000  00010000  RW X
  SRAM_DATA             20000000   00010000  00002b05  0000d4fb  RW  


SEGMENT ALLOCATION MAP

run origin  load origin   length   init length attrs members
----------  ----------- ---------- ----------- ----- -------
00000000    00000000    0000f478   0000f478    r-x
  00000000    00000000    0000003c   0000003c    r-- .resetVecs
  00000040    00000040    0000c742   0000c742    r-x .text
  0000c788    0000c788    0000298c   0000298c    r-- .const
  0000f118    0000f118    00000360   00000360    r-- .cinit
20000000    20000000    00000140   00000000    rw-
  20000000    20000000    00000140   00000000    rw- .vecs
20000200    20000200    000026c5   00000000    rw-
  20000200    20000200    00001e30   00000000    rw- .bss
  20002030    20002030    00000895   00000000    rw- .data
2000fd00    2000fd00    00000300   00000000    rw-
  2000fd00    2000fd00    00000300   00000000    rw- .stack


SECTION ALLOCATION MAP

 output                                  attributes/
section   page    origin      length       input sections
--------  ----  ----------  ----------   ----------------
.text      0    00000040    0000c742     
                  00000040    00000e68     main.obj (.text:MARGFxn)
                  00000ea8    00000780     quaternionFilters.obj (.text:MahonyQuaternionUpdate)
                  00001628    00000638     main.obj (.text:nRF24_RXTaskFxn)
                  00001c60    000005b4     mpu9250.obj (.text:MPU6050calibrate)
                  00002214    00000004     msp432p4xx_driverlib.lib : cpu.o (.text:CPU_wfi)
                  00002218    00000430     sysbios.aem4f : BIOS.obj (.text:ti_sysbios_family_arm_m3_Hwi_excDumpRegs__I)
                  00002648    000003d4     rtsv7M4_T_le_v4SPD16_eabi.lib : e_asin.c.obj (.text:asin)
                  00002a1c    0000034c     ti.targets.arm.rtsarm.aem4f : System.oem4f (.text:xdc_runtime_System_doPrint__I)
                  00002d68    000002ec     rtsv7M4_T_le_v4SPD16_eabi.lib : s_atan.c.obj (.text:atan)
                  00003054    00000004     msp432p4xx_driverlib.lib : spi.o (.text:EUSCI_A_SPI_getReceiveBufferAddressForDMA)
                  00003058    000002a4     sysbios.aem4f : BIOS.obj (.text:ti_sysbios_knl_Semaphore_pend__E)
                  000032fc    00000004     msp432p4xx_driverlib.lib : spi.o (.text:EUSCI_A_SPI_getTransmitBufferAddressForDMA)
                  00003300    0000026c     sysbios.aem4f : BIOS.obj (.text:ti_sysbios_heaps_HeapMem_free__E)
                  0000356c    00000264     drivers_MSP432P401R.aem4f : PowerMSP432.oem4f (.text:Power_sleep)
                  000037d0    00000250     sysbios.aem4f : BIOS.obj (.text:ti_sysbios_heaps_HeapMem_alloc__E)
                  00003a20    000001fc                   : BIOS.obj (.text:ti_sysbios_family_arm_m3_Hwi_excHandlerMax__I)
                  00003c1c    000001d8     rtsv7M4_T_le_v4SPD16_eabi.lib : e_atan2.c.obj (.text:atan2)
                  00003df4    00000004     msp432p4xx_driverlib.lib : spi.o (.text:EUSCI_B_SPI_getReceiveBufferAddressForDMA)
                  00003df8    000001c8     sysbios.aem4f : BIOS.obj (.text:ti_sysbios_knl_Task_sleep__E)
                  00003fc0    000001b6     rtsv7M4_T_le_v4SPD16_eabi.lib : fd_add_t2.asm.obj (.text)
                  00004176    000001a0     msp432p4xx_driverlib.lib : pcm.o (.text:__PCM_setPowerStateAdvanced)
                  00004316    00000002     power_tirtos_MSP432P401R.aem4f : PowerMSP432_tirtos.oem4f (.text:PowerMSP432_initPolicy)
                  00004318    0000017c     drivers_MSP432P401R.aem4f : SPIMSP432DMA.oem4f (.text:SPIMSP432DMA_open)
                  00004494    00000178                               : I2CMSP432.oem4f (.text:I2CMSP432_open)
                  0000460c    00000004     msp432p4xx_driverlib.lib : spi.o (.text:EUSCI_B_SPI_getTransmitBufferAddressForDMA)
                  00004610    00000174     sysbios.aem4f : BIOS.obj (.text:ti_sysbios_family_arm_m3_Hwi_excBusFault__I)
                  00004784    00000004     tirtosport.aem4f : HwiP_tirtos.oem4f (.text:HwiP_disable)
                  00004788    00000164     sysbios.aem4f : BIOS.obj (.text:ti_sysbios_family_arm_m3_Hwi_excUsageFault__I)
                  000048ec    00000158     rtsv7M4_T_le_v4SPD16_eabi.lib : e_sqrt.c.obj (.text:sqrt)
                  00004a44    00000154     msp432p4xx_driverlib.lib : adc14.o (.text:_getIndexForMemRegister)
                  00004b98    00000148     sysbios.aem4f : BIOS.obj (.text:ti_sysbios_family_arm_m3_Hwi_excMemFault__I)
                  00004ce0    00000140     drivers_MSP432P401R.aem4f : GPIOMSP432.oem4f (.text:GPIO_setConfig)
                  00004e20    0000013c     sysbios.aem4f : BIOS.obj (.text:ti_sysbios_heaps_HeapMem_Instance_init__E)
                  00004f5c    00000138     drone_pepesteam_pem4f.oem4f (.text:ti_uia_loggers_LoggerStopMode_writeMemoryRange__E)
                  00005094    00000136     rtsv7M4_T_le_v4SPD16_eabi.lib : fd_div_t2.asm.obj (.text)
                  000051ca    00000118     drivers_MSP432P401R.aem4f : I2CMSP432.oem4f (.text:I2CMSP432_hwiIntFxn)
                  000052e2    00000002                               : SPIMSP432DMA.oem4f (.text:SPIMSP432DMA_serviceISR)
                  000052e4    00000118     ti.targets.arm.rtsarm.aem4f : Error.oem4f (.text:xdc_runtime_Error_policyDefault__E)
                  000053fc    0000010c     drone_pepesteam_pem4f.oem4f (.text:ti_uia_loggers_LoggerStopMode_write8__E)
                  00005508    00000108     sysbios.aem4f : BIOS.obj (.text:ti_sysbios_knl_Clock_Instance_init__E)
                  00005610    00000100     ti.targets.arm.rtsarm.aem4f : Core-mem.oem4f (.text:xdc_runtime_Core_createObject__I)
                  00005710    000000fc     rtsv7M4_T_le_v4SPD16_eabi.lib : fd_mul_t2.asm.obj (.text)
                  0000580c    000000f8     ti.targets.arm.rtsarm.aem4f : Startup.oem4f (.text:xdc_runtime_Startup_startMods__I)
                  00005904    000000f8     drone_pepesteam_pem4f.oem4f (.text:xdc_runtime_System_printfExtend__I)
                  000059fc    000000f4     drone_pepesteam_pem4f.oem4f (.text:ti_uia_loggers_LoggerStopMode_write4__E)
                  00005af0    000000f0     drivers_MSP432P401R.aem4f : PowerMSP432.oem4f (.text:initPerfControl)
                  00005be0    000000ec     sysbios.aem4f : m3_Hwi_asm.obj (.text:ti_sysbios_family_arm_m3_Hwi_dispatch__I)
                  00005ccc    00000004     msp432p4xx_driverlib.lib : i2c.o (.text:I2C_setSlaveAddress)
                  00005cd0    000000ec     sysbios.aem4f : BIOS.obj (.text:ti_sysbios_knl_Semaphore_post__E)
                  00005dbc    000000e8     drone_pepesteam_pem4f.oem4f (.text:ti_uia_loggers_LoggerStopMode_write1__E)
                  00005ea4    000000e8     drone_pepesteam_pem4f.oem4f (.text:ti_uia_loggers_LoggerStopMode_write2__E)
                  00005f8c    000000e2     drivers_MSP432P401R.aem4f : PWMTimerMSP432.oem4f (.text:initHw)
                  0000606e    00000002     rtsv7M4_T_le_v4SPD16_eabi.lib : _lock.c.obj (.text:_nop)
                  00006070    000000e0     msp432p4xx_driverlib.lib : cs.o (.text:CS_initClockSignal)
                  00006150    000000dc                              : pcm.o (.text:__PCM_setPowerModeAdvanced)
                  0000622c    000000d8     drone_pepesteam_pem4f.oem4f (.text:ti_uia_loggers_LoggerStopMode_write0__E)
                  00006304    000000cc     msp432p4xx_driverlib.lib : dma.o (.text:DMA_assignChannel)
                  000063d0    000000cc     ti.targets.arm.rtsarm.aem4f : Core-smem.oem4f (.text:xdc_runtime_Core_constructObject__I)
                  0000649c    000000c8     msprf24.obj (.text:r_rx_payload)
                  00006564    00000004     drivers_MSP432P401R.aem4f : List.oem4f (.text:List_head)
                  00006568    000000bc     sysbios.aem4f : BIOS.obj (.text:ti_sysbios_family_arm_m3_Hwi_excDebugMon__I)
                  00006624    00000004     drivers_MSP432P401R.aem4f : List.oem4f (.text:List_next)
                  00006628    000000bc     sysbios.aem4f : BIOS.obj (.text:ti_sysbios_family_arm_m3_Hwi_excHardFault__I)
                  000066e4    000000b8     main.obj (.text:main)
                  0000679c    000000b4     drivers_MSP432P401R.aem4f : SPIMSP432DMA.oem4f (.text:configDMA)
                  00006850    000000b4     sysbios.aem4f : BIOS.obj (.text:ti_sysbios_gates_GateMutex_enter__E)
                  00006904    00000004     drivers_MSP432P401R.aem4f : PowerMSP432.oem4f (.text:PowerMSP432_getNumPerfLevels)
                  00006908    000000b4     sysbios.aem4f : BIOS.obj (.text:ti_sysbios_knl_Task_checkStacks__E)
                  000069bc    000000b2     msp432p4xx_driverlib.lib : timer_a.o (.text:privateTimer_AProcessClockSourceDivider)
                  00006a6e    00000002     rtsv7M4_T_le_v4SPD16_eabi.lib : div0.asm.obj (.text)
                  00006a70    000000b0     msp432p4xx_driverlib.lib : pcm.o (.text:__PCM_setCoreVoltageLevelAdvanced)
                  00006b20    000000b0     sysbios.aem4f : BIOS.obj (.text:ti_sysbios_utils_Load_idleFxn__E)
                  00006bd0    000000ac     drivers_MSP432P401R.aem4f : PWMTimerMSP432.oem4f (.text:PWMTimerMSP432_open)
                  00006c7c    00000004     msprf24.obj (.text:_msprf24_irq_mask)
                  00006c80    000000a8     sysbios.aem4f : BIOS.obj (.text:ti_sysbios_family_arm_msp432_Timer_periodicStub__E)
                  00006d28    000000a8     mpu9250.obj (.text:updateTime)
                  00006dd0    000000a8     msprf24.obj (.text:w_tx_payload)
                  00006e78    000000a0     auto_init.aem4f : auto_init.oem4f (.text)
                  00006f18    000000a0     ti.targets.arm.rtsarm.aem4f : Text.oem4f (.text:xdc_runtime_Text_putMod__E)
                  00006fb8    0000009c     rtsv7M4_T_le_v4SPD16_eabi.lib : memcpy_t2.asm.obj (.text)
                  00007054    00000004                                   : exit.c.obj (.text:abort:abort)
                  00007058    0000009c     sysbios.aem4f : BIOS.obj (.text:ti_sysbios_knl_Semaphore_Instance_init__E)
                  000070f4    0000009a     ti.targets.arm.rtsarm.aem4f : Text.oem4f (.text:xdc_runtime_Text_putSite__E)
                  0000718e    00000002     drone_pepesteam_pem4f.oem4f (.text:ti_sysbios_BIOS_nullFunc__I)
                  00007190    00000098     msprf24.obj (.text:msprf24_set_retransmit_delay)
                  00007228    00000096     mpu9250.obj (.text:MPU6050init)
                  000072be    00000096     rtsv7M4_T_le_v4SPD16_eabi.lib : ull_div_t2.asm.obj (.text)
                  00007354    00000004     drone_pepesteam_pem4f.oem4f (.text:ti_sysbios_BIOS_RtsGateProxy_enter__E)
                  00007358    00000094     sysbios.aem4f : BIOS.obj (.text:ti_sysbios_family_arm_m3_Hwi_Instance_init__E)
                  000073ec    00000004     drone_pepesteam_pem4f.oem4f (.text:ti_sysbios_BIOS_RtsGateProxy_leave__E)
                  000073f0    00000094     sysbios.aem4f : BIOS.obj (.text:ti_sysbios_family_arm_m3_Hwi_initNVIC__E)
                  00007484    00000004     drone_pepesteam_pem4f.oem4f (.text:ti_sysbios_family_arm_m3_Hwi_destruct)
                  00007488    00000094     sysbios.aem4f : BIOS.obj (.text:ti_sysbios_knl_Task_postInit__I)
                  0000751c    00000092     drivers_MSP432P401R.aem4f : I2CMSP432.oem4f (.text:I2CMSP432_cancel)
                  000075ae    00000092                               : PWMTimerMSP432.oem4f (.text:PWMTimerMSP432_setPeriod)
                  00007640    00000090     msprf24.obj (.text:msprf24_set_pipe_packetsize)
                  000076d0    00000090     ti.uia.loggers.aem4f : LoggerStopMode.oem4f (.text:ti_uia_loggers_LoggerStopMode_initQueueDescriptor__E)
                  00007760    00000090     mpu9250.obj (.text:writeRegister)
                  000077f0    0000008c     drivers_MSP432P401R.aem4f : I2CMSP432.oem4f (.text:I2CMSP432_transfer)
                  0000787c    0000008c     sysbios.aem4f : m3_TaskSupport_asm.obj (.text:ti_sysbios_family_arm_m3_TaskSupport_buildTaskStack)
                  00007908    00000088     msp432p4xx_driverlib.lib : spi.o (.text:SPI_initMaster)
                  00007990    00000086     rtsv7M4_T_le_v4SPD16_eabi.lib : fd_cmp_t2.asm.obj (.text:__aeabi_cdrcmple)
                  00007a16    00000002     drone_pepesteam_pem4f.oem4f (.text:ti_uia_loggers_LoggerStopMode_setFilterLevel__E)
                  00007a18    00000084     drivers_MSP432P401R.aem4f : ADCMSP432.oem4f (.text:ADCMSP432_convert)
                  00007a9c    00000084                               : PWMTimerMSP432.oem4f (.text:PWMTimerMSP432_setDuty)
                  00007b20    00000084     mpu9250.obj (.text:setAccelData)
                  00007ba4    00000084     mpu9250.obj (.text:setGyroData)
                  00007c28    00000084     sysbios.aem4f : BIOS.obj (.text:ti_sysbios_family_arm_m3_Hwi_postInit__I)
                  00007cac    00000084     msprf24.obj (.text:w_rx_addr)
                  00007d30    00000080     msp432p4xx_driverlib.lib : dma.o (.text:DMA_setChannelTransfer)
                  00007db0    00000080     sysbios.aem4f : BIOS.obj (.text:ti_sysbios_utils_Load_updateLoads__E)
                  00007e30    0000007c     msp432p4xx_driverlib.lib : pcm.o (.text:PCM_gotoLPM3)
                  00007eac    0000007c     msprf24.obj (.text:msprf24_irq_clear)
                  00007f28    0000007a     msprf24.obj (.text:msprf24_open_pipe)
                  00007fa2    0000007a     rtsv7M4_T_le_v4SPD16_eabi.lib : memset_t2.asm.obj (.text)
                  0000801c    00000078     drivers_MSP432P401R.aem4f : ADCMSP432.oem4f (.text:ADCMSP432_open)
                  00008094    00000004     drone_pepesteam_pem4f.oem4f (.text:ti_sysbios_family_arm_m3_TaskSupport_Module__startupDone__S)
                  00008098    00000074     sysbios.aem4f : BIOS.obj (.text:ti_sysbios_knl_Clock_start__E)
                  0000810c    00000074     ti.uia.runtime.aem4f : QueueDescriptor.oem4f (.text:ti_uia_runtime_QueueDescriptor_addToList__E)
                  00008180    00000072     mpu9250.obj (.text:setMagnData)
                  000081f2    00000006     drivers_MSP432P401R.aem4f : ADCMSP432.oem4f (.text:ADCMSP432_control)
                  000081f8    00000070     sysbios.aem4f : BIOS.obj (.text:ti_sysbios_family_arm_m3_TimestampProvider_get64__E)
                  00008268    00000070                   : BIOS.obj (.text:ti_sysbios_knl_Clock_workFunc__E)
                  000082d8    00000070                   : BIOS.obj (.text:ti_sysbios_knl_Task_exit__E)
                  00008348    0000006e     rtsv7M4_T_le_v4SPD16_eabi.lib : fd_tos_t2.asm.obj (.text)
                  000083b6    00000002     ti.uia.loggers.aem4f : LoggerStopMode.oem4f (.text:ti_uia_loggers_LoggerStopMode_setPriority__E)
                  000083b8    0000006d     ti.targets.arm.rtsarm.aem4f : System.oem4f (.text:xdc_runtime_System_formatNum__I)
                  00008425    00000003     --HOLE-- [fill = 0]
                  00008428    0000006c     msp432p4xx_driverlib.lib : adc14.o (.text:ADC14_configureConversionMemory)
                  00008494    00000004     drone_pepesteam_pem4f.oem4f (.text:ti_sysbios_heaps_HeapMem_Module_GateProxy_enter__E)
                  00008498    0000006c     sysbios.aem4f : BIOS.obj (.text:ti_sysbios_knl_Swi_restoreHwi__E)
                  00008504    0000006c     ti.targets.arm.rtsarm.aem4f : Error.oem4f (.text:xdc_runtime_Error_print__E)
                  00008570    0000006c                                 : Memory.oem4f (.text:xdc_runtime_Memory_alloc__E)
                  000085dc    00000068     rtsv7M4_T_le_v4SPD16_eabi.lib : copy_decompress_lzss.c.obj (.text:decompress:lzss:__TI_decompress_lzss)
                  00008644    00000068     drivers_MSP432P401R.aem4f : I2CMSP432.oem4f (.text:primeTransfer)
                  000086ac    00000066                               : I2CMSP432.oem4f (.text:I2CMSP432_close)
                  00008712    00000066     mpu9250.obj (.text:readAccel)
                  00008778    00000066     mpu9250.obj (.text:readGyro)
                  000087de    00000066     mpu9250.obj (.text:readMagn)
                  00008844    00000066     ti.uia.loggers.aem4f : LoggerStopMode.oem4f (.text:ti_uia_loggers_LoggerStopMode_flush__E)
                  000088aa    00000066     ti.targets.arm.rtsarm.aem4f : Core-mem.oem4f (.text:xdc_runtime_Core_deleteObject__I)
                  00008910    00000064     sysbios.aem4f : BIOS.obj (.text:ti_sysbios_family_arm_m3_Hwi_dispatchC__I)
                  00008974    00000062     tirtosport.aem4f : HwiP_tirtos.oem4f (.text:HwiP_create)
                  000089d6    00000002     --HOLE-- [fill = 0]
                  000089d8    00000060     sysbios.aem4f : BIOS.obj (.text:ti_sysbios_family_arm_m3_TimestampProvider_get32__E)
                  00008a38    00000060                   : BIOS.obj (.text:ti_sysbios_family_arm_msp432_Timer_Module_startup__E)
                  00008a98    00000060                   : BIOS.obj (.text:ti_sysbios_knl_Task_schedule__I)
                  00008af8    0000005e     mpu9250.obj (.text:readTransaction)
                  00008b56    00000002     --HOLE-- [fill = 0]
                  00008b58    0000005c     drivers_MSP432P401R.aem4f : GPIOMSP432.oem4f (.text:GPIO_init)
                  00008bb4    00000004     drone_pepesteam_pem4f.oem4f (.text:ti_sysbios_heaps_HeapMem_Module_GateProxy_leave__E)
                  00008bb8    0000005c     sysbios.aem4f : BIOS.obj (.text:ti_sysbios_knl_Swi_run__I)
                  00008c14    00000004     drone_pepesteam_pem4f.oem4f (.text:ti_sysbios_knl_Clock_TimerProxy_getMaxTicks__E)
                  00008c18    0000005c     sysbios.aem4f : BIOS.obj (.text:ti_sysbios_knl_Swi_schedule__I)
                  00008c74    00000004     drone_pepesteam_pem4f.oem4f (.text:ti_sysbios_knl_Queue_destruct)
                  00008c78    0000005c     sysbios.aem4f : BIOS.obj (.text:ti_sysbios_knl_Task_Module_startup__E)
                  00008cd4    00000004     drone_pepesteam_pem4f.oem4f (.text:ti_sysbios_knl_Semaphore_destruct)
                  00008cd8    0000005c     sysbios.aem4f : BIOS.obj (.text:ti_sysbios_knl_Task_startCore__E)
                  00008d34    0000005b     ti.targets.arm.rtsarm.aem4f : Text.oem4f (.text:xdc_runtime_Text_putLab__E)
                  00008d8f    00000001     --HOLE-- [fill = 0]
                  00008d90    0000005a     drivers_MSP432P401R.aem4f : SPIMSP432DMA.oem4f (.text:SPIMSP432DMA_close)
                  00008dea    00000002     --HOLE-- [fill = 0]
                  00008dec    00000058                               : ADCMSP432.oem4f (.text:ADCMSP432_close)
                  00008e44    00000058     rtsv7M4_T_le_v4SPD16_eabi.lib : hostwrite.c.obj (.text:HOSTwrite)
                  00008e9c    00000058     drivers_MSP432P401R.aem4f : SPIMSP432DMA.oem4f (.text:SPIMSP432DMA_transfer)
                  00008ef4    00000058     tirtosport.aem4f : SemaphoreP_tirtos.oem4f (.text:SemaphoreP_create)
                  00008f4c    00000058     boot.aem4f : boot.oem4f (.text)
                  00008fa4    00000058     msprf24.obj (.text:msprf24_init)
                  00008ffc    00000058     nRF24L01_SPI.obj (.text:spi_transfer16)
                  00009054    00000058     drone_pepesteam_pem4f.oem4f (.text:ti_sysbios_family_arm_m3_Hwi_construct)
                  000090ac    00000058     sysbios.aem4f : m3_Hwi_asm_switch.obj (.text:ti_sysbios_family_arm_m3_Hwi_initStacks__E)
                  00009104    00000054     drivers_MSP432P401R.aem4f : GPIOMSP432.oem4f (.text:GPIO_hwiIntFxn)
                  00009158    00000054                               : GPIOMSP432.oem4f (.text:GPIO_setCallback)
                  000091ac    00000054                               : PWMTimerMSP432.oem4f (.text:PWMTimerMSP432_stop)
                  00009200    00000054     mpu9250.obj (.text:getAres)
                  00009254    00000054     mpu9250.obj (.text:getGres)
                  000092a8    00000054     drivers_MSP432P401R.aem4f : I2CMSP432.oem4f (.text:initHw)
                  000092fc    00000004     ti.uia.loggers.aem4f : LoggerStopMode.oem4f (.text:ti_uia_loggers_LoggerStopMode_getContents__E)
                  00009300    00000054     sysbios.aem4f : BIOS.obj (.text:ti_sysbios_family_arm_m3_Timer_start__E)
                  00009354    00000004     drone_pepesteam_pem4f.oem4f (.text:ti_uia_loggers_LoggerStopMode_getFilterLevel__E)
                  00009358    00000054     sysbios.aem4f : BIOS.obj (.text:ti_sysbios_family_arm_msp432_Timer_initDevice__I)
                  000093ac    00000004     ti.uia.loggers.aem4f : LoggerStopMode.oem4f (.text:ti_uia_loggers_LoggerStopMode_getInstanceId__E)
                  000093b0    00000054     sysbios.aem4f : BIOS.obj (.text:ti_sysbios_family_arm_msp432_init_Boot_configureClocksHigh)
                  00009404    00000054     ti.targets.arm.rtsarm.aem4f : Assert.oem4f (.text:xdc_runtime_Assert_raise__I)
                  00009458    00000050     drivers_MSP432P401R.aem4f : GPIOMSP432.oem4f (.text:GPIO_write)
                  000094a8    00000050     msp432p4xx_driverlib.lib : pcm.o (.text:PCM_shutdownDevice)
                  000094f8    00000050     drivers_MSP432P401R.aem4f : PWMTimerMSP432.oem4f (.text:PWMTimerMSP432_close)
                  00009548    00000050     msprf24.obj (.text:msprf24_current_state)
                  00009598    00000050     sysbios.aem4f : BIOS.obj (.text:ti_sysbios_family_arm_m3_Hwi_Module_startup__E)
                  000095e8    00000050     msprf24.obj (.text:w_tx_addr)
                  00009638    00000050     ti.targets.arm.rtsarm.aem4f : Startup.oem4f (.text:xdc_runtime_Startup_exec__E)
                  00009688    00000050                                 : Text.oem4f (.text:xdc_runtime_Text_visitRope2__I)
                  000096d8    0000004c     msp432p4xx_driverlib.lib : gpio.o (.text:GPIO_setAsPeripheralModuleFunctionOutputPin)
                  00009724    0000004c     drivers_MSP432P401R.aem4f : UDMAMSP432.oem4f (.text:UDMAMSP432_open)
                  00009770    0000004c     rtsv7M4_T_le_v4SPD16_eabi.lib : cpy_tbl.c.obj (.text:copy_in)
                  000097bc    0000004c     msprf24.obj (.text:r_reg)
                  00009808    0000004c     sysbios.aem4f : BIOS.obj (.text:ti_sysbios_family_arm_msp432_Timer_start__E)
                  00009854    00000004     ti.uia.loggers.aem4f : LoggerStopMode.oem4f (.text:ti_uia_loggers_LoggerStopMode_getMaxLength__E)
                  00009858    0000004c     sysbios.aem4f : BIOS.obj (.text:ti_sysbios_heaps_HeapMem_getStats__E)
                  000098a4    00000004     ti.uia.loggers.aem4f : LoggerStopMode.oem4f (.text:ti_uia_loggers_LoggerStopMode_getPriority__E)
                  000098a8    0000004c     sysbios.aem4f : BIOS.obj (.text:ti_sysbios_knl_Swi_runLoop__I)
                  000098f4    00000004     ti.uia.loggers.aem4f : LoggerStopMode.oem4f (.text:ti_uia_loggers_LoggerStopMode_getTransferType__E)
                  000098f8    0000004c     sysbios.aem4f : BIOS.obj (.text:ti_sysbios_knl_Task_allBlockedFunction__I)
                  00009944    0000004c     ti.uia.loggers.aem4f : LoggerStopMode.oem4f (.text:ti_uia_loggers_LoggerStopMode_Module_startup__E)
                  00009990    0000004c     msprf24.obj (.text:w_reg)
                  000099dc    0000004a     drivers_MSP432P401R.aem4f : SPIMSP432DMA.oem4f (.text:initHw)
                  00009a26    00000002     --HOLE-- [fill = 0]
                  00009a28    00000048     msp432p4xx_driverlib.lib : dma.o (.text:DMA_assignInterrupt)
                  00009a70    00000048                              : gpio.o (.text:GPIO_setAsPeripheralModuleFunctionInputPin)
                  00009ab8    00000048                              : timer_a.o (.text:Timer_A_generatePWM)
                  00009b00    00000048     sysbios.aem4f : BIOS.obj (.text:ti_sysbios_family_arm_m3_Hwi_disableInterrupt__E)
                  00009b48    00000048                   : BIOS.obj (.text:ti_sysbios_family_arm_m3_Hwi_enableInterrupt__E)
                  00009b90    00000048                   : BIOS.obj (.text:ti_sysbios_family_arm_m3_Hwi_excReserved__I)
                  00009bd8    00000048                   : BIOS.obj (.text:ti_sysbios_family_arm_m3_Timer_initDevice__I)
                  00009c20    00000048                   : BIOS.obj (.text:ti_sysbios_family_arm_m3_Timer_setPeriod__E)
                  00009c68    00000046     ti.targets.arm.rtsarm.aem4f : Core-params.oem4f (.text:xdc_runtime_Core_assignParams__I)
                  00009cae    00000002     --HOLE-- [fill = 0]
                  00009cb0    00000044     msp432p4xx_driverlib.lib : adc14.o (.text:ADC14_configureSingleSampleMode)
                  00009cf4    00000044     drivers_MSP432P401R.aem4f : PowerMSP432.oem4f (.text:Power_init)
                  00009d38    00000044     sysbios.aem4f : BIOS.obj (.text:ti_sysbios_family_arm_m3_Hwi_getStackInfo__E)
                  00009d7c    00000004     ti.targets.arm.rtsarm.aem4f : Error.oem4f (.text:xdc_runtime_Error_getSite__E)
                  00009d80    00000044     sysbios.aem4f : BIOS.obj (.text:ti_sysbios_knl_Swi_post__E)
                  00009dc4    00000044     ti.uia.loggers.aem4f : LoggerStopMode.oem4f (.text:ti_uia_loggers_LoggerStopMode_initBuffer__I)
                  00009e08    00000044     ti.targets.arm.rtsarm.aem4f : Error.oem4f (.text:xdc_runtime_Error_setX__E)
                  00009e4c    00000044                                 : SysMin.oem4f (.text:xdc_runtime_SysMin_flush__E)
                  00009e90    00000044                                 : Text.oem4f (.text:xdc_runtime_Text_xprintf__I)
                  00009ed4    00000042     drivers_MSP432P401R.aem4f : I2CMSP432.oem4f (.text:completeTransfer)
                  00009f16    00000002     --HOLE-- [fill = 0]
                  00009f18    00000040     msp432p4xx_driverlib.lib : flash.o (.text:FlashCtl_disableReadBuffering)
                  00009f58    00000040                              : i2c.o (.text:I2C_masterSendMultiByteFinish)
                  00009f98    00000040                              : pmap.o (.text:PMAP_configurePorts)
                  00009fd8    00000040     drivers_MSP432P401R.aem4f : PWMTimerMSP432.oem4f (.text:PWMTimerMSP432_start)
                  0000a018    00000040                               : UDMAMSP432.oem4f (.text:UDMAMSP432_init)
                  0000a058    00000040     msprf24.obj (.text:msprf24_enable_feature)
                  0000a098    00000040     msprf24.obj (.text:msprf24_rx_pending)
                  0000a0d8    00000040     drivers_MSP432P401R.aem4f : PowerMSP432.oem4f (.text:notify)
                  0000a118    00000040     rtsv7M4_T_le_v4SPD16_eabi.lib : u_divt2.asm.obj (.text)
                  0000a158    00000040     sysbios.aem4f : BIOS.obj (.text:ti_sysbios_family_arm_msp432_Timer_startup__E)
                  0000a198    0000003e     msp432p4xx_driverlib.lib : i2c.o (.text:I2C_initMaster)
                  0000a1d6    0000003c     mpu9250.obj (.text:AK8963init)
                  0000a212    00000002     --HOLE-- [fill = 0]
                  0000a214    0000003c     msp432p4xx_driverlib.lib : dma.o (.text:DMA_enableInterrupt)
                  0000a250    0000003c     power_tirtos_MSP432P401R.aem4f : PowerMSP432_tirtos.oem4f (.text:PowerMSP432_sleepPolicy)
                  0000a28c    0000003c     drivers_MSP432P401R.aem4f : PWMTimerMSP432.oem4f (.text:getPeriodCounts)
                  0000a2c8    0000003c     sysbios.aem4f : BIOS.obj (.text:ti_sysbios_family_arm_m3_Hwi_excSvCall__I)
                  0000a304    00000004     drone_pepesteam_pem4f.oem4f (.text:xdc_runtime_System_Module_GateProxy_enter__E)
                  0000a308    0000003c     sysbios.aem4f : BIOS.obj (.text:ti_sysbios_heaps_HeapMem_init__I)
                  0000a344    00000004     drone_pepesteam_pem4f.oem4f (.text:xdc_runtime_System_Module_GateProxy_leave__E)
                  0000a348    0000003c     sysbios.aem4f : BIOS.obj (.text:ti_sysbios_knl_Swi_restore__E)
                  0000a384    0000003a     drivers_MSP432P401R.aem4f : SPIMSP432DMA.oem4f (.text:SPIMSP432DMA_hwiFxn)
                  0000a3be    0000003a     mpu9250.obj (.text:mpu_I2c_CheckMag)
                  0000a3f8    0000003a     nRF24L01_SPI.obj (.text:spi_transfer)
                  0000a432    00000002     --HOLE-- [fill = 0]
                  0000a434    00000038     msp432p4xx_driverlib.lib : adc14.o (.text:ADC14_initModule)
                  0000a46c    00000038                              : adc14.o (.text:ADC14_setSampleHoldTrigger)
                  0000a4a4    00000038     drivers_MSP432P401R.aem4f : ADCMSP432.oem4f (.text:ADCMSP432_convertRawToMicroVolts)
                  0000a4dc    00000038                               : ADC.oem4f (.text:ADC_init)
                  0000a514    00000038                               : I2C.oem4f (.text:I2C_init)
                  0000a54c    00000038                               : PWM.oem4f (.text:PWM_init)
                  0000a584    00000038                               : SPI.oem4f (.text:SPI_init)
                  0000a5bc    00000038     rtsv7M4_T_le_v4SPD16_eabi.lib : trgmsg.c.obj (.text:__TI_writemsg)
                  0000a5f4    00000038     drivers_MSP432P401R.aem4f : PWMTimerMSP432.oem4f (.text:getDutyCounts)
                  0000a62c    00000038                               : I2CMSP432.oem4f (.text:perfChangeNotifyFxn)
                  0000a664    00000038     rtsv7M4_T_le_v4SPD16_eabi.lib : fs_tod_t2.asm.obj (.text)
                  0000a69c    00000004     ti.targets.arm.rtsarm.aem4f : System.oem4f (.text:xdc_runtime_System_aprintf_va__F)
                  0000a6a0    00000038     sysbios.aem4f : BIOS.obj (.text:ti_sysbios_family_arm_m3_Hwi_excNoIsr__I)
                  0000a6d8    00000038                   : BIOS.obj (.text:ti_sysbios_knl_Task_processVitalTaskFlag__I)
                  0000a710    00000038     ti.targets.arm.rtsarm.aem4f : SysMin.oem4f (.text:xdc_runtime_SysMin_putch__E)
                  0000a748    00000038                                 : System.oem4f (.text:xdc_runtime_System_atexit__E)
                  0000a780    00000034     msp432p4xx_driverlib.lib : flash.o (.text:FlashCtl_enableReadBuffering)
                  0000a7b4    00000034     rtsv7M4_T_le_v4SPD16_eabi.lib : trgmsg.c.obj (.text:__TI_readmsg)
                  0000a7e8    00000034     mpu9250.obj (.text:getMres)
                  0000a81c    00000034     drivers_MSP432P401R.aem4f : ADCMSP432.oem4f (.text:initHw)
                  0000a850    00000034     mpu9250.obj (.text:mpu_I2c_ReadAndClearMagStatusRegister)
                  0000a884    00000034     msprf24.obj (.text:msprf24_set_speed_power)
                  0000a8b8    00000034     msprf24.obj (.text:msprf24_standby)
                  0000a8ec    00000034     drone_pepesteam_pem4f.oem4f (.text:ti_sysbios_BIOS_startFunc__I)
                  0000a920    00000034     sysbios.aem4f : BIOS.obj (.text:ti_sysbios_family_arm_m3_Hwi_Instance_finalize__E)
                  0000a954    00000004     ti.targets.arm.rtsarm.aem4f : System.oem4f (.text:xdc_runtime_System_printf_va__F)
                  0000a958    00000034     sysbios.aem4f : BIOS.obj (.text:ti_sysbios_family_arm_m3_Hwi_excNmi__I)
                  0000a98c    00000004     --HOLE-- [fill = 0]
                  0000a990    00000034                   : BIOS.obj (.text:ti_sysbios_family_arm_m3_Timer_periodicStub__I)
                  0000a9c4    00000004     --HOLE-- [fill = 0]
                  0000a9c8    00000034                   : BIOS.obj (.text:ti_sysbios_hal_Hwi_checkStack)
                  0000a9fc    00000034     drone_pepesteam_pem4f.oem4f (.text:ti_sysbios_knl_Clock_construct)
                  0000aa30    00000034     ti.uia.loggers.aem4f : LoggerStopMode.oem4f (.text:ti_uia_loggers_LoggerStopMode_reset__E)
                  0000aa64    00000034     ti.targets.arm.rtsarm.aem4f : Core-label.oem4f (.text:xdc_runtime_Core_assignLabel__I)
                  0000aa98    00000033                                 : Text.oem4f (.text:xdc_runtime_Text_printVisFxn__I)
                  0000aacb    00000001     --HOLE-- [fill = 0]
                  0000aacc    00000032     msp432p4xx_driverlib.lib : spi.o (.text:SPI_initSlave)
                  0000aafe    00000032     mpu9250.obj (.text:readRegister)
                  0000ab30    00000032     mpu9250.obj (.text:readRegisters)
                  0000ab62    00000006     drivers_MSP432P401R.aem4f : ADC.oem4f (.text:ADC_Params_init)
                  0000ab68    00000032     sysbios.aem4f : BIOS.obj (.text:ti_sysbios_hal_Hwi_initStack)
                  0000ab9a    00000002     --HOLE-- [fill = 0]
                  0000ab9c    00000030     msp432p4xx_driverlib.lib : gpio.o (.text:GPIO_getEnabledInterruptStatus)
                  0000abcc    00000030                              : gpio.o (.text:GPIO_setAsInputPinWithPullDownResistor)
                  0000abfc    00000030                              : gpio.o (.text:GPIO_setAsInputPinWithPullUpResistor)
                  0000ac2c    00000030     drivers_MSP432P401R.aem4f : I2C.oem4f (.text:I2C_open)
                  0000ac5c    00000030     MSP_EXP432P401R.obj (.text:MSP_EXP432P401R_initPWM)
                  0000ac8c    00000030     MSP_EXP432P401R.obj (.text:MSP_EXP432P401R_initSPI)
                  0000acbc    00000030     drivers_MSP432P401R.aem4f : PWM.oem4f (.text:PWM_open)
                  0000acec    00000030                               : SPI.oem4f (.text:SPI_open)
                  0000ad1c    00000030     msp432p4xx_driverlib.lib : spi.o (.text:is_A_Module)
                  0000ad4c    00000030     msprf24.obj (.text:msprf24_set_config)
                  0000ad7c    00000030     drone_pepesteam_pem4f.oem4f (.text:ti_sysbios_BIOS_atExitFunc__I)
                  0000adac    00000004     --HOLE-- [fill = 0]
                  0000adb0    00000030     sysbios.aem4f : BIOS.obj (.text:ti_sysbios_family_arm_m3_TaskSupport_start__E)
                  0000ade0    00000030                   : BIOS.obj (.text:ti_sysbios_family_arm_msp432_Timer_setPeriod__E)
                  0000ae10    00000030     drone_pepesteam_pem4f.oem4f (.text:ti_sysbios_gates_GateHwi_Object__create__S)
                  0000ae40    00000030     drone_pepesteam_pem4f.oem4f (.text:ti_sysbios_gates_GateMutex_Object__create__S)
                  0000ae70    00000030     drone_pepesteam_pem4f.oem4f (.text:ti_sysbios_heaps_HeapMem_Object__create__S)
                  0000aea0    00000030     drone_pepesteam_pem4f.oem4f (.text:ti_sysbios_knl_Semaphore_construct)
                  0000aed0    00000030     sysbios.aem4f : BIOS.obj (.text:ti_sysbios_knl_Semaphore_pendTimeout__I)
                  0000af00    00000030                   : BIOS.obj (.text:ti_sysbios_knl_Task_unblockI__E)
                  0000af30    00000030                   : BIOS.obj (.text:ti_sysbios_utils_Load_updateCurrentThreadTime__E)
                  0000af60    00000030     drone_pepesteam_pem4f.oem4f (.text:ti_uia_loggers_LoggerStopMode_Object__create__S)
                  0000af90    00000030     ti.targets.arm.rtsarm.aem4f : SysMin.oem4f (.text:xdc_runtime_SysMin_abort__E)
                  0000afc0    00000030                                 : System.oem4f (.text:xdc_runtime_System_processAtExit__E)
                  0000aff0    0000002c     msp432p4xx_driverlib.lib : adc14.o (.text:ADC14_enableConversion)
                  0000b01c    0000002c                              : adc14.o (.text:ADC14_setSampleHoldTime)
                  0000b048    0000002c                              : gpio.o (.text:GPIO_setAsInputPin)
                  0000b074    0000002c                              : pcm.o (.text:PCM_getCoreVoltageLevel)
                  0000b0a0    0000002c     power_tirtos_MSP432P401R.aem4f : PowerMSP432_tirtos.oem4f (.text:PowerMSP432_updateFreqs)
                  0000b0cc    0000002c     drivers_MSP432P401R.aem4f : PowerMSP432.oem4f (.text:Power_releaseConstraint)
                  0000b0f8    0000002c                               : PowerMSP432.oem4f (.text:Power_setConstraint)
                  0000b124    0000002c     msprf24.obj (.text:msprf24_set_address_width)
                  0000b150    0000002c     drone_pepesteam_pem4f.oem4f (.text:ti_sysbios_knl_Clock_doTick__I)
                  0000b17c    0000002c     drone_pepesteam_pem4f.oem4f (.text:ti_sysbios_knl_Queue_construct)
                  0000b1a8    0000002c     sysbios.aem4f : BIOS.obj (.text:ti_sysbios_knl_Task_restore__E)
                  0000b1d4    0000002c     ti.targets.arm.rtsarm.aem4f : Text.oem4f (.text:xdc_runtime_Text_cordText__E)
                  0000b200    0000002a     msp432p4xx_driverlib.lib : pcm.o (.text:PCM_getPowerMode)
                  0000b22a    0000002a     msprf24.obj (.text:msprf24_set_retransmit_count)
                  0000b254    0000002a     drivers_MSP432P401R.aem4f : SPIMSP432DMA.oem4f (.text:perfChangeNotifyFxn)
                  0000b27e    0000002a     ti.targets.arm.rtsarm.aem4f : System.oem4f (.text:xdc_runtime_System_putchar__I)
                  0000b2a8    00000028     msp432p4xx_driverlib.lib : adc14.o (.text:ADC14_enableSampleTimer)
                  0000b2d0    00000028     drivers_MSP432P401R.aem4f : ADC.oem4f (.text:ADC_open)
                  0000b2f8    00000028     msp432p4xx_driverlib.lib : flash.o (.text:FlashCtl_setWaitState)
                  0000b320    00000028                              : pcm.o (.text:PCM_gotoLPM0)
                  0000b348    00000028     mpu9250.obj (.text:init_struct)
                  0000b370    00000028     sysbios.aem4f : BIOS.obj (.text:ti_sysbios_knl_Clock_addI__E)
                  0000b398    00000028                   : BIOS.obj (.text:ti_sysbios_knl_Swi_Module_startup__E)
                  0000b3c0    00000026     drivers_MSP432P401R.aem4f : List.oem4f (.text:List_put)
                  0000b3e6    00000026     msprf24.obj (.text:msprf24_is_alive)
                  0000b40c    00000026     sysbios.aem4f : m3_Hwi_asm.obj (.text:ti_sysbios_family_arm_m3_Hwi_pendSV__I)
                  0000b432    00000026     ti.targets.arm.rtsarm.aem4f : System.oem4f (.text:xdc_runtime_System_avprintf__E)
                  0000b458    00000024     msp432p4xx_driverlib.lib : cs.o (.text:CS_setDCOCenteredFrequency)
                  0000b47c    00000024                              : dma.o (.text:DMA_setChannelControl)
                  0000b4a0    00000024                              : gpio.o (.text:GPIO_setAsOutputPin)
                  0000b4c4    00000024                              : i2c.o (.text:I2C_masterSendMultiByteNext)
                  0000b4e8    00000024                              : rtc_c.o (.text:RTC_C_holdClock)
                  0000b50c    00000024                              : rtc_c.o (.text:RTC_C_startClock)
                  0000b530    00000024     msprf24.obj (.text:flush_rx)
                  0000b554    00000024     msprf24.obj (.text:flush_tx)
                  0000b578    00000024     msprf24.obj (.text:msprf24_set_channel)
                  0000b59c    00000024     drone_pepesteam_pem4f.oem4f (.text:ti_sysbios_BIOS_errorRaiseHook__I)
                  0000b5c0    00000024     drone_pepesteam_pem4f.oem4f (.text:ti_sysbios_BIOS_registerRTSLock__I)
                  0000b5e4    00000024     drone_pepesteam_pem4f.oem4f (.text:ti_sysbios_BIOS_removeRTSLock__I)
                  0000b608    00000024     sysbios.aem4f : BIOS.obj (.text:ti_sysbios_family_arm_m3_Timer_Module_startup__E)
                  0000b62c    00000004     --HOLE-- [fill = 0]
                  0000b630    00000024                   : BIOS.obj (.text:ti_sysbios_family_arm_m3_Timer_postInit__I)
                  0000b654    00000004     --HOLE-- [fill = 0]
                  0000b658    00000024                   : BIOS.obj (.text:ti_sysbios_family_arm_m3_Timer_startup__E)
                  0000b67c    00000004     --HOLE-- [fill = 0]
                  0000b680    00000024                   : BIOS.obj (.text:ti_sysbios_family_arm_msp432_ClockFreqs_setFrequency__E)
                  0000b6a4    00000024     drone_pepesteam_pem4f.oem4f (.text:ti_sysbios_gates_GateMutex_Object__delete__S)
                  0000b6c8    00000024     sysbios.aem4f : BIOS.obj (.text:ti_sysbios_knl_Clock_Module_startup__E)
                  0000b6ec    00000004     --HOLE-- [fill = 0]
                  0000b6f0    00000024                   : BIOS.obj (.text:ti_sysbios_knl_Task_restoreHwi__E)
                  0000b714    00000004     --HOLE-- [fill = 0]
                  0000b718    00000024                   : BIOS.obj (.text:ti_sysbios_utils_Load_updateThreadContexts__E)
                  0000b73c    00000024     ti.targets.arm.rtsarm.aem4f : System.oem4f (.text:xdc_runtime_System_vprintf__E)
                  0000b760    00000022     drone_pepesteam_pem4f.oem4f (.text:xdc_runtime_SysMin_output__I)
                  0000b782    00000002     --HOLE-- [fill = 0]
                  0000b784    00000020     msp432p4xx_driverlib.lib : adc14.o (.text:ADC14_clearInterruptFlag)
                  0000b7a4    00000020                              : adc14.o (.text:ADC14_disableInterrupt)
                  0000b7c4    00000020                              : adc14.o (.text:ADC14_disableModule)
                  0000b7e4    00000020                              : adc14.o (.text:ADC14_toggleConversionTrigger)
                  0000b804    00000020                              : gpio.o (.text:GPIO_interruptEdgeSelect)
                  0000b824    00000020     drivers_MSP432P401R.aem4f : PowerMSP432.oem4f (.text:PowerMSP432_getFreqs)
                  0000b844    00000020                               : PowerMSP432.oem4f (.text:Power_unregisterNotify)
                  0000b864    00000020                               : UDMAMSP432.oem4f (.text:UDMAMSP432_close)
                  0000b884    00000020     rtsv7M4_T_le_v4SPD16_eabi.lib : u_tofd_t2.asm.obj (.text)
                  0000b8a4    00000020     drone_pepesteam_pem4f.oem4f (.text:ti_sysbios_BIOS_rtsLock__I)
                  0000b8c4    00000020     sysbios.aem4f : m3_Hwi_asm.obj (.text:ti_sysbios_family_arm_m3_Hwi_excHandlerAsm__I)
                  0000b8e4    00000004     --HOLE-- [fill = 0]
                  0000b8e8    00000020                   : BIOS.obj (.text:ti_sysbios_family_arm_m3_Hwi_excHandler__I)
                  0000b908    00000020                   : BIOS.obj (.text:ti_sysbios_family_arm_m3_TimestampProvider_Module_startup__E)
                  0000b928    00000020     drone_pepesteam_pem4f.oem4f (.text:ti_sysbios_gates_GateHwi_Object__delete__S)
                  0000b948    00000020     drone_pepesteam_pem4f.oem4f (.text:ti_sysbios_heaps_HeapMem_Object__delete__S)
                  0000b968    00000020     sysbios.aem4f : BIOS.obj (.text:ti_sysbios_knl_Idle_run__E)
                  0000b988    00000020     drone_pepesteam_pem4f.oem4f (.text:ti_sysbios_knl_Semaphore_Object__destruct__S)
                  0000b9a8    00000020     drone_pepesteam_pem4f.oem4f (.text:ti_uia_loggers_LoggerStopMode_Object__delete__S)
                  0000b9c8    00000020     ti.targets.arm.rtsarm.aem4f : Registry.oem4f (.text:xdc_runtime_Registry_findById__E)
                  0000b9e8    00000020                                 : SysMin.oem4f (.text:xdc_runtime_SysMin_Module_startup__E)
                  0000ba08    0000001e     drivers_MSP432P401R.aem4f : PWMTimerMSP432.oem4f (.text:corroboratePeriod)
                  0000ba26    0000001e     msprf24.obj (.text:msprf24_activate_rx)
                  0000ba44    0000001e     sysbios.aem4f : m3_Hwi_asm_switch.obj (.text:ti_sysbios_family_xxx_Hwi_switchAndRunFunc)
                  0000ba62    00000002     --HOLE-- [fill = 0]
                  0000ba64    0000001c     msp432p4xx_driverlib.lib : adc14.o (.text:ADC14_getInterruptStatus)
                  0000ba80    0000001c                              : pcm.o (.text:PCM_enableRudeMode)
                  0000ba9c    0000001c     drivers_MSP432P401R.aem4f : PowerMSP432.oem4f (.text:Power_registerNotify)
                  0000bab8    0000001c     msprf24.obj (.text:msprf24_close_pipe_all)
                  0000bad4    0000001c     drone_pepesteam_pem4f.oem4f (.text:ti_sysbios_family_arm_m3_Hwi_Object__destruct__S)
                  0000baf0    0000001c     sysbios.aem4f : BIOS.obj (.text:ti_sysbios_family_arm_m3_Timer_stop__E)
                  0000bb0c    00000004     --HOLE-- [fill = 0]
                  0000bb10    0000001c                   : BIOS.obj (.text:ti_sysbios_gates_GateMutex_Instance_init__E)
                  0000bb2c    0000001c     drone_pepesteam_pem4f.oem4f (.text:ti_sysbios_knl_Queue_Object__destruct__S)
                  0000bb48    0000001c     sysbios.aem4f : BIOS.obj (.text:ti_sysbios_knl_Queue_put__E)
                  0000bb64    00000004     --HOLE-- [fill = 0]
                  0000bb68    0000001c                   : BIOS.obj (.text:ti_sysbios_knl_Task_enter__I)
                  0000bb84    0000001c     ti.uia.loggers.aem4f : LoggerStopMode.oem4f (.text:ti_uia_loggers_LoggerStopMode_Instance_init__E)
                  0000bba0    0000001c     ti.targets.arm.rtsarm.aem4f : Error.oem4f (.text:xdc_runtime_Error_raiseX__E)
                  0000bbbc    0000001c                                 : Memory.oem4f (.text:xdc_runtime_Memory_valloc__E)
                  0000bbd8    0000001c                                 : SysMin.oem4f (.text:xdc_runtime_SysMin_exit__E)
                  0000bbf4    0000001c                                 : System.oem4f (.text:xdc_runtime_System_abort__E)
                  0000bc10    0000001a     drivers_MSP432P401R.aem4f : List.oem4f (.text:List_remove)
                  0000bc2a    0000001a     msp432p4xx_driverlib.lib : spi.o (.text:SPI_disableModule)
                  0000bc44    0000001a                              : spi.o (.text:SPI_enableModule)
                  0000bc5e    0000001a                              : spi.o (.text:SPI_getReceiveBufferAddressForDMA)
                  0000bc78    0000001a                              : spi.o (.text:SPI_getTransmitBufferAddressForDMA)
                  0000bc92    0000001a     drone_pepesteam_pem4f.oem4f (.text:ti_sysbios_family_arm_m3_Hwi_Handle__label__S)
                  0000bcac    0000001a     drone_pepesteam_pem4f.oem4f (.text:ti_sysbios_gates_GateHwi_Handle__label__S)
                  0000bcc6    0000001a     drone_pepesteam_pem4f.oem4f (.text:ti_sysbios_gates_GateMutex_Handle__label__S)
                  0000bce0    0000001a     drone_pepesteam_pem4f.oem4f (.text:ti_sysbios_heaps_HeapMem_Handle__label__S)
                  0000bcfa    0000001a     drone_pepesteam_pem4f.oem4f (.text:ti_sysbios_knl_Swi_Handle__label__S)
                  0000bd14    0000001a     drone_pepesteam_pem4f.oem4f (.text:ti_sysbios_knl_Task_Handle__label__S)
                  0000bd2e    0000001a     drone_pepesteam_pem4f.oem4f (.text:ti_uia_loggers_LoggerStopMode_Handle__label__S)
                  0000bd48    0000001a     drone_pepesteam_pem4f.oem4f (.text:xdc_runtime_System_aprintf__E)
                  0000bd62    0000001a     drone_pepesteam_pem4f.oem4f (.text:xdc_runtime_System_printf__E)
                  0000bd7c    00000018     msp432p4xx_driverlib.lib : adc14.o (.text:ADC14_getResult)
                  0000bd94    00000018                              : dma.o (.text:DMA_clearInterruptFlag)
                  0000bdac    00000018                              : dma.o (.text:DMA_enableChannel)
                  0000bdc4    00000018                              : dma.o (.text:DMA_isChannelEnabled)
                  0000bddc    00000018                              : gpio.o (.text:GPIO_clearInterruptFlag)
                  0000bdf4    00000018                              : gpio.o (.text:GPIO_setDriveStrengthLow)
                  0000be0c    00000018                              : gpio.o (.text:GPIO_setOutputLowOnPin)
                  0000be24    00000018                              : i2c.o (.text:I2C_masterIsStartSent)
                  0000be3c    00000018     drivers_MSP432P401R.aem4f : SPIMSP432DMA.oem4f (.text:SPIMSP432DMA_transferCancel)
                  0000be54    00000018     msp432p4xx_driverlib.lib : wdt_a.o (.text:WDT_A_holdTimer)
                  0000be6c    00000018     rtsv7M4_T_le_v4SPD16_eabi.lib : args_main.c.obj (.text:_args_main)
                  0000be84    00000018     main.obj (.text:clk0Fxn)
                  0000be9c    00000018     drivers_MSP432P401R.aem4f : PWMTimerMSP432.oem4f (.text:corroborateDuty)
                  0000beb4    00000018     drone_pepesteam_pem4f.oem4f (.text:ti_sysbios_BIOS_rtsUnlock__I)
                  0000becc    00000018     drone_pepesteam_pem4f.oem4f (.text:ti_sysbios_family_arm_m3_Hwi_Module__startupDone__F)
                  0000bee4    00000018     sysbios.aem4f : m3_TaskSupport_asm.obj (.text:ti_sysbios_family_arm_m3_TaskSupport_swap__E)
                  0000befc    00000018     drone_pepesteam_pem4f.oem4f (.text:ti_sysbios_family_arm_msp432_Timer_Module__startupDone__F)
                  0000bf14    00000004     --HOLE-- [fill = 0]
                  0000bf18    00000018     sysbios.aem4f : BIOS.obj (.text:ti_sysbios_gates_GateMutex_leave__E)
                  0000bf30    00000018                   : BIOS.obj (.text:ti_sysbios_knl_Task_sleepTimeout__I)
                  0000bf48    00000018     ti.targets.arm.rtsarm.aem4f : Error.oem4f (.text:xdc_runtime_Error_check__E)
                  0000bf60    00000018                                 : System.oem4f (.text:xdc_runtime_System_exit__E)
                  0000bf78    00000018                                 : Text.oem4f (.text:xdc_runtime_Text_ropeText__E)
                  0000bf90    00000016     tirtosport.aem4f : HwiP_tirtos.oem4f (.text:HwiP_delete)
                  0000bfa6    00000016                      : SemaphoreP_tirtos.oem4f (.text:SemaphoreP_delete)
                  0000bfbc    00000016     msprf24.obj (.text:msprf24_powerdown)
                  0000bfd2    00000016     drone_pepesteam_pem4f.oem4f (.text:ti_sysbios_BIOS_exitFunc__I)
                  0000bfe8    00000016     main.obj (.text:ti_sysbios_knl_Clock_Params_init)
                  0000bffe    00000016     ti.uia.loggers.aem4f : LoggerStopMode.oem4f (.text:ti_uia_loggers_LoggerStopMode_disable__E)
                  0000c014    00000016                          : LoggerStopMode.oem4f (.text:ti_uia_loggers_LoggerStopMode_enable__E)
                  0000c02a    00000002     --HOLE-- [fill = 0]
                  0000c02c    00000014     msp432p4xx_driverlib.lib : adc14.o (.text:ADC14_setResolution)
                  0000c040    00000014                              : adc14.o (.text:ADCIsConversionRunning)
                  0000c054    00000014                              : gpio.o (.text:GPIO_setDriveStrengthHigh)
                  0000c068    00000014                              : gpio.o (.text:GPIO_setOutputHighOnPin)
                  0000c07c    00000014     drivers_MSP432P401R.aem4f : PWM.oem4f (.text:PWM_Params_init)
                  0000c090    00000014                               : PowerMSP432.oem4f (.text:Power_idleFunc)
                  0000c0a4    00000014     msp432p4xx_driverlib.lib : ref_a.o (.text:REF_A_setReferenceVoltage)
                  0000c0b8    00000014     drivers_MSP432P401R.aem4f : SPI.oem4f (.text:SPI_Params_init)
                  0000c0cc    00000014     msp432p4xx_driverlib.lib : wdt_a.o (.text:WDT_A_startTimer)
                  0000c0e0    00000014     msprf24.obj (.text:msprf24_activate_tx)
                  0000c0f4    00000014     rtsv7M4_T_le_v4SPD16_eabi.lib : strlen.c.obj (.text:strlen)
                  0000c108    00000014     drone_pepesteam_pem4f.oem4f (.text:ti_sysbios_family_arm_m3_Hwi_Object__get__S)
                  0000c11c    00000004     --HOLE-- [fill = 0]
                  0000c120    00000014     sysbios.aem4f : BIOS.obj (.text:ti_sysbios_family_arm_m3_Hwi_switchFromBootStack__E)
                  0000c134    00000014     drone_pepesteam_pem4f.oem4f (.text:ti_sysbios_heaps_HeapMem_Object__get__S)
                  0000c148    00000014     drone_pepesteam_pem4f.oem4f (.text:ti_sysbios_knl_Swi_Object__get__S)
                  0000c15c    00000012     MSP_EXP432P401R.obj (.text:MSP_EXP432P401R_initI2C)
                  0000c16e    00000012     tirtosport.aem4f : SemaphoreP_tirtos.oem4f (.text:SemaphoreP_pend)
                  0000c180    00000012     msprf24.obj (.text:pulse_ce)
                  0000c192    00000006     drivers_MSP432P401R.aem4f : I2CMSP432.oem4f (.text:I2CMSP432_control)
                  0000c198    00000012     sysbios.aem4f : BIOS.obj (.text:ti_sysbios_hal_Hwi_Module_startup__E)
                  0000c1aa    00000012     drone_pepesteam_pem4f.oem4f (.text:xdc_runtime_Startup_exec__I)
                  0000c1bc    00000010     msp432p4xx_driverlib.lib : adc14.o (.text:ADC14_disableConversion)
                  0000c1cc    00000010                              : adc14.o (.text:ADC14_enableModule)
                  0000c1dc    00000010                              : dma.o (.text:DMA_clearErrorStatus)
                  0000c1ec    00000010                              : dma.o (.text:DMA_enableModule)
                  0000c1fc    00000010                              : gpio.o (.text:GPIO_getInterruptStatus)
                  0000c20c    00000010     drivers_MSP432P401R.aem4f : I2C.oem4f (.text:I2C_Params_init)
                  0000c21c    00000010     msp432p4xx_driverlib.lib : i2c.o (.text:I2C_masterReceiveMultiByteStop)
                  0000c22c    00000010                              : i2c.o (.text:I2C_masterReceiveStart)
                  0000c23c    00000010                              : i2c.o (.text:I2C_masterSendStart)
                  0000c24c    00000010                              : pcm.o (.text:PCM_gotoLPM4)
                  0000c25c    00000010                              : ref_a.o (.text:REF_A_enableReferenceVoltage)
                  0000c26c    00000010     msprf24.obj (.text:_msprf24_crc_mask)
                  0000c27c    00000010     MSP_EXP432P401R.obj (.text:dmaErrorHwi)
                  0000c28c    00000004     --HOLE-- [fill = 0]
                  0000c290    00000010     sysbios.aem4f : BIOS.obj (.text:ti_sysbios_BIOS_getCpuFreq__E)
                  0000c2a0    00000010                   : BIOS.obj (.text:ti_sysbios_BIOS_setCpuFreq__E)
                  0000c2b0    00000010                   : BIOS.obj (.text:ti_sysbios_BIOS_setThreadType__E)
                  0000c2c0    00000010                   : BIOS.obj (.text:ti_sysbios_BIOS_start__E)
                  0000c2d0    00000010                   : m3_TaskSupport_asm.obj (.text:ti_sysbios_family_arm_m3_TaskSupport_glue)
                  0000c2e0    00000010                   : BIOS.obj (.text:ti_sysbios_family_arm_msp432_init_Boot_disableWatchdog)
                  0000c2f0    00000010                   : BIOS.obj (.text:ti_sysbios_gates_GateMutex_Instance_finalize__E)
                  0000c300    00000010                   : BIOS.obj (.text:ti_sysbios_knl_Semaphore_Instance_finalize__E)
                  0000c310    00000010                   : BIOS.obj (.text:ti_sysbios_knl_Swi_disable__E)
                  0000c320    00000010     drone_pepesteam_pem4f.oem4f (.text:ti_sysbios_knl_Task_Object__get__S)
                  0000c330    00000010     sysbios.aem4f : BIOS.obj (.text:ti_sysbios_knl_Task_disable__E)
                  0000c340    00000010     drone_pepesteam_pem4f.oem4f (.text:ti_uia_loggers_LoggerStopMode_Object__get__S)
                  0000c350    00000010     ti.uia.loggers.aem4f : LoggerStopMode.oem4f (.text:ti_uia_loggers_LoggerStopMode_isEmpty__E)
                  0000c360    00000010     ti.targets.arm.rtsarm.aem4f : Gate.oem4f (.text:xdc_runtime_Gate_leaveSystem__E)
                  0000c370    00000010                                 : Memory.oem4f (.text:xdc_runtime_Memory_free__E)
                  0000c380    00000010                                 : SysMin.oem4f (.text:xdc_runtime_SysMin_ready__E)
                  0000c390    00000010                                 : System.oem4f (.text:xdc_runtime_System_vsnprintf__E)
                  0000c3a0    00000010     drone_pepesteam_pem4f.oem4f (.text:xdc_runtime_Text_visitRope__I)
                  0000c3b0    0000000e     tirtosport.aem4f : HwiP_tirtos.oem4f (.text:HwiP_Params_init)
                  0000c3be    0000000e     msp432p4xx_driverlib.lib : i2c.o (.text:I2C_clearInterruptFlag)
                  0000c3cc    0000000e                              : i2c.o (.text:I2C_disableInterrupt)
                  0000c3da    0000000e                              : i2c.o (.text:I2C_setMode)
                  0000c3e8    0000000e                              : timer_a.o (.text:Timer_A_setCompareValue)
                  0000c3f6    0000000e     rtsv7M4_T_le_v4SPD16_eabi.lib : copy_decompress_none.c.obj (.text:decompress:none:__TI_decompress_none)
                  0000c404    00000004     --HOLE-- [fill = 0]
                  0000c408    0000000e     sysbios.aem4f : BIOS.obj (.text:ti_sysbios_knl_Idle_loop__E)
                  0000c416    00000002     --HOLE-- [fill = 0]
                  0000c418    0000000e                   : BIOS.obj (.text:ti_sysbios_knl_Queue_empty__E)
                  0000c426    0000000c     drone_pepesteam_pem4f.oem4f (.text:.bootCodeSection:ti_sysbios_family_arm_msp432_init_Boot_init__I)
                  0000c432    0000000c     msprf24.obj (.text:CE_DIS)
                  0000c43e    0000000c     msprf24.obj (.text:CE_EN)
                  0000c44a    0000000c     msp432p4xx_driverlib.lib : cpu.o (.text:CPU_cpsid)
                  0000c456    0000000c                              : cpu.o (.text:CPU_cpsie)
                  0000c462    0000000c     msprf24.obj (.text:CSN_DIS)
                  0000c46e    0000000c     msprf24.obj (.text:CSN_EN)
                  0000c47a    00000002     --HOLE-- [fill = 0]
                  0000c47c    0000000c     msp432p4xx_driverlib.lib : dma.o (.text:DMA_getErrorStatus)
                  0000c488    0000000c                              : dma.o (.text:DMA_setControlBase)
                  0000c494    0000000c                              : spi.o (.text:EUSCI_A_SPI_disable)
                  0000c4a0    0000000c                              : spi.o (.text:EUSCI_A_SPI_enable)
                  0000c4ac    0000000c                              : spi.o (.text:EUSCI_B_SPI_disable)
                  0000c4b8    0000000c                              : spi.o (.text:EUSCI_B_SPI_enable)
                  0000c4c4    0000000c                              : i2c.o (.text:I2C_disableModule)
                  0000c4d0    0000000c                              : i2c.o (.text:I2C_enableModule)
                  0000c4dc    0000000c                              : pcm.o (.text:PCM_getPowerState)
                  0000c4e8    0000000c     drivers_MSP432P401R.aem4f : PowerMSP432.oem4f (.text:Power_getConstraintMask)
                  0000c4f4    0000000c                               : PowerMSP432.oem4f (.text:Power_getPerformanceLevel)
                  0000c500    0000000c     msp432p4xx_driverlib.lib : timer_a.o (.text:Timer_A_stopTimer)
                  0000c50c    0000000c     rtsv7M4_T_le_v4SPD16_eabi.lib : _lock.c.obj (.text:_register_lock)
                  0000c518    0000000c                                   : _lock.c.obj (.text:_register_unlock)
                  0000c524    0000000c                                   : copy_zero_init.c.obj (.text:decompress:ZI:__TI_zero_init)
                  0000c530    0000000c     drone_pepesteam_pem4f.oem4f (.text:ti_sysbios_family_arm_m3_Hwi_Params__init__S)
                  0000c53c    00000004     --HOLE-- [fill = 0]
                  0000c540    0000000c     sysbios.aem4f : BIOS.obj (.text:ti_sysbios_family_arm_m3_Hwi_disableFxn__E)
                  0000c54c    00000004     --HOLE-- [fill = 0]
                  0000c550    0000000c                   : BIOS.obj (.text:ti_sysbios_family_arm_m3_TaskSupport_checkStack__E)
                  0000c55c    00000004     --HOLE-- [fill = 0]
                  0000c560    0000000c                   : BIOS.obj (.text:ti_sysbios_family_arm_m3_TimestampProvider_startTimer__E)
                  0000c56c    00000004     --HOLE-- [fill = 0]
                  0000c570    0000000c                   : BIOS.obj (.text:ti_sysbios_family_arm_msp432_Timer_getMaxTicks__E)
                  0000c57c    00000004     --HOLE-- [fill = 0]
                  0000c580    0000000c                   : BIOS.obj (.text:ti_sysbios_gates_GateHwi_enter__E)
                  0000c58c    0000000c     drone_pepesteam_pem4f.oem4f (.text:ti_sysbios_knl_Clock_Params__init__S)
                  0000c598    0000000c     sysbios.aem4f : BIOS.obj (.text:ti_sysbios_knl_Clock_getTicks__E)
                  0000c5a4    0000000c     main.obj (.text:ti_sysbios_knl_Clock_handle)
                  0000c5b0    0000000c     drone_pepesteam_pem4f.oem4f (.text:ti_sysbios_knl_Queue_Object__get__S)
                  0000c5bc    0000000c     drone_pepesteam_pem4f.oem4f (.text:ti_sysbios_knl_Semaphore_Params__init__S)
                  0000c5c8    0000000c     ti.targets.arm.rtsarm.aem4f : Error.oem4f (.text:xdc_runtime_Error_init__E)
                  0000c5d4    0000000c                                 : Gate.oem4f (.text:xdc_runtime_Gate_enterSystem__E)
                  0000c5e0    0000000c                                 : Memory.oem4f (.text:xdc_runtime_Memory_calloc__E)
                  0000c5ec    0000000c                                 : Memory.oem4f (.text:xdc_runtime_Memory_getMaxDefaultTypeAlign__E)
                  0000c5f8    0000000c                                 : Startup.oem4f (.text:xdc_runtime_Startup_rtsDone__E)
                  0000c604    0000000a     drivers_MSP432P401R.aem4f : ADC.oem4f (.text:ADC_convert)
                  0000c60e    0000000a                               : I2CMSP432.oem4f (.text:I2CMSP432_init)
                  0000c618    0000000a                               : I2C.oem4f (.text:I2C_transfer)
                  0000c622    0000000a                               : PWM.oem4f (.text:PWM_setDuty)
                  0000c62c    0000000a                               : PWM.oem4f (.text:PWM_start)
                  0000c636    0000000a                               : SPIMSP432DMA.oem4f (.text:SPIMSP432DMA_init)
                  0000c640    0000000a                               : SPI.oem4f (.text:SPI_transfer)
                  0000c64a    0000000a     tirtosport.aem4f : SemaphoreP_tirtos.oem4f (.text:SemaphoreP_post)
                  0000c654    0000000a     msprf24.obj (.text:msprf24_queue_state)
                  0000c65e    0000000a     drone_pepesteam_pem4f.oem4f (.text:xdc_runtime_IHeap_alloc)
                  0000c668    0000000a     drone_pepesteam_pem4f.oem4f (.text:xdc_runtime_IHeap_free)
                  0000c672    00000008     drivers_MSP432P401R.aem4f : ADCMSP432.oem4f (.text:ADCMSP432_init)
                  0000c67a    00000008     msp432p4xx_driverlib.lib : i2c.o (.text:I2C_enableInterrupt)
                  0000c682    00000008     MSP_EXP432P401R.obj (.text:MSP_EXP432P401R_initADC)
                  0000c68a    00000008     MSP_EXP432P401R.obj (.text:MSP_EXP432P401R_initGPIO)
                  0000c692    00000008     MSP_EXP432P401R.obj (.text:MSP_EXP432P401R_initGeneral)
                  0000c69a    00000008     msp432p4xx_driverlib.lib : pcm.o (.text:PCM_setPowerMode)
                  0000c6a2    00000008                              : pcm.o (.text:PCM_setPowerState)
                  0000c6aa    00000008     drivers_MSP432P401R.aem4f : PWMTimerMSP432.oem4f (.text:PWMTimerMSP432_init)
                  0000c6b2    00000008     tirtosport.aem4f : SemaphoreP_tirtos.oem4f (.text:SemaphoreP_Params_init)
                  0000c6ba    00000008     msp432p4xx_driverlib.lib : timer_a.o (.text:Timer_A_startCounter)
                  0000c6c2    00000002     --HOLE-- [fill = 0]
                  0000c6c4    00000008     rtsv7M4_T_le_v4SPD16_eabi.lib : errno.c.obj (.text:__aeabi_errno_addr)
                  0000c6cc    00000008     drivers_MSP432P401R.aem4f : I2CMSP432.oem4f (.text:blockingTransferCallback)
                  0000c6d4    00000008                               : SPIMSP432DMA.oem4f (.text:blockingTransferCallback)
                  0000c6dc    00000008     quaternionFilters.obj (.text:getQ)
                  0000c6e4    00000004     --HOLE-- [fill = 0]
                  0000c6e8    00000008     sysbios.aem4f : BIOS.obj (.text:ti_sysbios_family_arm_m3_Hwi_doSwiRestore__I)
                  0000c6f0    00000008                   : BIOS.obj (.text:ti_sysbios_family_arm_m3_Hwi_startup__E)
                  0000c6f8    00000006     msp432p4xx_driverlib.lib : i2c.o (.text:I2C_getEnabledInterruptStatus)
                  0000c6fe    00000006                              : i2c.o (.text:I2C_getInterruptStatus)
                  0000c704    00000006                              : i2c.o (.text:I2C_masterReceiveMultiByteNext)
                  0000c70a    00000006     drivers_MSP432P401R.aem4f : PWMTimerMSP432.oem4f (.text:PWMTimerMSP432_control)
                  0000c710    00000006                               : SPIMSP432DMA.oem4f (.text:SPIMSP432DMA_control)
                  0000c716    00000002     --HOLE-- [fill = 0]
                  0000c718    00000006     sysbios.aem4f : BIOS.obj (.text:ti_sysbios_family_arm_m3_Hwi_doTaskRestore__I)
                  0000c71e    00000002     --HOLE-- [fill = 0]
                  0000c720    00000006                   : BIOS.obj (.text:ti_sysbios_family_arm_m3_Hwi_restoreFxn__E)
                  0000c726    00000002     --HOLE-- [fill = 0]
                  0000c728    00000006                   : BIOS.obj (.text:ti_sysbios_gates_GateHwi_leave__E)
                  0000c72e    00000002     --HOLE-- [fill = 0]
                  0000c730    00000006                   : BIOS.obj (.text:ti_sysbios_heaps_HeapMem_isBlocking__E)
                  0000c736    00000002     --HOLE-- [fill = 0]
                  0000c738    00000006                   : BIOS.obj (.text:ti_sysbios_knl_Queue_Instance_init__E)
                  0000c73e    00000002     --HOLE-- [fill = 0]
                  0000c740    00000006                   : BIOS.obj (.text:ti_sysbios_knl_Swi_startup__E)
                  0000c746    00000006     ti.targets.arm.rtsarm.aem4f : System.oem4f (.text:xdc_runtime_System_Module_startup__E)
                  0000c74c    00000004     --HOLE-- [fill = 0]
                  0000c750    00000004     sysbios.aem4f : BIOS.obj (.text:ti_sysbios_gates_GateHwi_query__E)
                  0000c754    00000004     --HOLE-- [fill = 0]
                  0000c758    00000004                   : BIOS.obj (.text:ti_sysbios_gates_GateMutex_query__E)
                  0000c75c    00000004     --HOLE-- [fill = 0]
                  0000c760    00000004                   : BIOS.obj (.text:ti_sysbios_knl_Task_startup__E)
                  0000c764    00000004     --HOLE-- [fill = 0]
                  0000c768    00000002                   : BIOS.obj (.text:ti_sysbios_BIOS_linkedWithIncorrectBootLibrary__E)
                  0000c76a    00000006     --HOLE-- [fill = 0]
                  0000c770    00000002                   : BIOS.obj (.text:ti_sysbios_family_arm_m3_TimestampProvider_rolloverFunc__E)
                  0000c772    00000006     --HOLE-- [fill = 0]
                  0000c778    00000002                   : BIOS.obj (.text:ti_sysbios_gates_GateHwi_Instance_init__E)
                  0000c77a    00000006     --HOLE-- [fill = 0]
                  0000c780    00000002                   : BIOS.obj (.text:ti_sysbios_knl_Clock_logTick__E)

.const     0    0000c788    0000298c     
                  0000c788    00001f81     drone_pepesteam_pem4f.oem4f (.const:xdc_runtime_Text_charTab__A)
                  0000e709    00000001     drone_pepesteam_pem4f.oem4f (.const:xdc_runtime_Error_policy__C)
                  0000e70a    000000fc     drone_pepesteam_pem4f.oem4f (.const:xdc_runtime_Text_nodeTab__A)
                  0000e806    00000002     drone_pepesteam_pem4f.oem4f (.const:ti_sysbios_family_arm_m3_Hwi_Module__id__C)
                  0000e808    00000098     rtsv7M4_T_le_v4SPD16_eabi.lib : s_atan.c.obj (.const:$O1$$)
                  0000e8a0    00000080     msp432p4xx_driverlib.lib : adc14.o (.const:_ctlRegs)
                  0000e920    00000060     drone_pepesteam_pem4f.oem4f (.const:ti_uia_loggers_LoggerStopMode_Module__FXNS__C)
                  0000e980    00000048     drone_pepesteam_pem4f.oem4f (.const:.string)
                  0000e9c8    0000003c     MSP_EXP432P401R.obj (.const:PWM_config)
                  0000ea04    00000030     MSP_EXP432P401R.obj (.const:adcMSP432HWAttrs)
                  0000ea34    00000030     MSP_EXP432P401R.obj (.const:pwmTimerMSP432HWAttrs)
                  0000ea64    00000030     MSP_EXP432P401R.obj (.const:spiMSP432DMAHWAttrs)
                  0000ea94    00000030     drone_pepesteam_pem4f.oem4f (.const:ti_sysbios_family_arm_m3_Hwi_Object__PARAMS__C)
                  0000eac4    0000002c     drone_pepesteam_pem4f.oem4f (.const:xdc_runtime_Startup_sfxnTab__A)
                  0000eaf0    00000028     drivers_MSP432P401R.aem4f : PWMTimerMSP432.oem4f (.const)
                  0000eb18    00000028                               : SPIMSP432DMA.oem4f (.const)
                  0000eb40    00000028     drone_pepesteam_pem4f.oem4f (.const:ti_sysbios_heaps_HeapMem_Module__FXNS__C)
                  0000eb68    00000028     drone_pepesteam_pem4f.oem4f (.const:ti_uia_loggers_LoggerStopMode_Object__PARAMS__C)
                  0000eb90    00000024     MSP_EXP432P401R.obj (.const:ADC_config)
                  0000ebb4    00000024     MSP_EXP432P401R.obj (.const:SPI_config)
                  0000ebd8    00000024     drone_pepesteam_pem4f.oem4f (.const:ti_sysbios_gates_GateHwi_Module__FXNS__C)
                  0000ebfc    00000024     drone_pepesteam_pem4f.oem4f (.const:ti_sysbios_gates_GateMutex_Module__FXNS__C)
                  0000ec20    00000024     drone_pepesteam_pem4f.oem4f (.const:ti_sysbios_heaps_HeapMem_Object__PARAMS__C)
                  0000ec44    00000024     drone_pepesteam_pem4f.oem4f (.const:ti_sysbios_knl_Clock_Object__PARAMS__C)
                  0000ec68    00000024     drone_pepesteam_pem4f.oem4f (.const:ti_sysbios_knl_Semaphore_Object__PARAMS__C)
                  0000ec8c    00000020     drivers_MSP432P401R.aem4f : I2CMSP432.oem4f (.const)
                  0000ecac    00000020                               : SPI.oem4f (.const)
                  0000eccc    00000020     drone_pepesteam_pem4f.oem4f (.const:ti_sysbios_family_arm_m3_Hwi_Object__DESC__C)
                  0000ecec    00000020     drone_pepesteam_pem4f.oem4f (.const:ti_sysbios_gates_GateHwi_Object__DESC__C)
                  0000ed0c    00000020     drone_pepesteam_pem4f.oem4f (.const:ti_sysbios_gates_GateMutex_Object__DESC__C)
                  0000ed2c    00000020     drone_pepesteam_pem4f.oem4f (.const:ti_sysbios_heaps_HeapMem_Object__DESC__C)
                  0000ed4c    00000020     drone_pepesteam_pem4f.oem4f (.const:ti_sysbios_knl_Clock_Object__DESC__C)
                  0000ed6c    00000020     drone_pepesteam_pem4f.oem4f (.const:ti_sysbios_knl_Queue_Object__DESC__C)
                  0000ed8c    00000020     drone_pepesteam_pem4f.oem4f (.const:ti_sysbios_knl_Semaphore_Object__DESC__C)
                  0000edac    00000020     drone_pepesteam_pem4f.oem4f (.const:ti_uia_loggers_LoggerStopMode_Object__DESC__C)
                  0000edcc    00000018     MSP_EXP432P401R.obj (.const:I2C_config)
                  0000ede4    00000018     drivers_MSP432P401R.aem4f : ADCMSP432.oem4f (.const)
                  0000edfc    00000018                               : PWM.oem4f (.const)
                  0000ee14    00000018     drone_pepesteam_pem4f.oem4f (.const:ti_sysbios_gates_GateHwi_Object__PARAMS__C)
                  0000ee2c    00000018     drone_pepesteam_pem4f.oem4f (.const:ti_sysbios_gates_GateMutex_Object__PARAMS__C)
                  0000ee44    00000018     drone_pepesteam_pem4f.oem4f (.const:ti_sysbios_knl_Queue_Object__PARAMS__C)
                  0000ee5c    00000016     drone_pepesteam_pem4f.oem4f (.const:xdc_runtime_Startup_sfxnRts__A)
                  0000ee72    00000002     drone_pepesteam_pem4f.oem4f (.const:ti_sysbios_family_arm_m3_Timer_Module__id__C)
                  0000ee74    00000014     MSP_EXP432P401R.obj (.const:GPIOMSP432_config)
                  0000ee88    00000010     MSP_EXP432P401R.obj (.const:PowerMSP432_config)
                  0000ee98    00000010     drivers_MSP432P401R.aem4f : I2C.oem4f (.const)
                  0000eea8    00000010     drone_pepesteam_pem4f.oem4f (.const)
                  0000eeb8    00000010     MSP_EXP432P401R.obj (.const:i2cMSP432HWAttrs)
                  0000eec8    0000000c     drivers_MSP432P401R.aem4f : GPIOMSP432.oem4f (.const:.string)
                  0000eed4    0000000c     drone_pepesteam_pem4f.oem4f (.const:ti_sysbios_knl_Idle_funcList__A)
                  0000eee0    0000000c     MSP_EXP432P401R.obj (.const:udmaMSP432HWAttrs)
                  0000eeec    0000000c     drone_pepesteam_pem4f.oem4f (.const:xdc_runtime_Startup_firstFxns__A)
                  0000eef8    00000008     MSP_EXP432P401R.obj (.const:.string:$P$T0$1)
                  0000ef00    00000008     MSP_EXP432P401R.obj (.const:UDMAMSP432_config)
                  0000ef08    00000008     drone_pepesteam_pem4f.oem4f (.const:ti_sysbios_family_arm_m3_Hwi_excHookFuncs__A)
                  0000ef10    00000008     drone_pepesteam_pem4f.oem4f (.const:ti_sysbios_knl_Idle_funcList__C)
                  0000ef18    00000008     drone_pepesteam_pem4f.oem4f (.const:xdc_runtime_Startup_firstFxns__C)
                  0000ef20    00000008     drone_pepesteam_pem4f.oem4f (.const:xdc_runtime_Startup_lastFxns__C)
                  0000ef28    00000004     drone_pepesteam_pem4f.oem4f (.const:ti_sysbios_family_arm_m3_Hwi_E_NMI__C)
                  0000ef2c    00000004     drone_pepesteam_pem4f.oem4f (.const:ti_sysbios_family_arm_m3_Hwi_E_alreadyDefined__C)
                  0000ef30    00000004     drone_pepesteam_pem4f.oem4f (.const:ti_sysbios_family_arm_m3_Hwi_E_busFault__C)
                  0000ef34    00000004     drone_pepesteam_pem4f.oem4f (.const:ti_sysbios_family_arm_m3_Hwi_E_debugMon__C)
                  0000ef38    00000004     drone_pepesteam_pem4f.oem4f (.const:ti_sysbios_family_arm_m3_Hwi_E_hardFault__C)
                  0000ef3c    00000004     drone_pepesteam_pem4f.oem4f (.const:ti_sysbios_family_arm_m3_Hwi_E_memFault__C)
                  0000ef40    00000004     drone_pepesteam_pem4f.oem4f (.const:ti_sysbios_family_arm_m3_Hwi_E_noIsr__C)
                  0000ef44    00000004     drone_pepesteam_pem4f.oem4f (.const:ti_sysbios_family_arm_m3_Hwi_E_reserved__C)
                  0000ef48    00000004     drone_pepesteam_pem4f.oem4f (.const:ti_sysbios_family_arm_m3_Hwi_E_svCall__C)
                  0000ef4c    00000004     drone_pepesteam_pem4f.oem4f (.const:ti_sysbios_family_arm_m3_Hwi_E_usageFault__C)
                  0000ef50    00000004     drone_pepesteam_pem4f.oem4f (.const:ti_sysbios_family_arm_m3_Hwi_NUM_INTERRUPTS__C)
                  0000ef54    00000004     drone_pepesteam_pem4f.oem4f (.const:ti_sysbios_family_arm_m3_Hwi_Object__count__C)
                  0000ef58    00000004     drone_pepesteam_pem4f.oem4f (.const:ti_sysbios_family_arm_m3_Hwi_ccr__C)
                  0000ef5c    00000004     drone_pepesteam_pem4f.oem4f (.const:ti_sysbios_family_arm_m3_Hwi_excHandlerFunc__C)
                  0000ef60    00000004     drone_pepesteam_pem4f.oem4f (.const:ti_sysbios_family_arm_m3_Hwi_excHookFuncs__C)
                  0000ef64    00000004     drone_pepesteam_pem4f.oem4f (.const:ti_sysbios_family_arm_m3_Hwi_nullIsrFunc__C)
                  0000ef68    00000004     drone_pepesteam_pem4f.oem4f (.const:ti_sysbios_family_arm_m3_Hwi_priGroup__C)
                  0000ef6c    00000004     drone_pepesteam_pem4f.oem4f (.const:ti_sysbios_family_arm_m3_Timer_E_cannotSupport__C)
                  0000ef70    00000004     drone_pepesteam_pem4f.oem4f (.const:ti_sysbios_family_arm_m3_Timer_startupNeeded__C)
                  0000ef74    00000004     drone_pepesteam_pem4f.oem4f (.const:ti_sysbios_family_arm_msp432_Timer_numTimerDevices__C)
                  0000ef78    00000004     drone_pepesteam_pem4f.oem4f (.const:ti_sysbios_family_arm_msp432_Timer_startupNeeded__C)
                  0000ef7c    00000004     drone_pepesteam_pem4f.oem4f (.const:ti_sysbios_gates_GateMutex_A_badContext__C)
                  0000ef80    00000004     drone_pepesteam_pem4f.oem4f (.const:ti_sysbios_gates_GateMutex_Instance_State_sem__O)
                  0000ef84    00000004     drone_pepesteam_pem4f.oem4f (.const:ti_sysbios_gates_GateMutex_Module__diagsEnabled__C)
                  0000ef88    00000004     drone_pepesteam_pem4f.oem4f (.const:ti_sysbios_gates_GateMutex_Module__diagsIncluded__C)
                  0000ef8c    00000004     drone_pepesteam_pem4f.oem4f (.const:ti_sysbios_gates_GateMutex_Module__diagsMask__C)
                  0000ef90    00000004     drone_pepesteam_pem4f.oem4f (.const:ti_sysbios_hal_Hwi_E_stackOverflow__C)
                  0000ef94    00000004     drone_pepesteam_pem4f.oem4f (.const:ti_sysbios_heaps_HeapMem_A_align__C)
                  0000ef98    00000004     drone_pepesteam_pem4f.oem4f (.const:ti_sysbios_heaps_HeapMem_A_heapSize__C)
                  0000ef9c    00000004     drone_pepesteam_pem4f.oem4f (.const:ti_sysbios_heaps_HeapMem_A_invalidFree__C)
                  0000efa0    00000004     drone_pepesteam_pem4f.oem4f (.const:ti_sysbios_heaps_HeapMem_A_zeroBlock__C)
[...]
0000ef9c  ti_sysbios_heaps_HeapMem_A_invalidFree__C                    
0000efa0  ti_sysbios_heaps_HeapMem_A_zeroBlock__C                      
0000efa4  ti_sysbios_heaps_HeapMem_E_memory__C                         
0000efa8  ti_sysbios_heaps_HeapMem_Module__diagsEnabled__C             
0000efac  ti_sysbios_heaps_HeapMem_Module__diagsIncluded__C            
0000efb0  ti_sysbios_heaps_HeapMem_Module__diagsMask__C                
0000efb4  ti_sysbios_heaps_HeapMem_Module__gateObj__C                  
0000efb8  ti_sysbios_heaps_HeapMem_Object__count__C                    
0000efbc  ti_sysbios_heaps_HeapMem_reqAlign__C                         
0000efc0  ti_sysbios_knl_Clock_A_badThreadType__C                      
0000efc4  ti_sysbios_knl_Clock_Module_State_clockQ__O                  
0000efc8  ti_sysbios_knl_Clock_Module__diagsEnabled__C                 
0000efcc  ti_sysbios_knl_Clock_Module__diagsIncluded__C                
0000efd0  ti_sysbios_knl_Clock_Module__diagsMask__C                    
0000efd4  ti_sysbios_knl_Clock_tickPeriod__C                           
0000efd8  ti_sysbios_knl_Semaphore_A_badContext__C                     
0000efdc  ti_sysbios_knl_Semaphore_A_noEvents__C                       
0000efe0  ti_sysbios_knl_Semaphore_A_overflow__C                       
0000efe4  ti_sysbios_knl_Semaphore_A_pendTaskDisabled__C               
0000efe8  ti_sysbios_knl_Semaphore_Instance_State_pendQ__O             
0000efec  ti_sysbios_knl_Semaphore_Module__diagsEnabled__C             
0000eff0  ti_sysbios_knl_Semaphore_Module__diagsIncluded__C            
0000eff4  ti_sysbios_knl_Semaphore_Module__diagsMask__C                
0000eff8  ti_sysbios_knl_Swi_Object__count__C                          
0000effc  ti_sysbios_knl_Task_A_badTimeout__C                          
0000f000  ti_sysbios_knl_Task_A_sleepTaskDisabled__C                   
0000f004  ti_sysbios_knl_Task_E_spOutOfBounds__C                       
0000f008  ti_sysbios_knl_Task_E_stackOverflow__C                       
0000f00c  ti_sysbios_knl_Task_Module_State_inactiveQ__O                
0000f010  ti_sysbios_knl_Task_Module__diagsEnabled__C                  
0000f014  ti_sysbios_knl_Task_Module__diagsIncluded__C                 
0000f018  ti_sysbios_knl_Task_Module__diagsMask__C                     
0000f01c  ti_sysbios_knl_Task_Object__count__C                         
0000f020  ti_sysbios_knl_Task_allBlockedFunc__C                        
0000f024  ti_sysbios_knl_Task_numConstructedTasks__C                   
0000f028  ti_sysbios_utils_Load_Module__diagsEnabled__C                
0000f02c  ti_sysbios_utils_Load_Module__diagsIncluded__C               
0000f030  ti_sysbios_utils_Load_Module__diagsMask__C                   
0000f034  ti_sysbios_utils_Load_postUpdate__C                          
0000f038  ti_sysbios_utils_Load_windowInMs__C                          
0000f03c  ti_uia_loggers_LoggerStopMode_Module__diagsEnabled__C        
0000f040  ti_uia_loggers_LoggerStopMode_Module__diagsIncluded__C       
0000f044  ti_uia_loggers_LoggerStopMode_Module__diagsMask__C           
0000f048  ti_uia_loggers_LoggerStopMode_Object__count__C               
0000f04c  ti_uia_runtime_ILoggerSnapshot_Interface__BASE__C            
0000f050  ti_uia_runtime_IUIATransfer_Interface__BASE__C               
0000f054  xdc_runtime_Assert_E_assertFailed__C                         
0000f058  xdc_runtime_Core_A_initializedParams__C                      
0000f05c  xdc_runtime_Core_Module__diagsEnabled__C                     
0000f060  xdc_runtime_Core_Module__diagsIncluded__C                    
0000f064  xdc_runtime_Core_Module__diagsMask__C                        
0000f068  xdc_runtime_Error_E_memory__C                                
0000f06c  xdc_runtime_Error_Module__diagsEnabled__C                    
0000f070  xdc_runtime_Error_Module__diagsIncluded__C                   
0000f074  xdc_runtime_Error_Module__diagsMask__C                       
0000f078  xdc_runtime_Error_Module__loggerFxn8__C                      
0000f07c  xdc_runtime_Error_Module__loggerObj__C                       
0000f080  xdc_runtime_Error_policyFxn__C                               
0000f084  xdc_runtime_Error_raiseHook__C                               
0000f088  xdc_runtime_IFilterLogger_Interface__BASE__C                 
0000f08c  xdc_runtime_IGateProvider_Interface__BASE__C                 
0000f090  xdc_runtime_IHeap_Interface__BASE__C                         
0000f094  xdc_runtime_ILogger_Interface__BASE__C                       
0000f098  xdc_runtime_IModule_Interface__BASE__C                       
0000f09c  xdc_runtime_Log_L_error__C                                   
0000f0a0  xdc_runtime_Memory_defaultHeapInstance__C                    
0000f0a4  xdc_runtime_Startup_execImpl__C                              
0000f0a8  xdc_runtime_Startup_lastFxns__A                              
0000f0ac  xdc_runtime_Startup_maxPasses__C                             
0000f0b0  xdc_runtime_Startup_sfxnRts__C                               
0000f0b4  xdc_runtime_Startup_sfxnTab__C                               
0000f0b8  xdc_runtime_SysMin_bufSize__C                                
0000f0bc  xdc_runtime_SysMin_outputFunc__C                             
0000f0c0  xdc_runtime_System_Module__gateObj__C                        
0000f0c4  xdc_runtime_System_abortFxn__C                               
0000f0c8  xdc_runtime_System_exitFxn__C                                
0000f0cc  xdc_runtime_System_extendFxn__C                              
0000f0d0  xdc_runtime_System_maxAtexitHandlers__C                      
0000f0d4  xdc_runtime_Text_charTab__C                                  
0000f0d8  xdc_runtime_Text_nameEmpty__C                                
0000f0dc  xdc_runtime_Text_nameStatic__C                               
0000f0e0  xdc_runtime_Text_nameUnknown__C                              
0000f0e4  xdc_runtime_Text_nodeTab__C                                  
0000f0e8  xdc_runtime_Text_visitRopeFxn__C                             
0000f0ec  ti_sysbios_family_arm_m3_TimestampProvider_configTimer__C    
0000f0ee  ti_sysbios_gates_GateMutex_Module__id__C                     
0000f0f0  ti_sysbios_hal_Hwi_Module__id__C                             
0000f0f2  ti_sysbios_heaps_HeapMem_Module__id__C                       
0000f0f4  ti_sysbios_knl_Clock_Module__id__C                           
0000f0f6  ti_sysbios_knl_Semaphore_Module__id__C                       
0000f0f8  ti_sysbios_knl_Task_Module__id__C                            
0000f0fa  ti_sysbios_utils_Load_Module__id__C                          
0000f0fc  ti_sysbios_utils_Load_updateInIdle__C                        
0000f0fe  ti_uia_loggers_LoggerStopMode_Module__id__C                  
0000f100  ti_uia_loggers_LoggerStopMode_isTimestampEnabled__C          
0000f102  xdc_runtime_Core_Module__id__C                               
0000f104  xdc_runtime_Error_Module__loggerDefined__C                   
0000f106  xdc_runtime_Error_maxDepth__C                                
0000f108  xdc_runtime_Memory_Module__id__C                             
0000f10a  xdc_runtime_SysMin_flushAtExit__C                            
0000f10c  xdc_runtime_Text_charCnt__C                                  
0000f10e  xdc_runtime_Text_isLoaded__C                                 
0000f110  xdc_runtime_Text_registryModsLastId__C                       
0000f112  xdc_runtime_Text_unnamedModsLastId__C                        
0000f118  __TI_static_base__                                           
0000f440  __TI_Handler_Table_Base                                      
0000f44c  __TI_Handler_Table_Limit                                     
0000f460  __TI_CINIT_Base                                              
0000f478  __TI_CINIT_Limit                                             
20000000  ti_sysbios_family_arm_m3_Hwi_ramVectors                      
20000200  ti_sysbios_knl_Task_Instance_State_0_stack__A                
20000600  ti_sysbios_knl_Task_Instance_State_1_stack__A                
20000a00  ti_sysbios_knl_Task_Instance_State_2_stack__A                
20000c00  ti_sysbios_heaps_HeapMem_Instance_State_0_buf__A             
20001000  ti_uia_loggers_LoggerStopMode_Instance_State_1_packetArray__A
20001400  ti_uia_loggers_LoggerStopMode_Instance_State_2_packetArray__A
20001800  ti_uia_loggers_LoggerStopMode_Instance_State_0_packetArray__A
20001a00  ti_sysbios_family_arm_m3_Hwi_dispatchTable                   
20001b40  __CIOBUF_                                                    
20001c60  xdc_runtime_SysMin_Module_State_0_outbuf__A                  
20001ce0  buf                                                          
20001d80  spiMSP432DMAObjects                                          
20001df0  i2cMSP432Objects                                             
20001e68  pwmTimerMSP432Objects                                        
20001e98  clk0Struct                                                   
20001ebc  bufrf                                                        
20001edc  params                                                       
20001ef4  st1                                                          
20001f00  ti_uia_loggers_LoggerStopMode_Instance_State_0_hdr__A        
20001f30  st2                                                          
20001f3c  addr                                                         
20001f44  PID_X                                                        
20001f48  dt                                                           
20001f50  parmbuf                                                      
20001f58  udmaMSP432Object                                             
20001f60  PID_Y                                                        
20001f64  PID_Z                                                        
20001f68  adcMSP432Objects                                             
20001f6c  clk0Handle                                                   
20001f70  derivative_x                                                 
20001f74  derivative_y                                                 
20001f78  derivative_z                                                 
20001f7c  down                                                         
20001f80  ti_uia_loggers_LoggerStopMode_Instance_State_1_hdr__A        
20001fb0  error_z                                                      
20001fb4  integral_x                                                   
20001fb8  integral_y                                                   
20001fbc  integral_z                                                   
20001fc0  nrf24Spi                                                     
20001fc4  propeller1_p27                                               
20001fc8  propeller2_p24                                               
20001fcc  propeller3_p25                                               
20001fd0  propeller4_p26                                               
20001fd4  proporcional_x                                               
20001fd8  proporcional_y                                               
20001fdc  proporcional_z                                               
20001fe0  time_act                                                     
20001fe4  time_prev                                                    
20001fe8  up                                                           
20001fec  user                                                         
20001ff0  adcValue0                                                    
20001ff2  dato                                                         
20001ff3  reg_stat                                                     
20001ff4  rf_addr_width                                                
20001ff5  rf_channel                                                   
20001ff6  rf_crc                                                       
20001ff7  rf_feature                                                   
20001ff8  rf_irq                                                       
20001ff9  rf_speed_power                                               
20001ffa  rf_status                                                    
20001ffb  temps                                                        
20001ffc  whomagn                                                      
20001ffd  whompu                                                       
20002000  ti_uia_loggers_LoggerStopMode_Instance_State_2_hdr__A        
20002030  ti_sysbios_knl_Task_Object__table__V                         
20002114  PowerMSP432_perfLevels                                       
200021b0  ti_uia_loggers_LoggerStopMode_Object__table__V               
2000224c  ti_sysbios_utils_Load_Module__state__V                       
20002364  ti_sysbios_knl_Swi_Module_State_0_readyQ__A                  
200023e4  pwmPeriod                                                    
200023e8  THRO                                                         
200023ec  duty                                                         
200023f0  duty1                                                        
200023f4  duty2                                                        
200023f8  duty3                                                        
200023fc  duty4                                                        
20002400  last_error_y                                                 
20002404  last_error_x                                                 
20002408  last_error_z                                                 
2000240c  error_y                                                      
20002410  error_x                                                      
20002414  ref_roll                                                     
20002418  ref_pitch                                                    
2000241c  ref_yaw                                                      
20002420  KP_y                                                         
20002424  KI_y                                                         
20002428  KD_y                                                         
2000242c  KP_x                                                         
20002430  KI_x                                                         
20002434  KD_x                                                         
20002438  KP_z                                                         
2000243c  KI_z                                                         
20002440  KD_z                                                         
20002444  error_M1                                                     
20002448  error_M2                                                     
2000244c  error_M4                                                     
20002450  error_M3                                                     
20002454  lim_max                                                      
20002458  lim_min                                                      
2000245c  ti_sysbios_knl_Task_Module_State_0_readyQ__A                 
200024ac  ti_sysbios_family_arm_msp432_Timer_Object__table__V          
200024f8  ti_sysbios_knl_Task_Module__state__V                         
2000253c  ti_sysbios_gates_GateMutex_Object__table__V                  
20002574  ti_sysbios_family_arm_m3_Hwi_Module__state__V                
200025d8  ti_sysbios_family_arm_m3_Hwi_Object__table__V                
20002608  ti_sysbios_family_arm_m3_Timer_Object__table__V              
20002638  ti_sysbios_knl_Swi_Object__table__V                          
20002668  ti_sysbios_knl_Clock_Module__state__V                        
20002694  PowerMSP432_module                                           
200026bc  ti_sysbios_knl_Semaphore_Object__table__V                    
200026e4  ti_sysbios_BIOS_Module__state__V                             
20002708  ti_sysbios_family_arm_msp432_Timer_Module_State_0_device__A  
20002728  gpioCallbackFunctions                                        
20002744  gpioPinConfigs                                               
20002760  ti_sysbios_knl_Swi_Module__state__V                          
2000277c  ti_sysbios_heaps_HeapMem_Object__table__V                    
200027a4  ti_sysbios_family_arm_msp432_Timer_Module_State_0_handles__A 
200027c0  ti_sysbios_family_arm_m3_Timer_Module__state__V              
200027cc  ti_sysbios_family_arm_msp432_ClockFreqs_Module__state__V     
200027d8  ti_sysbios_family_arm_msp432_Timer_Module__state__V          
200027e4  ti_sysbios_knl_Task_Module__root__V                          
200027f0  ti_uia_runtime_QueueDescriptor_Module__state__V              
200027fc  xdc_runtime_SysMin_Module__state__V                          
20002808  _lock                                                        
2000280c  _unlock                                                      
20002820  ti_uia_runtime_QueueDescriptor_gPtrToFirstDescriptor         
20002824  ti_uia_runtime_QueueDescriptor_gUpdateCount                  
20002828  ti_sysbios_family_arm_m3_Hwi_Module__root__V                 
20002830  ti_sysbios_gates_GateHwi_Module__root__V                     
20002838  ti_sysbios_gates_GateMutex_Module__root__V                   
20002840  ti_sysbios_heaps_HeapMem_Module__root__V                     
20002848  ti_sysbios_knl_Clock_Module__root__V                         
20002850  ti_sysbios_knl_Queue_Module__root__V                         
20002858  ti_sysbios_knl_Semaphore_Module__root__V                     
20002860  ti_uia_loggers_LoggerStopMode_Module__root__V                
20002868  xdc_runtime_Registry_Module__state__V                        
20002870  xdc_runtime_Startup_Module__state__V                         
20002878  xdc_runtime_System_Module_State_0_atexitHandlers__A          
20002880  xdc_runtime_System_Module__state__V                          
20002898  errno                                                        
2000289c  main_func_sp                                                 
200028a0  ti_sysbios_family_arm_m3_Hwi_Module_State_0_excContext__A    
200028a4  ti_sysbios_family_arm_m3_Hwi_Module_State_0_excStack__A      
200028a8  ti_sysbios_family_arm_m3_TimestampProvider_Module__state__V  
200028ac  ti_sysbios_gates_GateHwi_Object__table__V                    
200028b0  ti_sysbios_knl_Task_Module_State_0_idleTask__A               
200028b4  ti_sysbios_utils_Load_Module_State_0_runningTask__A          
200028b8  ti_sysbios_utils_Load_Module_State_0_taskStartTime__A        
200028bc  xdc_runtime_Memory_Module__state__V                          
200028c0  ti_sysbios_family_arm_m3_Hwi_Module_State_0_excActive__A     
200028c2  xdc_runtime_Error_Module__state__V                           
2000fd00  __stack                                                      
20010000  __STACK_END                                                  
4000480c  WDTCTL_SYM                                                   
e000e000  ti_sysbios_family_arm_m3_Hwi_nvic                            
ffffffff  __TI_pprof_out_hndl                                          
ffffffff  __TI_prof_data_size                                          
ffffffff  __TI_prof_data_start                                         
ffffffff  __binit__                                                    
ffffffff  __c_args__                                                   
ffffffff  binit                                                        
UNDEFED   SHT$$INIT_ARRAY$$Base                                        
UNDEFED   SHT$$INIT_ARRAY$$Limit                                       

[998 symbols]
