<?xml version="1.0" encoding="ISO-8859-1" ?>
<link_info>
   <banner>TI ARM Linker PC v18.1.3.LTS</banner>
   <copyright>Copyright (c) 1996-2017 Texas Instruments Incorporated</copyright>
   <link_time>0x5c3c8f59</link_time>
   <link_errors>0x0</link_errors>
   <output_file>boostxl_edumkii_joystick_msp432p401r_MSP_EXP432P401R_nortos_ccs.out</output_file>
   <entry_point>
      <name>_c_int00_noargs</name>
      <address>0x2a75</address>
   </entry_point>
   <input_file_list>
      <input_file id="fl-2">
         <path>.\</path>
         <kind>object</kind>
         <file>main.obj</file>
         <name>main.obj</name>
      </input_file>
      <input_file id="fl-3">
         <path>.\</path>
         <kind>object</kind>
         <file>msp432_spi.obj</file>
         <name>msp432_spi.obj</name>
      </input_file>
      <input_file id="fl-4">
         <path>.\</path>
         <kind>object</kind>
         <file>msprf24.obj</file>
         <name>msprf24.obj</name>
      </input_file>
      <input_file id="fl-5">
         <path>.\</path>
         <kind>object</kind>
         <file>startup_msp432p401r_ccs.obj</file>
         <name>startup_msp432p401r_ccs.obj</name>
      </input_file>
      <input_file id="fl-6">
         <path>.\</path>
         <kind>object</kind>
         <file>system_msp432p401r.obj</file>
         <name>system_msp432p401r.obj</name>
      </input_file>
      <input_file id="fl-7">
         <path>.\LcdDriver\</path>
         <kind>object</kind>
         <file>Crystalfontz128x128_ST7735.obj</file>
         <name>Crystalfontz128x128_ST7735.obj</name>
      </input_file>
      <input_file id="fl-8">
         <path>.\LcdDriver\</path>
         <kind>object</kind>
         <file>HAL_MSP_EXP432P401R_Crystalfontz128x128_ST7735.obj</file>
         <name>HAL_MSP_EXP432P401R_Crystalfontz128x128_ST7735.obj</name>
      </input_file>
      <input_file id="fl-13">
         <kind>object</kind>
         <file>&lt;internal&gt;</file>
         <name>&lt;internal&gt;</name>
      </input_file>
      <input_file id="fl-14">
         <path>C:\ti\simplelink_msp432p4_sdk_2_30_00_14\source\ti\grlib\lib\ccs\m4f\</path>
         <kind>archive</kind>
         <file>grlib.a</file>
         <name>context.obj</name>
      </input_file>
      <input_file id="fl-15">
         <path>C:\ti\simplelink_msp432p4_sdk_2_30_00_14\source\ti\grlib\lib\ccs\m4f\</path>
         <kind>archive</kind>
         <file>grlib.a</file>
         <name>display.obj</name>
      </input_file>
      <input_file id="fl-16">
         <path>C:\ti\simplelink_msp432p4_sdk_2_30_00_14\source\ti\grlib\lib\ccs\m4f\</path>
         <kind>archive</kind>
         <file>grlib.a</file>
         <name>fontfixed6x8.obj</name>
      </input_file>
      <input_file id="fl-17">
         <path>C:\ti\simplelink_msp432p4_sdk_2_30_00_14\source\ti\grlib\lib\ccs\m4f\</path>
         <kind>archive</kind>
         <file>grlib.a</file>
         <name>string.obj</name>
      </input_file>
      <input_file id="fl-18">
         <path>C:\ti\simplelink_msp432p4_sdk_2_30_00_14\source\ti\grlib\lib\ccs\m4f\</path>
         <kind>archive</kind>
         <file>grlib.a</file>
         <name>line.obj</name>
      </input_file>
      <input_file id="fl-19">
         <path>C:\ti\simplelink_msp432p4_sdk_2_30_00_14\source\ti\devices\msp432p4xx\driverlib\ccs\</path>
         <kind>archive</kind>
         <file>msp432p4xx_driverlib.lib</file>
         <name>adc14.o</name>
      </input_file>
      <input_file id="fl-1a">
         <path>C:\ti\simplelink_msp432p4_sdk_2_30_00_14\source\ti\devices\msp432p4xx\driverlib\ccs\</path>
         <kind>archive</kind>
         <file>msp432p4xx_driverlib.lib</file>
         <name>gpio.o</name>
      </input_file>
      <input_file id="fl-1b">
         <path>C:\ti\simplelink_msp432p4_sdk_2_30_00_14\source\ti\devices\msp432p4xx\driverlib\ccs\</path>
         <kind>archive</kind>
         <file>msp432p4xx_driverlib.lib</file>
         <name>interrupt.o</name>
      </input_file>
      <input_file id="fl-1c">
         <path>C:\ti\simplelink_msp432p4_sdk_2_30_00_14\source\ti\devices\msp432p4xx\driverlib\ccs\</path>
         <kind>archive</kind>
         <file>msp432p4xx_driverlib.lib</file>
         <name>spi.o</name>
      </input_file>
      <input_file id="fl-1d">
         <path>C:\ti\simplelink_msp432p4_sdk_2_30_00_14\source\ti\devices\msp432p4xx\driverlib\ccs\</path>
         <kind>archive</kind>
         <file>msp432p4xx_driverlib.lib</file>
         <name>cpu.o</name>
      </input_file>
      <input_file id="fl-d3">
         <path>C:\ti\ccsv8\tools\compiler\ti-cgt-arm_18.1.3.LTS\lib\</path>
         <kind>archive</kind>
         <file>rtsv7M4_T_le_v4SPD16_eabi.lib</file>
         <name>memset_t2.asm.obj</name>
      </input_file>
      <input_file id="fl-d4">
         <path>C:\ti\ccsv8\tools\compiler\ti-cgt-arm_18.1.3.LTS\lib\</path>
         <kind>archive</kind>
         <file>rtsv7M4_T_le_v4SPD16_eabi.lib</file>
         <name>copy_zero_init.c.obj</name>
      </input_file>
      <input_file id="fl-d5">
         <path>C:\ti\ccsv8\tools\compiler\ti-cgt-arm_18.1.3.LTS\lib\</path>
         <kind>archive</kind>
         <file>rtsv7M4_T_le_v4SPD16_eabi.lib</file>
         <name>copy_decompress_none.c.obj</name>
      </input_file>
      <input_file id="fl-d6">
         <path>C:\ti\ccsv8\tools\compiler\ti-cgt-arm_18.1.3.LTS\lib\</path>
         <kind>archive</kind>
         <file>rtsv7M4_T_le_v4SPD16_eabi.lib</file>
         <name>copy_decompress_lzss.c.obj</name>
      </input_file>
      <input_file id="fl-d7">
         <path>C:\ti\ccsv8\tools\compiler\ti-cgt-arm_18.1.3.LTS\lib\</path>
         <kind>archive</kind>
         <file>rtsv7M4_T_le_v4SPD16_eabi.lib</file>
         <name>boot_cortex_m.c.obj</name>
      </input_file>
      <input_file id="fl-d8">
         <path>C:\ti\ccsv8\tools\compiler\ti-cgt-arm_18.1.3.LTS\lib\</path>
         <kind>archive</kind>
         <file>rtsv7M4_T_le_v4SPD16_eabi.lib</file>
         <name>memcpy_t2.asm.obj</name>
      </input_file>
      <input_file id="fl-d9">
         <path>C:\ti\ccsv8\tools\compiler\ti-cgt-arm_18.1.3.LTS\lib\</path>
         <kind>archive</kind>
         <file>rtsv7M4_T_le_v4SPD16_eabi.lib</file>
         <name>autoinit.c.obj</name>
      </input_file>
      <input_file id="fl-da">
         <path>C:\ti\ccsv8\tools\compiler\ti-cgt-arm_18.1.3.LTS\lib\</path>
         <kind>archive</kind>
         <file>rtsv7M4_T_le_v4SPD16_eabi.lib</file>
         <name>pre_init.c.obj</name>
      </input_file>
      <input_file id="fl-db">
         <path>C:\ti\ccsv8\tools\compiler\ti-cgt-arm_18.1.3.LTS\lib\</path>
         <kind>archive</kind>
         <file>rtsv7M4_T_le_v4SPD16_eabi.lib</file>
         <name>cpy_tbl.c.obj</name>
      </input_file>
      <input_file id="fl-dc">
         <path>C:\ti\ccsv8\tools\compiler\ti-cgt-arm_18.1.3.LTS\lib\</path>
         <kind>archive</kind>
         <file>rtsv7M4_T_le_v4SPD16_eabi.lib</file>
         <name>exit.c.obj</name>
      </input_file>
      <input_file id="fl-dd">
         <path>C:\ti\ccsv8\tools\compiler\ti-cgt-arm_18.1.3.LTS\lib\</path>
         <kind>archive</kind>
         <file>rtsv7M4_T_le_v4SPD16_eabi.lib</file>
         <name>_lock.c.obj</name>
      </input_file>
      <input_file id="fl-de">
         <path>C:\ti\ccsv8\tools\compiler\ti-cgt-arm_18.1.3.LTS\lib\</path>
         <kind>archive</kind>
         <file>rtsv7M4_T_le_v4SPD16_eabi.lib</file>
         <name>args_main.c.obj</name>
      </input_file>
   </input_file_list>
   <object_component_list>
      <object_component id="oc-23">
         <name>.intvecs:retain</name>
         <load_address>0x0</load_address>
         <run_address>0x0</run_address>
         <size>0xe4</size>
         <input_file_ref idref="fl-5"/>
      </object_component>
      <object_component id="oc-a2">
         <name>.text:main</name>
         <load_address>0xe4</load_address>
         <run_address>0xe4</run_address>
         <size>0x5d4</size>
         <input_file_ref idref="fl-2"/>
      </object_component>
      <object_component id="oc-1f7">
         <name>.text:Graphics_drawString</name>
         <load_address>0x6b8</load_address>
         <run_address>0x6b8</run_address>
         <size>0x47e</size>
         <input_file_ref idref="fl-17"/>
      </object_component>
      <object_component id="oc-6a">
         <name>.text:Default_Handler</name>
         <load_address>0xb36</load_address>
         <run_address>0xb36</run_address>
         <size>0x2</size>
         <input_file_ref idref="fl-5"/>
      </object_component>
      <object_component id="oc-da">
         <name>.text:drawAccelData</name>
         <load_address>0xb38</load_address>
         <run_address>0xb38</run_address>
         <size>0x338</size>
         <input_file_ref idref="fl-2"/>
      </object_component>
      <object_component id="oc-d4">
         <name>.text:drawJoyData</name>
         <load_address>0xe70</load_address>
         <run_address>0xe70</run_address>
         <size>0x2a0</size>
         <input_file_ref idref="fl-2"/>
      </object_component>
      <object_component id="oc-2f1">
         <name>.text:Crystalfontz128x128_PixelDrawMultiple</name>
         <load_address>0x1110</load_address>
         <run_address>0x1110</run_address>
         <size>0x1d8</size>
         <input_file_ref idref="fl-7"/>
      </object_component>
      <object_component id="oc-1da">
         <name>.text:_getIndexForMemRegister</name>
         <load_address>0x12e8</load_address>
         <run_address>0x12e8</run_address>
         <size>0x160</size>
         <input_file_ref idref="fl-19"/>
      </object_component>
      <object_component id="oc-70">
         <name>.text:ADC14_IRQHandler</name>
         <load_address>0x1448</load_address>
         <run_address>0x1448</run_address>
         <size>0x13c</size>
         <input_file_ref idref="fl-2"/>
      </object_component>
      <object_component id="oc-253">
         <name>.text:Crystalfontz128x128_SetDrawFrame</name>
         <load_address>0x1584</load_address>
         <run_address>0x1584</run_address>
         <size>0x134</size>
         <input_file_ref idref="fl-7"/>
      </object_component>
      <object_component id="oc-12f">
         <name>.text:msprf24_init</name>
         <load_address>0x16b8</load_address>
         <run_address>0x16b8</run_address>
         <size>0x130</size>
         <input_file_ref idref="fl-4"/>
      </object_component>
      <object_component id="oc-10b">
         <name>.text:Crystalfontz128x128_Init</name>
         <load_address>0x17e8</load_address>
         <run_address>0x17e8</run_address>
         <size>0x12c</size>
         <input_file_ref idref="fl-7"/>
      </object_component>
      <object_component id="oc-1f1">
         <name>.text:Graphics_getStringWidth</name>
         <load_address>0x1914</load_address>
         <run_address>0x1914</run_address>
         <size>0xfa</size>
         <input_file_ref idref="fl-17"/>
      </object_component>
      <object_component id="oc-ce">
         <name>.text:MenuIni</name>
         <load_address>0x1a10</load_address>
         <run_address>0x1a10</run_address>
         <size>0xec</size>
         <input_file_ref idref="fl-2"/>
      </object_component>
      <object_component id="oc-171">
         <name>.text:r_rx_payload</name>
         <load_address>0x1afc</load_address>
         <run_address>0x1afc</run_address>
         <size>0xc8</size>
         <input_file_ref idref="fl-4"/>
      </object_component>
      <object_component id="oc-378">
         <name>.text:SPI_initMaster</name>
         <load_address>0x1bc4</load_address>
         <run_address>0x1bc4</run_address>
         <size>0xb0</size>
         <input_file_ref idref="fl-1c"/>
      </object_component>
      <object_component id="oc-200">
         <name>.text:w_tx_payload</name>
         <load_address>0x1c74</load_address>
         <run_address>0x1c74</run_address>
         <size>0xa8</size>
         <input_file_ref idref="fl-4"/>
      </object_component>
      <object_component id="oc-303">
         <name>.text:Crystalfontz128x128_RectFill</name>
         <load_address>0x1d1c</load_address>
         <run_address>0x1d1c</run_address>
         <size>0x9c</size>
         <input_file_ref idref="fl-7"/>
      </object_component>
      <object_component id="oc-354">
         <name>.text:Graphics_drawLineH</name>
         <load_address>0x1db8</load_address>
         <run_address>0x1db8</run_address>
         <size>0x9c</size>
         <input_file_ref idref="fl-18"/>
      </object_component>
      <object_component id="oc-34">
         <name>.text</name>
         <load_address>0x1e54</load_address>
         <run_address>0x1e54</run_address>
         <size>0x9c</size>
         <input_file_ref idref="fl-d8"/>
      </object_component>
      <object_component id="oc-28c">
         <name>.text:msprf24_set_retransmit_delay</name>
         <load_address>0x1ef0</load_address>
         <run_address>0x1ef0</run_address>
         <size>0x98</size>
         <input_file_ref idref="fl-4"/>
      </object_component>
      <object_component id="oc-26e">
         <name>.text:spi_init</name>
         <load_address>0x1f88</load_address>
         <run_address>0x1f88</run_address>
         <size>0x94</size>
         <input_file_ref idref="fl-3"/>
      </object_component>
      <object_component id="oc-135">
         <name>.text:msprf24_set_pipe_packetsize</name>
         <load_address>0x201c</load_address>
         <run_address>0x201c</run_address>
         <size>0x90</size>
         <input_file_ref idref="fl-4"/>
      </object_component>
      <object_component id="oc-36b">
         <name>.text:GPIO_setAsPeripheralModuleFunctionOutputPin</name>
         <load_address>0x20ac</load_address>
         <run_address>0x20ac</run_address>
         <size>0x88</size>
         <input_file_ref idref="fl-1a"/>
      </object_component>
      <object_component id="oc-177">
         <name>.text:msprf24_irq_clear</name>
         <load_address>0x2134</load_address>
         <run_address>0x2134</run_address>
         <size>0x84</size>
         <input_file_ref idref="fl-4"/>
      </object_component>
      <object_component id="oc-153">
         <name>.text:w_rx_addr</name>
         <load_address>0x21b8</load_address>
         <run_address>0x21b8</run_address>
         <size>0x84</size>
         <input_file_ref idref="fl-4"/>
      </object_component>
      <object_component id="oc-13b">
         <name>.text:msprf24_open_pipe</name>
         <load_address>0x223c</load_address>
         <run_address>0x223c</run_address>
         <size>0x7a</size>
         <input_file_ref idref="fl-4"/>
      </object_component>
      <object_component id="oc-96">
         <name>.text</name>
         <load_address>0x22b6</load_address>
         <run_address>0x22b6</run_address>
         <size>0x7a</size>
         <input_file_ref idref="fl-d3"/>
      </object_component>
      <object_component id="oc-b4">
         <name>.text:SystemInit</name>
         <load_address>0x2330</load_address>
         <run_address>0x2330</run_address>
         <size>0x78</size>
         <input_file_ref idref="fl-6"/>
      </object_component>
      <object_component id="oc-14">
         <name>.text:decompress:lzss:__TI_decompress_lzss</name>
         <load_address>0x23a8</load_address>
         <run_address>0x23a8</run_address>
         <size>0x68</size>
         <input_file_ref idref="fl-d6"/>
      </object_component>
      <object_component id="oc-2f7">
         <name>.text:Crystalfontz128x128_LineDrawH</name>
         <load_address>0x2410</load_address>
         <run_address>0x2410</run_address>
         <size>0x60</size>
         <input_file_ref idref="fl-7"/>
      </object_component>
      <object_component id="oc-2fd">
         <name>.text:Crystalfontz128x128_LineDrawV</name>
         <load_address>0x2470</load_address>
         <run_address>0x2470</run_address>
         <size>0x60</size>
         <input_file_ref idref="fl-7"/>
      </object_component>
      <object_component id="oc-147">
         <name>.text:msprf24_current_state</name>
         <load_address>0x24d0</load_address>
         <run_address>0x24d0</run_address>
         <size>0x60</size>
         <input_file_ref idref="fl-4"/>
      </object_component>
      <object_component id="oc-2e1">
         <name>.text:spi_transfer16</name>
         <load_address>0x2530</load_address>
         <run_address>0x2530</run_address>
         <size>0x58</size>
         <input_file_ref idref="fl-3"/>
      </object_component>
      <object_component id="oc-111">
         <name>.text:Crystalfontz128x128_SetOrientation</name>
         <load_address>0x2588</load_address>
         <run_address>0x2588</run_address>
         <size>0x54</size>
         <input_file_ref idref="fl-7"/>
      </object_component>
      <object_component id="oc-2be">
         <name>.text:r_reg</name>
         <load_address>0x25dc</load_address>
         <run_address>0x25dc</run_address>
         <size>0x54</size>
         <input_file_ref idref="fl-4"/>
      </object_component>
      <object_component id="oc-2c4">
         <name>.text:w_reg</name>
         <load_address>0x2630</load_address>
         <run_address>0x2630</run_address>
         <size>0x54</size>
         <input_file_ref idref="fl-4"/>
      </object_component>
      <object_component id="oc-14d">
         <name>.text:w_tx_addr</name>
         <load_address>0x2684</load_address>
         <run_address>0x2684</run_address>
         <size>0x54</size>
         <input_file_ref idref="fl-4"/>
      </object_component>
      <object_component id="oc-117">
         <name>.text:Graphics_initContext</name>
         <load_address>0x26d8</load_address>
         <run_address>0x26d8</run_address>
         <size>0x52</size>
         <input_file_ref idref="fl-14"/>
      </object_component>
      <object_component id="oc-c8">
         <name>.text:Graphics_drawStringCentered</name>
         <load_address>0x272a</load_address>
         <run_address>0x272a</run_address>
         <size>0x48</size>
         <input_file_ref idref="fl-17"/>
      </object_component>
      <object_component id="oc-274">
         <name>.text:__NVIC_SetPriority</name>
         <load_address>0x2774</load_address>
         <run_address>0x2774</run_address>
         <size>0x48</size>
         <input_file_ref idref="fl-4"/>
      </object_component>
      <object_component id="oc-1a7">
         <name>.text:__TI_auto_init_nobinit_nopinit:__TI_auto_init_nobinit_nopinit</name>
         <load_address>0x27bc</load_address>
         <run_address>0x27bc</run_address>
         <size>0x44</size>
         <input_file_ref idref="fl-d9"/>
      </object_component>
      <object_component id="oc-141">
         <name>.text:msprf24_standby</name>
         <load_address>0x2800</load_address>
         <run_address>0x2800</run_address>
         <size>0x44</size>
         <input_file_ref idref="fl-4"/>
      </object_component>
      <object_component id="oc-2eb">
         <name>.text:Crystalfontz128x128_PixelDraw</name>
         <load_address>0x2844</load_address>
         <run_address>0x2844</run_address>
         <size>0x40</size>
         <input_file_ref idref="fl-7"/>
      </object_component>
      <object_component id="oc-371">
         <name>.text:GPIO_setAsOutputPin</name>
         <load_address>0x2884</load_address>
         <run_address>0x2884</run_address>
         <size>0x40</size>
         <input_file_ref idref="fl-1a"/>
      </object_component>
      <object_component id="oc-34e">
         <name>.text:Graphics_getNumberOfLeadingZeros</name>
         <load_address>0x28c4</load_address>
         <run_address>0x28c4</run_address>
         <size>0x40</size>
         <input_file_ref idref="fl-17"/>
      </object_component>
      <object_component id="oc-235">
         <name>.text:HAL_LCD_SpiInit</name>
         <load_address>0x2904</load_address>
         <run_address>0x2904</run_address>
         <size>0x40</size>
         <input_file_ref idref="fl-8"/>
      </object_component>
      <object_component id="oc-404">
         <name>.text:is_A_Module</name>
         <load_address>0x2944</load_address>
         <run_address>0x2944</run_address>
         <size>0x40</size>
         <input_file_ref idref="fl-1c"/>
      </object_component>
      <object_component id="oc-2aa">
         <name>.text:msprf24_enable_feature</name>
         <load_address>0x2984</load_address>
         <run_address>0x2984</run_address>
         <size>0x40</size>
         <input_file_ref idref="fl-4"/>
      </object_component>
      <object_component id="oc-165">
         <name>.text:delayMs</name>
         <load_address>0x29c4</load_address>
         <run_address>0x29c4</run_address>
         <size>0x3c</size>
         <input_file_ref idref="fl-2"/>
      </object_component>
      <object_component id="oc-16b">
         <name>.text:msprf24_rx_pending</name>
         <load_address>0x2a00</load_address>
         <run_address>0x2a00</run_address>
         <size>0x3c</size>
         <input_file_ref idref="fl-4"/>
      </object_component>
      <object_component id="oc-247">
         <name>.text:HAL_LCD_writeCommand</name>
         <load_address>0x2a3c</load_address>
         <run_address>0x2a3c</run_address>
         <size>0x38</size>
         <input_file_ref idref="fl-8"/>
      </object_component>
      <object_component id="oc-52">
         <name>.text:_c_int00_noargs:_c_int00_noargs</name>
         <load_address>0x2a74</load_address>
         <run_address>0x2a74</run_address>
         <size>0x38</size>
         <input_file_ref idref="fl-d7"/>
      </object_component>
      <object_component id="oc-3f8">
         <name>.text:Graphics_drawHorizontalLineOnDisplay</name>
         <load_address>0x2aac</load_address>
         <run_address>0x2aac</run_address>
         <size>0x36</size>
         <input_file_ref idref="fl-15"/>
      </object_component>
      <object_component id="oc-298">
         <name>.text:msprf24_set_speed_power</name>
         <load_address>0x2ae4</load_address>
         <run_address>0x2ae4</run_address>
         <size>0x34</size>
         <input_file_ref idref="fl-4"/>
      </object_component>
      <object_component id="oc-22f">
         <name>.text:HAL_LCD_PortInit</name>
         <load_address>0x2b18</load_address>
         <run_address>0x2b18</run_address>
         <size>0x30</size>
         <input_file_ref idref="fl-8"/>
      </object_component>
      <object_component id="oc-27a">
         <name>.text:__NVIC_EnableIRQ</name>
         <load_address>0x2b48</load_address>
         <run_address>0x2b48</run_address>
         <size>0x30</size>
         <input_file_ref idref="fl-4"/>
      </object_component>
      <object_component id="oc-2cc">
         <name>.text:msprf24_set_config</name>
         <load_address>0x2b78</load_address>
         <run_address>0x2b78</run_address>
         <size>0x30</size>
         <input_file_ref idref="fl-4"/>
      </object_component>
      <object_component id="oc-280">
         <name>.text:spi_transfer</name>
         <load_address>0x2ba8</load_address>
         <run_address>0x2ba8</run_address>
         <size>0x30</size>
         <input_file_ref idref="fl-3"/>
      </object_component>
      <object_component id="oc-315">
         <name>.text:Crystalfontz128x128_ClearScreen</name>
         <load_address>0x2bd8</load_address>
         <run_address>0x2bd8</run_address>
         <size>0x2c</size>
         <input_file_ref idref="fl-7"/>
      </object_component>
      <object_component id="oc-35a">
         <name>.text:Graphics_drawPixelOnDisplay</name>
         <load_address>0x2c04</load_address>
         <run_address>0x2c04</run_address>
         <size>0x2c</size>
         <input_file_ref idref="fl-15"/>
      </object_component>
      <object_component id="oc-24d">
         <name>.text:HAL_LCD_writeData</name>
         <load_address>0x2c30</load_address>
         <run_address>0x2c30</run_address>
         <size>0x2c</size>
         <input_file_ref idref="fl-8"/>
      </object_component>
      <object_component id="oc-2b6">
         <name>.text:flush_rx</name>
         <load_address>0x2c5c</load_address>
         <run_address>0x2c5c</run_address>
         <size>0x2c</size>
         <input_file_ref idref="fl-4"/>
      </object_component>
      <object_component id="oc-15f">
         <name>.text:flush_tx</name>
         <load_address>0x2c88</load_address>
         <run_address>0x2c88</run_address>
         <size>0x2c</size>
         <input_file_ref idref="fl-4"/>
      </object_component>
      <object_component id="oc-2a4">
         <name>.text:msprf24_set_address_width</name>
         <load_address>0x2cb4</load_address>
         <run_address>0x2cb4</run_address>
         <size>0x2c</size>
         <input_file_ref idref="fl-4"/>
      </object_component>
      <object_component id="oc-292">
         <name>.text:msprf24_set_retransmit_count</name>
         <load_address>0x2ce0</load_address>
         <run_address>0x2ce0</run_address>
         <size>0x2a</size>
         <input_file_ref idref="fl-4"/>
      </object_component>
      <object_component id="oc-309">
         <name>.text:Crystalfontz128x128_ColorTranslate</name>
         <load_address>0x2d0a</load_address>
         <run_address>0x2d0a</run_address>
         <size>0x28</size>
         <input_file_ref idref="fl-7"/>
      </object_component>
      <object_component id="oc-241">
         <name>.text:GPIO_setOutputHighOnPin</name>
         <load_address>0x2d34</load_address>
         <run_address>0x2d34</run_address>
         <size>0x28</size>
         <input_file_ref idref="fl-1a"/>
      </object_component>
      <object_component id="oc-23b">
         <name>.text:GPIO_setOutputLowOnPin</name>
         <load_address>0x2d5c</load_address>
         <run_address>0x2d5c</run_address>
         <size>0x28</size>
         <input_file_ref idref="fl-1a"/>
      </object_component>
      <object_component id="oc-159">
         <name>.text:msprf24_activate_rx</name>
         <load_address>0x2d84</load_address>
         <run_address>0x2d84</run_address>
         <size>0x28</size>
         <input_file_ref idref="fl-4"/>
      </object_component>
      <object_component id="oc-364">
         <name>.text:pulse_ce</name>
         <load_address>0x2dac</load_address>
         <run_address>0x2dac</run_address>
         <size>0x28</size>
         <input_file_ref idref="fl-4"/>
      </object_component>
      <object_component id="oc-2d3">
         <name>.text:msprf24_is_alive</name>
         <load_address>0x2dd4</load_address>
         <run_address>0x2dd4</run_address>
         <size>0x26</size>
         <input_file_ref idref="fl-4"/>
      </object_component>
      <object_component id="oc-29e">
         <name>.text:msprf24_set_channel</name>
         <load_address>0x2dfc</load_address>
         <run_address>0x2dfc</run_address>
         <size>0x24</size>
         <input_file_ref idref="fl-4"/>
      </object_component>
      <object_component id="oc-76">
         <name>.text:PORT6_IRQHandler</name>
         <load_address>0x2e20</load_address>
         <run_address>0x2e20</run_address>
         <size>0x20</size>
         <input_file_ref idref="fl-4"/>
      </object_component>
      <object_component id="oc-2b0">
         <name>.text:msprf24_powerdown</name>
         <load_address>0x2e40</load_address>
         <run_address>0x2e40</run_address>
         <size>0x20</size>
         <input_file_ref idref="fl-4"/>
      </object_component>
      <object_component id="oc-bc">
         <name>.text:ADC14_getResult</name>
         <load_address>0x2e60</load_address>
         <run_address>0x2e60</run_address>
         <size>0x1c</size>
         <input_file_ref idref="fl-19"/>
      </object_component>
      <object_component id="oc-37e">
         <name>.text:SPI_enableModule</name>
         <load_address>0x2e7c</load_address>
         <run_address>0x2e7c</run_address>
         <size>0x1c</size>
         <input_file_ref idref="fl-1c"/>
      </object_component>
      <object_component id="oc-286">
         <name>.text:msprf24_close_pipe_all</name>
         <load_address>0x2e98</load_address>
         <run_address>0x2e98</run_address>
         <size>0x1c</size>
         <input_file_ref idref="fl-4"/>
      </object_component>
      <object_component id="oc-1e9">
         <name>.text:Graphics_clearDisplayOnDisplay</name>
         <load_address>0x2eb4</load_address>
         <run_address>0x2eb4</run_address>
         <size>0x1a</size>
         <input_file_ref idref="fl-15"/>
      </object_component>
      <object_component id="oc-123">
         <name>.text:Graphics_setBackgroundColor</name>
         <load_address>0x2ece</load_address>
         <run_address>0x2ece</run_address>
         <size>0x1a</size>
         <input_file_ref idref="fl-14"/>
      </object_component>
      <object_component id="oc-129">
         <name>.text:Graphics_setFont</name>
         <load_address>0x2ee8</load_address>
         <run_address>0x2ee8</run_address>
         <size>0x1a</size>
         <input_file_ref idref="fl-14"/>
      </object_component>
      <object_component id="oc-40c">
         <name>.text:EUSCI_A_SPI_enable</name>
         <load_address>0x2f02</load_address>
         <run_address>0x2f02</run_address>
         <size>0x16</size>
         <input_file_ref idref="fl-1c"/>
      </object_component>
      <object_component id="oc-412">
         <name>.text:EUSCI_B_SPI_enable</name>
         <load_address>0x2f18</load_address>
         <run_address>0x2f18</run_address>
         <size>0x16</size>
         <input_file_ref idref="fl-1c"/>
      </object_component>
      <object_component id="oc-11d">
         <name>.text:Graphics_setForegroundColor</name>
         <load_address>0x2f2e</load_address>
         <run_address>0x2f2e</run_address>
         <size>0x16</size>
         <input_file_ref idref="fl-14"/>
      </object_component>
      <object_component id="oc-265">
         <name>.text:Graphics_translateColorOnDisplay</name>
         <load_address>0x2f44</load_address>
         <run_address>0x2f44</run_address>
         <size>0x16</size>
         <input_file_ref idref="fl-15"/>
      </object_component>
      <object_component id="oc-206">
         <name>.text:msprf24_activate_tx</name>
         <load_address>0x2f5a</load_address>
         <run_address>0x2f5a</run_address>
         <size>0x14</size>
         <input_file_ref idref="fl-4"/>
      </object_component>
      <object_component id="oc-c2">
         <name>.text:Graphics_clearDisplay</name>
         <load_address>0x2f6e</load_address>
         <run_address>0x2f6e</run_address>
         <size>0x12</size>
         <input_file_ref idref="fl-14"/>
      </object_component>
      <object_component id="oc-40">
         <name>.text:decompress:ZI:__TI_zero_init_nomemset:__TI_zero_init_nomemset</name>
         <load_address>0x2f80</load_address>
         <run_address>0x2f80</run_address>
         <size>0x12</size>
         <input_file_ref idref="fl-d4"/>
      </object_component>
      <object_component id="oc-3ac">
         <name>.text:_msprf24_crc_mask</name>
         <load_address>0x2f94</load_address>
         <run_address>0x2f94</run_address>
         <size>0x10</size>
         <input_file_ref idref="fl-4"/>
      </object_component>
      <object_component id="oc-1a">
         <name>.text:decompress:none:__TI_decompress_none</name>
         <load_address>0x2fa4</load_address>
         <run_address>0x2fa4</run_address>
         <size>0xe</size>
         <input_file_ref idref="fl-d5"/>
      </object_component>
      <object_component id="oc-64">
         <name>.text:Reset_Handler</name>
         <load_address>0x2fb2</load_address>
         <run_address>0x2fb2</run_address>
         <size>0xc</size>
         <input_file_ref idref="fl-5"/>
      </object_component>
      <object_component id="oc-30f">
         <name>.text:Crystalfontz128x128_Flush</name>
         <load_address>0x2fbe</load_address>
         <run_address>0x2fbe</run_address>
         <size>0xa</size>
         <input_file_ref idref="fl-7"/>
      </object_component>
      <object_component id="oc-3b3">
         <name>.text:_msprf24_irq_mask</name>
         <load_address>0x2fc8</load_address>
         <run_address>0x2fc8</run_address>
         <size>0x4</size>
         <input_file_ref idref="fl-4"/>
      </object_component>
      <object_component id="oc-9c">
         <name>.text:_system_pre_init</name>
         <load_address>0x2fcc</load_address>
         <run_address>0x2fcc</run_address>
         <size>0x4</size>
         <input_file_ref idref="fl-da"/>
      </object_component>
      <object_component id="oc-19b">
         <name>.text:abort:abort</name>
         <load_address>0x2fd0</load_address>
         <run_address>0x2fd0</run_address>
         <size>0x4</size>
         <input_file_ref idref="fl-dc"/>
      </object_component>
      <object_component id="oc-31d">
         <name>.const:.string:g_pucFontFixed6x8Data</name>
         <load_address>0x2fd4</load_address>
         <run_address>0x2fd4</run_address>
         <size>0x2f8</size>
         <input_file_ref idref="fl-16"/>
      </object_component>
      <object_component id="oc-183">
         <name>.const:g_sFontFixed6x8</name>
         <load_address>0x32cc</load_address>
         <run_address>0x32cc</run_address>
         <size>0xc8</size>
         <input_file_ref idref="fl-16"/>
      </object_component>
      <object_component id="oc-1e0">
         <name>.const:_ctlRegs</name>
         <load_address>0x3394</load_address>
         <run_address>0x3394</run_address>
         <size>0x80</size>
         <input_file_ref idref="fl-19"/>
      </object_component>
      <object_component id="oc-38d">
         <name>.const:GPIO_PORT_TO_BASE</name>
         <load_address>0x3414</load_address>
         <run_address>0x3414</run_address>
         <size>0x30</size>
         <input_file_ref idref="fl-1a"/>
      </object_component>
      <object_component id="oc-180">
         <name>.const:g_sCrystalfontz128x128_funcs</name>
         <load_address>0x3444</load_address>
         <run_address>0x3444</run_address>
         <size>0x20</size>
         <input_file_ref idref="fl-7"/>
      </object_component>
      <object_component id="oc-384">
         <name>.const:$P$T0$1</name>
         <load_address>0x3464</load_address>
         <run_address>0x3464</run_address>
         <size>0x1c</size>
         <input_file_ref idref="fl-8"/>
      </object_component>
      <object_component id="oc-3c5">
         <name>.const:$P$T0$1</name>
         <load_address>0x3480</load_address>
         <run_address>0x3480</run_address>
         <size>0x8</size>
         <input_file_ref idref="fl-7"/>
      </object_component>
      <object_component id="oc-46d">
         <name>.cinit..data.load</name>
         <load_address>0x3488</load_address>
         <run_address>0x3488</run_address>
         <size>0x11</size>
      </object_component>
      <object_component id="oc-46b">
         <name>__TI_handler_table</name>
         <load_address>0x349c</load_address>
         <run_address>0x349c</run_address>
         <size>0xc</size>
      </object_component>
      <object_component id="oc-46e">
         <name>.cinit..bss.load</name>
         <load_address>0x34a8</load_address>
         <run_address>0x34a8</run_address>
         <size>0x8</size>
      </object_component>
      <object_component id="oc-46c">
         <name>__TI_cinit_table</name>
         <load_address>0x34b0</load_address>
         <run_address>0x34b0</run_address>
         <size>0x10</size>
      </object_component>
      <object_component id="oc-440">
         <name>.binit</name>
         <load_address>0x0</load_address>
         <run_address>0x0</run_address>
         <size>0x0</size>
      </object_component>
      <object_component id="oc-192">
         <name>.data</name>
         <load_address>0x200000a8</load_address>
         <run_address>0x200000a8</run_address>
         <size>0x4</size>
         <input_file_ref idref="fl-2"/>
      </object_component>
      <object_component id="oc-17d">
         <name>.data:g_sCrystalfontz128x128</name>
         <load_address>0x20000098</load_address>
         <run_address>0x20000098</run_address>
         <size>0x10</size>
         <input_file_ref idref="fl-7"/>
      </object_component>
      <object_component id="oc-e3">
         <name>.bss:resultsBufferJoy</name>
         <uninitialized>true</uninitialized>
         <run_address>0x20000068</run_address>
         <size>0x4</size>
         <input_file_ref idref="fl-2"/>
      </object_component>
      <object_component id="oc-e0">
         <name>.bss:resultsBufferAcc</name>
         <uninitialized>true</uninitialized>
         <run_address>0x20000064</run_address>
         <size>0x4</size>
         <input_file_ref idref="fl-2"/>
      </object_component>
      <object_component id="oc-e6">
         <name>.common:g_sContext</name>
         <uninitialized>true</uninitialized>
         <run_address>0x20000040</run_address>
         <size>0x1c</size>
      </object_component>
      <object_component id="oc-186">
         <name>.common:user</name>
         <uninitialized>true</uninitialized>
         <run_address>0x20000080</run_address>
         <size>0x4</size>
      </object_component>
      <object_component id="oc-18f">
         <name>.common:buf</name>
         <uninitialized>true</uninitialized>
         <run_address>0x20000000</run_address>
         <size>0x20</size>
      </object_component>
      <object_component id="oc-190">
         <name>.common:dato</name>
         <uninitialized>true</uninitialized>
         <run_address>0x20000020</run_address>
         <size>0x20</size>
      </object_component>
      <object_component id="oc-18b">
         <name>.common:dut_1</name>
         <uninitialized>true</uninitialized>
         <run_address>0x20000070</run_address>
         <size>0x4</size>
      </object_component>
      <object_component id="oc-18c">
         <name>.common:dut_2</name>
         <uninitialized>true</uninitialized>
         <run_address>0x20000074</run_address>
         <size>0x4</size>
      </object_component>
      <object_component id="oc-18d">
         <name>.common:dut_3</name>
         <uninitialized>true</uninitialized>
         <run_address>0x20000078</run_address>
         <size>0x4</size>
      </object_component>
      <object_component id="oc-18e">
         <name>.common:dut_4</name>
         <uninitialized>true</uninitialized>
         <run_address>0x2000007c</run_address>
         <size>0x4</size>
      </object_component>
      <object_component id="oc-191">
         <name>.common:val_b</name>
         <uninitialized>true</uninitialized>
         <run_address>0x2000005c</run_address>
         <size>0x8</size>
      </object_component>
      <object_component id="oc-e9">
         <name>.common:MENU</name>
         <uninitialized>true</uninitialized>
         <run_address>0x2000006c</run_address>
         <size>0x4</size>
      </object_component>
      <object_component id="oc-2bc">
         <name>.common:rf_feature</name>
         <uninitialized>true</uninitialized>
         <run_address>0x20000091</run_address>
         <size>0x1</size>
      </object_component>
      <object_component id="oc-187">
         <name>.common:rf_crc</name>
         <uninitialized>true</uninitialized>
         <run_address>0x20000090</run_address>
         <size>0x1</size>
      </object_component>
      <object_component id="oc-188">
         <name>.common:rf_addr_width</name>
         <uninitialized>true</uninitialized>
         <run_address>0x2000008e</run_address>
         <size>0x1</size>
      </object_component>
      <object_component id="oc-189">
         <name>.common:rf_speed_power</name>
         <uninitialized>true</uninitialized>
         <run_address>0x20000093</run_address>
         <size>0x1</size>
      </object_component>
      <object_component id="oc-18a">
         <name>.common:rf_channel</name>
         <uninitialized>true</uninitialized>
         <run_address>0x2000008f</run_address>
         <size>0x1</size>
      </object_component>
      <object_component id="oc-2da">
         <name>.common:rf_status</name>
         <uninitialized>true</uninitialized>
         <run_address>0x20000094</run_address>
         <size>0x1</size>
      </object_component>
      <object_component id="oc-f0">
         <name>.common:rf_irq</name>
         <uninitialized>true</uninitialized>
         <run_address>0x20000092</run_address>
         <size>0x1</size>
      </object_component>
      <object_component id="oc-262">
         <name>.common:Lcd_Orientation</name>
         <uninitialized>true</uninitialized>
         <run_address>0x2000008c</run_address>
         <size>0x1</size>
      </object_component>
      <object_component id="oc-259">
         <name>.common:Lcd_ScreenWidth</name>
         <uninitialized>true</uninitialized>
         <run_address>0x20000086</run_address>
         <size>0x2</size>
      </object_component>
      <object_component id="oc-25c">
         <name>.common:Lcd_ScreenHeigth</name>
         <uninitialized>true</uninitialized>
         <run_address>0x20000084</run_address>
         <size>0x2</size>
      </object_component>
      <object_component id="oc-25d">
         <name>.common:Lcd_PenSolid</name>
         <uninitialized>true</uninitialized>
         <run_address>0x2000008d</run_address>
         <size>0x1</size>
      </object_component>
      <object_component id="oc-25e">
         <name>.common:Lcd_FontSolid</name>
         <uninitialized>true</uninitialized>
         <run_address>0x2000008b</run_address>
         <size>0x1</size>
      </object_component>
      <object_component id="oc-25f">
         <name>.common:Lcd_FlagRead</name>
         <uninitialized>true</uninitialized>
         <run_address>0x2000008a</run_address>
         <size>0x1</size>
      </object_component>
      <object_component id="oc-260">
         <name>.common:Lcd_TouchTrim</name>
         <uninitialized>true</uninitialized>
         <run_address>0x20000088</run_address>
         <size>0x2</size>
      </object_component>
      <object_component id="oc-26">
         <name>.stack</name>
         <uninitialized>true</uninitialized>
         <run_address>0x2000fe00</run_address>
         <size>0x4</size>
         <input_file_ref idref="fl-d7"/>
      </object_component>
      <object_component id="oc-46f">
         <name>.stack</name>
         <uninitialized>true</uninitialized>
         <run_address>0x2000fe00</run_address>
         <size>0x0</size>
      </object_component>
      <object_component id="oc-e7">
         <name>.debug_info</name>
         <load_address>0x0</load_address>
         <run_address>0x0</run_address>
         <size>0xe92</size>
         <input_file_ref idref="fl-2"/>
      </object_component>
      <object_component id="oc-e4">
         <name>.debug_info</name>
         <load_address>0xe92</load_address>
         <run_address>0xe92</run_address>
         <size>0x10a</size>
         <input_file_ref idref="fl-2"/>
      </object_component>
      <object_component id="oc-e1">
         <name>.debug_info</name>
         <load_address>0xf9c</load_address>
         <run_address>0xf9c</run_address>
         <size>0x10a</size>
         <input_file_ref idref="fl-2"/>
      </object_component>
      <object_component id="oc-193">
         <name>.debug_info</name>
         <load_address>0x10a6</load_address>
         <run_address>0x10a6</run_address>
         <size>0xfb</size>
         <input_file_ref idref="fl-2"/>
      </object_component>
      <object_component id="oc-166">
         <name>.debug_info</name>
         <load_address>0x11a1</load_address>
         <run_address>0x11a1</run_address>
         <size>0x152</size>
         <input_file_ref idref="fl-2"/>
      </object_component>
      <object_component id="oc-a3">
         <name>.debug_info</name>
         <load_address>0x12f3</load_address>
         <run_address>0x12f3</run_address>
         <size>0x4b1</size>
         <input_file_ref idref="fl-2"/>
      </object_component>
      <object_component id="oc-cf">
         <name>.debug_info</name>
         <load_address>0x17a4</load_address>
         <run_address>0x17a4</run_address>
         <size>0x1ec</size>
         <input_file_ref idref="fl-2"/>
      </object_component>
      <object_component id="oc-d5">
         <name>.debug_info</name>
         <load_address>0x1990</load_address>
         <run_address>0x1990</run_address>
         <size>0x3f2</size>
         <input_file_ref idref="fl-2"/>
      </object_component>
      <object_component id="oc-db">
         <name>.debug_info</name>
         <load_address>0x1d82</load_address>
         <run_address>0x1d82</run_address>
         <size>0x47e</size>
         <input_file_ref idref="fl-2"/>
      </object_component>
      <object_component id="oc-71">
         <name>.debug_info</name>
         <load_address>0x2200</load_address>
         <run_address>0x2200</run_address>
         <size>0x287</size>
         <input_file_ref idref="fl-2"/>
      </object_component>
      <object_component id="oc-214">
         <name>.debug_info</name>
         <load_address>0x2487</load_address>
         <run_address>0x2487</run_address>
         <size>0x37e2</size>
         <input_file_ref idref="fl-2"/>
      </object_component>
      <object_component id="oc-f6">
         <name>.debug_info</name>
         <load_address>0x5c69</load_address>
         <run_address>0x5c69</run_address>
         <size>0x26b</size>
         <input_file_ref idref="fl-2"/>
      </object_component>
      <object_component id="oc-219">
         <name>.debug_info</name>
         <load_address>0x5ed4</load_address>
         <run_address>0x5ed4</run_address>
         <size>0x1055</size>
         <input_file_ref idref="fl-2"/>
      </object_component>
      <object_component id="oc-21e">
         <name>.debug_info</name>
         <load_address>0x6f29</load_address>
         <run_address>0x6f29</run_address>
         <size>0x439</size>
         <input_file_ref idref="fl-2"/>
      </object_component>
      <object_component id="oc-196">
         <name>.debug_info</name>
         <load_address>0x7362</load_address>
         <run_address>0x7362</run_address>
         <size>0x8b</size>
         <input_file_ref idref="fl-2"/>
      </object_component>
      <object_component id="oc-228">
         <name>.debug_info</name>
         <load_address>0x73ed</load_address>
         <run_address>0x73ed</run_address>
         <size>0x297</size>
         <input_file_ref idref="fl-2"/>
      </object_component>
      <object_component id="oc-1e4">
         <name>.debug_info</name>
         <load_address>0x7684</load_address>
         <run_address>0x7684</run_address>
         <size>0xef</size>
         <input_file_ref idref="fl-2"/>
      </object_component>
      <object_component id="oc-eb">
         <name>.debug_info</name>
         <load_address>0x7773</load_address>
         <run_address>0x7773</run_address>
         <size>0xbb</size>
         <input_file_ref idref="fl-2"/>
      </object_component>
      <object_component id="oc-223">
         <name>.debug_info</name>
         <load_address>0x782e</load_address>
         <run_address>0x782e</run_address>
         <size>0xcc</size>
         <input_file_ref idref="fl-2"/>
      </object_component>
      <object_component id="oc-388">
         <name>.debug_info</name>
         <load_address>0x78fa</load_address>
         <run_address>0x78fa</run_address>
         <size>0x131</size>
         <input_file_ref idref="fl-2"/>
      </object_component>
      <object_component id="oc-3bd">
         <name>.debug_info</name>
         <load_address>0x7a2b</load_address>
         <run_address>0x7a2b</run_address>
         <size>0x55e</size>
         <input_file_ref idref="fl-3"/>
      </object_component>
      <object_component id="oc-270">
         <name>.debug_info</name>
         <load_address>0x7f89</load_address>
         <run_address>0x7f89</run_address>
         <size>0x137</size>
         <input_file_ref idref="fl-3"/>
      </object_component>
      <object_component id="oc-281">
         <name>.debug_info</name>
         <load_address>0x80c0</load_address>
         <run_address>0x80c0</run_address>
         <size>0x162</size>
         <input_file_ref idref="fl-3"/>
      </object_component>
      <object_component id="oc-2e2">
         <name>.debug_info</name>
         <load_address>0x8222</load_address>
         <run_address>0x8222</run_address>
         <size>0x19e</size>
         <input_file_ref idref="fl-3"/>
      </object_component>
      <object_component id="oc-2f">
         <name>.debug_info</name>
         <load_address>0x83c0</load_address>
         <run_address>0x83c0</run_address>
         <size>0x84</size>
         <input_file_ref idref="fl-3"/>
      </object_component>
      <object_component id="oc-f1">
         <name>.debug_info</name>
         <load_address>0x8444</load_address>
         <run_address>0x8444</run_address>
         <size>0x6d4</size>
         <input_file_ref idref="fl-4"/>
      </object_component>
      <object_component id="oc-27b">
         <name>.debug_info</name>
         <load_address>0x8b18</load_address>
         <run_address>0x8b18</run_address>
         <size>0x1ad</size>
         <input_file_ref idref="fl-4"/>
      </object_component>
      <object_component id="oc-275">
         <name>.debug_info</name>
         <load_address>0x8cc5</load_address>
         <run_address>0x8cc5</run_address>
         <size>0x1e4</size>
         <input_file_ref idref="fl-4"/>
      </object_component>
      <object_component id="oc-3ad">
         <name>.debug_info</name>
         <load_address>0x8ea9</load_address>
         <run_address>0x8ea9</run_address>
         <size>0x147</size>
         <input_file_ref idref="fl-4"/>
      </object_component>
      <object_component id="oc-3b4">
         <name>.debug_info</name>
         <load_address>0x8ff0</load_address>
         <run_address>0x8ff0</run_address>
         <size>0x147</size>
         <input_file_ref idref="fl-4"/>
      </object_component>
      <object_component id="oc-2bf">
         <name>.debug_info</name>
         <load_address>0x9137</load_address>
         <run_address>0x9137</run_address>
         <size>0x170</size>
         <input_file_ref idref="fl-4"/>
      </object_component>
      <object_component id="oc-2c5">
         <name>.debug_info</name>
         <load_address>0x92a7</load_address>
         <run_address>0x92a7</run_address>
         <size>0x18f</size>
         <input_file_ref idref="fl-4"/>
      </object_component>
      <object_component id="oc-14e">
         <name>.debug_info</name>
         <load_address>0x9436</load_address>
         <run_address>0x9436</run_address>
         <size>0x185</size>
         <input_file_ref idref="fl-4"/>
      </object_component>
      <object_component id="oc-154">
         <name>.debug_info</name>
         <load_address>0x95bb</load_address>
         <run_address>0x95bb</run_address>
         <size>0x1bb</size>
         <input_file_ref idref="fl-4"/>
      </object_component>
      <object_component id="oc-201">
         <name>.debug_info</name>
         <load_address>0x9776</load_address>
         <run_address>0x9776</run_address>
         <size>0x1c1</size>
         <input_file_ref idref="fl-4"/>
      </object_component>
      <object_component id="oc-172">
         <name>.debug_info</name>
         <load_address>0x9937</load_address>
         <run_address>0x9937</run_address>
         <size>0x1d1</size>
         <input_file_ref idref="fl-4"/>
      </object_component>
      <object_component id="oc-160">
         <name>.debug_info</name>
         <load_address>0x9b08</load_address>
         <run_address>0x9b08</run_address>
         <size>0x141</size>
         <input_file_ref idref="fl-4"/>
      </object_component>
      <object_component id="oc-2b7">
         <name>.debug_info</name>
         <load_address>0x9c49</load_address>
         <run_address>0x9c49</run_address>
         <size>0x141</size>
         <input_file_ref idref="fl-4"/>
      </object_component>
      <object_component id="oc-365">
         <name>.debug_info</name>
         <load_address>0x9d8a</load_address>
         <run_address>0x9d8a</run_address>
         <size>0x12e</size>
         <input_file_ref idref="fl-4"/>
      </object_component>
      <object_component id="oc-130">
         <name>.debug_info</name>
         <load_address>0x9eb8</load_address>
         <run_address>0x9eb8</run_address>
         <size>0x2da</size>
         <input_file_ref idref="fl-4"/>
      </object_component>
      <object_component id="oc-2ab">
         <name>.debug_info</name>
         <load_address>0xa192</load_address>
         <run_address>0xa192</run_address>
         <size>0x188</size>
         <input_file_ref idref="fl-4"/>
      </object_component>
      <object_component id="oc-287">
         <name>.debug_info</name>
         <load_address>0xa31a</load_address>
         <run_address>0xa31a</run_address>
         <size>0x171</size>
         <input_file_ref idref="fl-4"/>
      </object_component>
      <object_component id="oc-13c">
         <name>.debug_info</name>
         <load_address>0xa48b</load_address>
         <run_address>0xa48b</run_address>
         <size>0x1f1</size>
         <input_file_ref idref="fl-4"/>
      </object_component>
      <object_component id="oc-136">
         <name>.debug_info</name>
         <load_address>0xa67c</load_address>
         <run_address>0xa67c</run_address>
         <size>0x1db</size>
         <input_file_ref idref="fl-4"/>
      </object_component>
      <object_component id="oc-28d">
         <name>.debug_info</name>
         <load_address>0xa857</load_address>
         <run_address>0xa857</run_address>
         <size>0x198</size>
         <input_file_ref idref="fl-4"/>
      </object_component>
      <object_component id="oc-293">
         <name>.debug_info</name>
         <load_address>0xa9ef</load_address>
         <run_address>0xa9ef</run_address>
         <size>0x1a4</size>
         <input_file_ref idref="fl-4"/>
      </object_component>
      <object_component id="oc-2d4">
         <name>.debug_info</name>
         <load_address>0xab93</load_address>
         <run_address>0xab93</run_address>
         <size>0x15f</size>
         <input_file_ref idref="fl-4"/>
      </object_component>
      <object_component id="oc-2cd">
         <name>.debug_info</name>
         <load_address>0xacf2</load_address>
         <run_address>0xacf2</run_address>
         <size>0x1e4</size>
         <input_file_ref idref="fl-4"/>
      </object_component>
      <object_component id="oc-299">
         <name>.debug_info</name>
         <load_address>0xaed6</load_address>
         <run_address>0xaed6</run_address>
         <size>0x15b</size>
         <input_file_ref idref="fl-4"/>
      </object_component>
      <object_component id="oc-29f">
         <name>.debug_info</name>
         <load_address>0xb031</load_address>
         <run_address>0xb031</run_address>
         <size>0x153</size>
         <input_file_ref idref="fl-4"/>
      </object_component>
      <object_component id="oc-2a5">
         <name>.debug_info</name>
         <load_address>0xb184</load_address>
         <run_address>0xb184</run_address>
         <size>0x15f</size>
         <input_file_ref idref="fl-4"/>
      </object_component>
      <object_component id="oc-148">
         <name>.debug_info</name>
         <load_address>0xb2e3</load_address>
         <run_address>0xb2e3</run_address>
         <size>0x1a0</size>
         <input_file_ref idref="fl-4"/>
      </object_component>
      <object_component id="oc-2b1">
         <name>.debug_info</name>
         <load_address>0xb483</load_address>
         <run_address>0xb483</run_address>
         <size>0x168</size>
         <input_file_ref idref="fl-4"/>
      </object_component>
      <object_component id="oc-142">
         <name>.debug_info</name>
         <load_address>0xb5eb</load_address>
         <run_address>0xb5eb</run_address>
         <size>0x188</size>
         <input_file_ref idref="fl-4"/>
      </object_component>
      <object_component id="oc-15a">
         <name>.debug_info</name>
         <load_address>0xb773</load_address>
         <run_address>0xb773</run_address>
         <size>0x191</size>
         <input_file_ref idref="fl-4"/>
      </object_component>
      <object_component id="oc-207">
         <name>.debug_info</name>
         <load_address>0xb904</load_address>
         <run_address>0xb904</run_address>
         <size>0x178</size>
         <input_file_ref idref="fl-4"/>
      </object_component>
      <object_component id="oc-16c">
         <name>.debug_info</name>
         <load_address>0xba7c</load_address>
         <run_address>0xba7c</run_address>
         <size>0x15c</size>
         <input_file_ref idref="fl-4"/>
      </object_component>
      <object_component id="oc-178">
         <name>.debug_info</name>
         <load_address>0xbbd8</load_address>
         <run_address>0xbbd8</run_address>
         <size>0x1d8</size>
         <input_file_ref idref="fl-4"/>
      </object_component>
      <object_component id="oc-77">
         <name>.debug_info</name>
         <load_address>0xbdb0</load_address>
         <run_address>0xbdb0</run_address>
         <size>0x141</size>
         <input_file_ref idref="fl-4"/>
      </object_component>
      <object_component id="oc-7e">
         <name>.debug_info</name>
         <load_address>0xbef1</load_address>
         <run_address>0xbef1</run_address>
         <size>0x2f2</size>
         <input_file_ref idref="fl-5"/>
      </object_component>
      <object_component id="oc-24">
         <name>.debug_info</name>
         <load_address>0xc1e3</load_address>
         <run_address>0xc1e3</run_address>
         <size>0x11e</size>
         <input_file_ref idref="fl-5"/>
      </object_component>
      <object_component id="oc-65">
         <name>.debug_info</name>
         <load_address>0xc301</load_address>
         <run_address>0xc301</run_address>
         <size>0x179</size>
         <input_file_ref idref="fl-5"/>
      </object_component>
      <object_component id="oc-6b">
         <name>.debug_info</name>
         <load_address>0xc47a</load_address>
         <run_address>0xc47a</run_address>
         <size>0x161</size>
         <input_file_ref idref="fl-5"/>
      </object_component>
      <object_component id="oc-b5">
         <name>.debug_info</name>
         <load_address>0xc5db</load_address>
         <run_address>0xc5db</run_address>
         <size>0x156</size>
         <input_file_ref idref="fl-6"/>
      </object_component>
      <object_component id="oc-25a">
         <name>.debug_info</name>
         <load_address>0xc731</load_address>
         <run_address>0xc731</run_address>
         <size>0x954</size>
         <input_file_ref idref="fl-7"/>
      </object_component>
      <object_component id="oc-17e">
         <name>.debug_info</name>
         <load_address>0xd085</load_address>
         <run_address>0xd085</run_address>
         <size>0x138</size>
         <input_file_ref idref="fl-7"/>
      </object_component>
      <object_component id="oc-181">
         <name>.debug_info</name>
         <load_address>0xd1bd</load_address>
         <run_address>0xd1bd</run_address>
         <size>0x144</size>
         <input_file_ref idref="fl-7"/>
      </object_component>
      <object_component id="oc-3c6">
         <name>.debug_info</name>
         <load_address>0xd301</load_address>
         <run_address>0xd301</run_address>
         <size>0x119</size>
         <input_file_ref idref="fl-7"/>
      </object_component>
      <object_component id="oc-10d">
         <name>.debug_info</name>
         <load_address>0xd41a</load_address>
         <run_address>0xd41a</run_address>
         <size>0x40b</size>
         <input_file_ref idref="fl-7"/>
      </object_component>
      <object_component id="oc-255">
         <name>.debug_info</name>
         <load_address>0xd825</load_address>
         <run_address>0xd825</run_address>
         <size>0x317</size>
         <input_file_ref idref="fl-7"/>
      </object_component>
      <object_component id="oc-113">
         <name>.debug_info</name>
         <load_address>0xdb3c</load_address>
         <run_address>0xdb3c</run_address>
         <size>0x273</size>
         <input_file_ref idref="fl-7"/>
      </object_component>
      <object_component id="oc-2ed">
         <name>.debug_info</name>
         <load_address>0xddaf</load_address>
         <run_address>0xddaf</run_address>
         <size>0x2b8</size>
         <input_file_ref idref="fl-7"/>
      </object_component>
      <object_component id="oc-2f3">
         <name>.debug_info</name>
         <load_address>0xe067</load_address>
         <run_address>0xe067</run_address>
         <size>0x41b</size>
         <input_file_ref idref="fl-7"/>
      </object_component>
      <object_component id="oc-2f9">
         <name>.debug_info</name>
         <load_address>0xe482</load_address>
         <run_address>0xe482</run_address>
         <size>0x2d3</size>
         <input_file_ref idref="fl-7"/>
      </object_component>
      <object_component id="oc-2ff">
         <name>.debug_info</name>
         <load_address>0xe755</load_address>
         <run_address>0xe755</run_address>
         <size>0x2d3</size>
         <input_file_ref idref="fl-7"/>
      </object_component>
      <object_component id="oc-305">
         <name>.debug_info</name>
         <load_address>0xea28</load_address>
         <run_address>0xea28</run_address>
         <size>0x304</size>
         <input_file_ref idref="fl-7"/>
      </object_component>
      <object_component id="oc-30b">
         <name>.debug_info</name>
         <load_address>0xed2c</load_address>
         <run_address>0xed2c</run_address>
         <size>0x221</size>
         <input_file_ref idref="fl-7"/>
      </object_component>
      <object_component id="oc-311">
         <name>.debug_info</name>
         <load_address>0xef4d</load_address>
         <run_address>0xef4d</run_address>
         <size>0x1dc</size>
         <input_file_ref idref="fl-7"/>
      </object_component>
      <object_component id="oc-317">
         <name>.debug_info</name>
         <load_address>0xf129</load_address>
         <run_address>0xf129</run_address>
         <size>0x24c</size>
         <input_file_ref idref="fl-7"/>
      </object_component>
      <object_component id="oc-397">
         <name>.debug_info</name>
         <load_address>0xf375</load_address>
         <run_address>0xf375</run_address>
         <size>0x37e2</size>
         <input_file_ref idref="fl-7"/>
      </object_component>
      <object_component id="oc-41b">
         <name>.debug_info</name>
         <load_address>0x12b57</load_address>
         <run_address>0x12b57</run_address>
         <size>0x89a</size>
         <input_file_ref idref="fl-8"/>
      </object_component>
      <object_component id="oc-385">
         <name>.debug_info</name>
         <load_address>0x133f1</load_address>
         <run_address>0x133f1</run_address>
         <size>0x12c</size>
         <input_file_ref idref="fl-8"/>
      </object_component>
      <object_component id="oc-232">
         <name>.debug_info</name>
         <load_address>0x1351d</load_address>
         <run_address>0x1351d</run_address>
         <size>0x283</size>
         <input_file_ref idref="fl-8"/>
      </object_component>
      <object_component id="oc-238">
         <name>.debug_info</name>
         <load_address>0x137a0</load_address>
         <run_address>0x137a0</run_address>
         <size>0x24c</size>
         <input_file_ref idref="fl-8"/>
      </object_component>
      <object_component id="oc-24a">
         <name>.debug_info</name>
         <load_address>0x139ec</load_address>
         <run_address>0x139ec</run_address>
         <size>0x243</size>
         <input_file_ref idref="fl-8"/>
      </object_component>
      <object_component id="oc-250">
         <name>.debug_info</name>
         <load_address>0x13c2f</load_address>
         <run_address>0x13c2f</run_address>
         <size>0x1f6</size>
         <input_file_ref idref="fl-8"/>
      </object_component>
      <object_component id="oc-1f0">
         <name>.debug_info</name>
         <load_address>0x13e25</load_address>
         <run_address>0x13e25</run_address>
         <size>0x55d</size>
         <input_file_ref idref="fl-14"/>
      </object_component>
      <object_component id="oc-119">
         <name>.debug_info</name>
         <load_address>0x14382</load_address>
         <run_address>0x14382</run_address>
         <size>0x1eb</size>
         <input_file_ref idref="fl-14"/>
      </object_component>
      <object_component id="oc-125">
         <name>.debug_info</name>
         <load_address>0x1456d</load_address>
         <run_address>0x1456d</run_address>
         <size>0x1ff</size>
         <input_file_ref idref="fl-14"/>
      </object_component>
      <object_component id="oc-12b">
         <name>.debug_info</name>
         <load_address>0x1476c</load_address>
         <run_address>0x1476c</run_address>
         <size>0x1cc</size>
         <input_file_ref idref="fl-14"/>
      </object_component>
      <object_component id="oc-11f">
         <name>.debug_info</name>
         <load_address>0x14938</load_address>
         <run_address>0x14938</run_address>
         <size>0x1f2</size>
         <input_file_ref idref="fl-14"/>
      </object_component>
      <object_component id="oc-c4">
         <name>.debug_info</name>
         <load_address>0x14b2a</load_address>
         <run_address>0x14b2a</run_address>
         <size>0x1bf</size>
         <input_file_ref idref="fl-14"/>
      </object_component>
      <object_component id="oc-34a">
         <name>.debug_info</name>
         <load_address>0x14ce9</load_address>
         <run_address>0x14ce9</run_address>
         <size>0x3f7</size>
         <input_file_ref idref="fl-15"/>
      </object_component>
      <object_component id="oc-35b">
         <name>.debug_info</name>
         <load_address>0x150e0</load_address>
         <run_address>0x150e0</run_address>
         <size>0x1ff</size>
         <input_file_ref idref="fl-15"/>
      </object_component>
      <object_component id="oc-3f9">
         <name>.debug_info</name>
         <load_address>0x152df</load_address>
         <run_address>0x152df</run_address>
         <size>0x21d</size>
         <input_file_ref idref="fl-15"/>
      </object_component>
      <object_component id="oc-266">
         <name>.debug_info</name>
         <load_address>0x154fc</load_address>
         <run_address>0x154fc</run_address>
         <size>0x1df</size>
         <input_file_ref idref="fl-15"/>
      </object_component>
      <object_component id="oc-1ea">
         <name>.debug_info</name>
         <load_address>0x156db</load_address>
         <run_address>0x156db</run_address>
         <size>0x1d7</size>
         <input_file_ref idref="fl-15"/>
      </object_component>
      <object_component id="oc-322">
         <name>.debug_info</name>
         <load_address>0x158b2</load_address>
         <run_address>0x158b2</run_address>
         <size>0x278</size>
         <input_file_ref idref="fl-16"/>
      </object_component>
      <object_component id="oc-31e">
         <name>.debug_info</name>
         <load_address>0x15b2a</load_address>
         <run_address>0x15b2a</run_address>
         <size>0x136</size>
         <input_file_ref idref="fl-16"/>
      </object_component>
      <object_component id="oc-184">
         <name>.debug_info</name>
         <load_address>0x15c60</load_address>
         <run_address>0x15c60</run_address>
         <size>0x12b</size>
         <input_file_ref idref="fl-16"/>
      </object_component>
      <object_component id="oc-1fe">
         <name>.debug_info</name>
         <load_address>0x15d8b</load_address>
         <run_address>0x15d8b</run_address>
         <size>0x4b6</size>
         <input_file_ref idref="fl-17"/>
      </object_component>
      <object_component id="oc-352">
         <name>.debug_info</name>
         <load_address>0x16241</load_address>
         <run_address>0x16241</run_address>
         <size>0x1c1</size>
         <input_file_ref idref="fl-17"/>
      </object_component>
      <object_component id="oc-1f5">
         <name>.debug_info</name>
         <load_address>0x16402</load_address>
         <run_address>0x16402</run_address>
         <size>0x28a</size>
         <input_file_ref idref="fl-17"/>
      </object_component>
      <object_component id="oc-1fb">
         <name>.debug_info</name>
         <load_address>0x1668c</load_address>
         <run_address>0x1668c</run_address>
         <size>0x426</size>
         <input_file_ref idref="fl-17"/>
      </object_component>
      <object_component id="oc-cc">
         <name>.debug_info</name>
         <load_address>0x16ab2</load_address>
         <run_address>0x16ab2</run_address>
         <size>0x26a</size>
         <input_file_ref idref="fl-17"/>
      </object_component>
      <object_component id="oc-3ff">
         <name>.debug_info</name>
         <load_address>0x16d1c</load_address>
         <run_address>0x16d1c</run_address>
         <size>0x537</size>
         <input_file_ref idref="fl-18"/>
      </object_component>
      <object_component id="oc-355">
         <name>.debug_info</name>
         <load_address>0x17253</load_address>
         <run_address>0x17253</run_address>
         <size>0x212</size>
         <input_file_ref idref="fl-18"/>
      </object_component>
      <object_component id="oc-348">
         <name>.debug_info</name>
         <load_address>0x17465</load_address>
         <run_address>0x17465</run_address>
         <size>0x702</size>
         <input_file_ref idref="fl-19"/>
      </object_component>
      <object_component id="oc-1e1">
         <name>.debug_info</name>
         <load_address>0x17b67</load_address>
         <run_address>0x17b67</run_address>
         <size>0x120</size>
         <input_file_ref idref="fl-19"/>
      </object_component>
      <object_component id="oc-1de">
         <name>.debug_info</name>
         <load_address>0x17c87</load_address>
         <run_address>0x17c87</run_address>
         <size>0x1d5</size>
         <input_file_ref idref="fl-19"/>
      </object_component>
      <object_component id="oc-bf">
         <name>.debug_info</name>
         <load_address>0x17e5c</load_address>
         <run_address>0x17e5c</run_address>
         <size>0x20b</size>
         <input_file_ref idref="fl-19"/>
      </object_component>
      <object_component id="oc-3f0">
         <name>.debug_info</name>
         <load_address>0x18067</load_address>
         <run_address>0x18067</run_address>
         <size>0x431a</size>
         <input_file_ref idref="fl-19"/>
      </object_component>
      <object_component id="oc-41e">
         <name>.debug_info</name>
         <load_address>0x1c381</load_address>
         <run_address>0x1c381</run_address>
         <size>0x6fd</size>
         <input_file_ref idref="fl-1a"/>
      </object_component>
      <object_component id="oc-38e">
         <name>.debug_info</name>
         <load_address>0x1ca7e</load_address>
         <run_address>0x1ca7e</run_address>
         <size>0x131</size>
         <input_file_ref idref="fl-1a"/>
      </object_component>
      <object_component id="oc-372">
         <name>.debug_info</name>
         <load_address>0x1cbaf</load_address>
         <run_address>0x1cbaf</run_address>
         <size>0x24e</size>
         <input_file_ref idref="fl-1a"/>
      </object_component>
      <object_component id="oc-36c">
         <name>.debug_info</name>
         <load_address>0x1cdfd</load_address>
         <run_address>0x1cdfd</run_address>
         <size>0x2a1</size>
         <input_file_ref idref="fl-1a"/>
      </object_component>
      <object_component id="oc-243">
         <name>.debug_info</name>
         <load_address>0x1d09e</load_address>
         <run_address>0x1d09e</run_address>
         <size>0x256</size>
         <input_file_ref idref="fl-1a"/>
      </object_component>
      <object_component id="oc-23c">
         <name>.debug_info</name>
         <load_address>0x1d2f4</load_address>
         <run_address>0x1d2f4</run_address>
         <size>0x254</size>
         <input_file_ref idref="fl-1a"/>
      </object_component>
      <object_component id="oc-40b">
         <name>.debug_info</name>
         <load_address>0x1d548</load_address>
         <run_address>0x1d548</run_address>
         <size>0x6f1</size>
         <input_file_ref idref="fl-1c"/>
      </object_component>
      <object_component id="oc-407">
         <name>.debug_info</name>
         <load_address>0x1dc39</load_address>
         <run_address>0x1dc39</run_address>
         <size>0x1c3</size>
         <input_file_ref idref="fl-1c"/>
      </object_component>
      <object_component id="oc-37b">
         <name>.debug_info</name>
         <load_address>0x1ddfc</load_address>
         <run_address>0x1ddfc</run_address>
         <size>0x227</size>
         <input_file_ref idref="fl-1c"/>
      </object_component>
      <object_component id="oc-381">
         <name>.debug_info</name>
         <load_address>0x1e023</load_address>
         <run_address>0x1e023</run_address>
         <size>0x231</size>
         <input_file_ref idref="fl-1c"/>
      </object_component>
      <object_component id="oc-416">
         <name>.debug_info</name>
         <load_address>0x1e254</load_address>
         <run_address>0x1e254</run_address>
         <size>0x1e5</size>
         <input_file_ref idref="fl-1c"/>
      </object_component>
      <object_component id="oc-410">
         <name>.debug_info</name>
         <load_address>0x1e439</load_address>
         <run_address>0x1e439</run_address>
         <size>0x1e5</size>
         <input_file_ref idref="fl-1c"/>
      </object_component>
      <object_component id="oc-99">
         <name>.debug_info</name>
         <load_address>0x1e61e</load_address>
         <run_address>0x1e61e</run_address>
         <size>0x13f</size>
         <input_file_ref idref="fl-d3"/>
      </object_component>
      <object_component id="oc-95">
         <name>.debug_info</name>
         <load_address>0x1e75d</load_address>
         <run_address>0x1e75d</run_address>
         <size>0x313</size>
         <input_file_ref idref="fl-d4"/>
      </object_component>
      <object_component id="oc-41">
         <name>.debug_info</name>
         <load_address>0x1ea70</load_address>
         <run_address>0x1ea70</run_address>
         <size>0x1b4</size>
         <input_file_ref idref="fl-d4"/>
      </object_component>
      <object_component id="oc-90">
         <name>.debug_info</name>
         <load_address>0x1ec24</load_address>
         <run_address>0x1ec24</run_address>
         <size>0x46</size>
         <input_file_ref idref="fl-d4"/>
      </object_component>
      <object_component id="oc-102">
         <name>.debug_info</name>
         <load_address>0x1ec6a</load_address>
         <run_address>0x1ec6a</run_address>
         <size>0x2c</size>
         <input_file_ref idref="fl-d4"/>
      </object_component>
      <object_component id="oc-3f">
         <name>.debug_info</name>
         <load_address>0x1ec96</load_address>
         <run_address>0x1ec96</run_address>
         <size>0x29d</size>
         <input_file_ref idref="fl-d5"/>
      </object_component>
      <object_component id="oc-1c">
         <name>.debug_info</name>
         <load_address>0x1ef33</load_address>
         <run_address>0x1ef33</run_address>
         <size>0x1df</size>
         <input_file_ref idref="fl-d5"/>
      </object_component>
      <object_component id="oc-3a">
         <name>.debug_info</name>
         <load_address>0x1f112</load_address>
         <run_address>0x1f112</run_address>
         <size>0x46</size>
         <input_file_ref idref="fl-d5"/>
      </object_component>
      <object_component id="oc-88">
         <name>.debug_info</name>
         <load_address>0x1f158</load_address>
         <run_address>0x1f158</run_address>
         <size>0x2c</size>
         <input_file_ref idref="fl-d5"/>
      </object_component>
      <object_component id="oc-86">
         <name>.debug_info</name>
         <load_address>0x1f184</load_address>
         <run_address>0x1f184</run_address>
         <size>0x293</size>
         <input_file_ref idref="fl-d6"/>
      </object_component>
      <object_component id="oc-17">
         <name>.debug_info</name>
         <load_address>0x1f417</load_address>
         <run_address>0x1f417</run_address>
         <size>0x245</size>
         <input_file_ref idref="fl-d6"/>
      </object_component>
      <object_component id="oc-2a">
         <name>.debug_info</name>
         <load_address>0x1f65c</load_address>
         <run_address>0x1f65c</run_address>
         <size>0x60</size>
         <input_file_ref idref="fl-d6"/>
      </object_component>
      <object_component id="oc-fb">
         <name>.debug_info</name>
         <load_address>0x1f6bc</load_address>
         <run_address>0x1f6bc</run_address>
         <size>0x46</size>
         <input_file_ref idref="fl-d6"/>
      </object_component>
      <object_component id="oc-81">
         <name>.debug_info</name>
         <load_address>0x1f702</load_address>
         <run_address>0x1f702</run_address>
         <size>0x39</size>
         <input_file_ref idref="fl-d6"/>
      </object_component>
      <object_component id="oc-27">
         <name>.debug_info</name>
         <load_address>0x1f73b</load_address>
         <run_address>0x1f73b</run_address>
         <size>0x100</size>
[...]
         <name>msprf24_set_config</name>
         <value>0x2b79</value>
         <object_component_ref idref="oc-2cc"/>
      </symbol>
      <symbol id="sm-329">
         <name>w_tx_payload</name>
         <value>0x1c75</value>
         <object_component_ref idref="oc-200"/>
      </symbol>
      <symbol id="sm-32a">
         <name>msprf24_current_state</name>
         <value>0x24d1</value>
         <object_component_ref idref="oc-147"/>
      </symbol>
      <symbol id="sm-32b">
         <name>msprf24_set_retransmit_delay</name>
         <value>0x1ef1</value>
         <object_component_ref idref="oc-28c"/>
      </symbol>
      <symbol id="sm-32c">
         <name>msprf24_set_speed_power</name>
         <value>0x2ae5</value>
         <object_component_ref idref="oc-298"/>
      </symbol>
      <symbol id="sm-32d">
         <name>msprf24_set_address_width</name>
         <value>0x2cb5</value>
         <object_component_ref idref="oc-2a4"/>
      </symbol>
      <symbol id="sm-32e">
         <name>w_tx_addr</name>
         <value>0x2685</value>
         <object_component_ref idref="oc-14d"/>
      </symbol>
      <symbol id="sm-32f">
         <name>_msprf24_irq_mask</name>
         <value>0x2fc9</value>
         <object_component_ref idref="oc-3b3"/>
      </symbol>
      <symbol id="sm-330">
         <name>flush_rx</name>
         <value>0x2c5d</value>
         <object_component_ref idref="oc-2b6"/>
      </symbol>
      <symbol id="sm-331">
         <name>msprf24_activate_rx</name>
         <value>0x2d85</value>
         <object_component_ref idref="oc-159"/>
      </symbol>
      <symbol id="sm-332">
         <name>msprf24_irq_clear</name>
         <value>0x2135</value>
         <object_component_ref idref="oc-177"/>
      </symbol>
      <symbol id="sm-333">
         <name>flush_tx</name>
         <value>0x2c89</value>
         <object_component_ref idref="oc-15f"/>
      </symbol>
      <symbol id="sm-334">
         <name>r_reg</name>
         <value>0x25dd</value>
         <object_component_ref idref="oc-2be"/>
      </symbol>
      <symbol id="sm-335">
         <name>msprf24_open_pipe</name>
         <value>0x223d</value>
         <object_component_ref idref="oc-13b"/>
      </symbol>
      <symbol id="sm-336">
         <name>_msprf24_crc_mask</name>
         <value>0x2f95</value>
         <object_component_ref idref="oc-3ac"/>
      </symbol>
      <symbol id="sm-337">
         <name>msprf24_activate_tx</name>
         <value>0x2f5b</value>
         <object_component_ref idref="oc-206"/>
      </symbol>
      <symbol id="sm-338">
         <name>msprf24_enable_feature</name>
         <value>0x2985</value>
         <object_component_ref idref="oc-2aa"/>
      </symbol>
      <symbol id="sm-339">
         <name>PORT6_IRQHandler</name>
         <value>0x2e21</value>
         <object_component_ref idref="oc-76"/>
      </symbol>
      <symbol id="sm-33a">
         <name>msprf24_init</name>
         <value>0x16b9</value>
         <object_component_ref idref="oc-12f"/>
      </symbol>
      <symbol id="sm-33b">
         <name>pulse_ce</name>
         <value>0x2dad</value>
         <object_component_ref idref="oc-364"/>
      </symbol>
      <symbol id="sm-33c">
         <name>msprf24_set_retransmit_count</name>
         <value>0x2ce1</value>
         <object_component_ref idref="oc-292"/>
      </symbol>
      <symbol id="sm-358">
         <name>Reset_Handler</name>
         <value>0x2fb3</value>
         <object_component_ref idref="oc-64"/>
      </symbol>
      <symbol id="sm-359">
         <name>Default_Handler</name>
         <value>0xb37</value>
         <object_component_ref idref="oc-6a"/>
      </symbol>
      <symbol id="sm-35a">
         <name>interruptVectors</name>
         <value>0x0</value>
         <object_component_ref idref="oc-23"/>
      </symbol>
      <symbol id="sm-36d">
         <name>SystemInit</name>
         <value>0x2331</value>
         <object_component_ref idref="oc-b4"/>
      </symbol>
      <symbol id="sm-421">
         <name>Lcd_Orientation</name>
         <value>0x2000008c</value>
      </symbol>
      <symbol id="sm-422">
         <name>Lcd_ScreenWidth</name>
         <value>0x20000086</value>
      </symbol>
      <symbol id="sm-423">
         <name>Lcd_ScreenHeigth</name>
         <value>0x20000084</value>
      </symbol>
      <symbol id="sm-424">
         <name>Lcd_PenSolid</name>
         <value>0x2000008d</value>
      </symbol>
      <symbol id="sm-425">
         <name>Lcd_FontSolid</name>
         <value>0x2000008b</value>
      </symbol>
      <symbol id="sm-426">
         <name>Lcd_FlagRead</name>
         <value>0x2000008a</value>
      </symbol>
      <symbol id="sm-427">
         <name>Lcd_TouchTrim</name>
         <value>0x20000088</value>
      </symbol>
      <symbol id="sm-428">
         <name>Crystalfontz128x128_SetDrawFrame</name>
         <value>0x1585</value>
         <object_component_ref idref="oc-253"/>
      </symbol>
      <symbol id="sm-429">
         <name>Crystalfontz128x128_SetOrientation</name>
         <value>0x2589</value>
         <object_component_ref idref="oc-111"/>
      </symbol>
      <symbol id="sm-42a">
         <name>g_sCrystalfontz128x128_funcs</name>
         <value>0x3444</value>
         <object_component_ref idref="oc-180"/>
      </symbol>
      <symbol id="sm-42b">
         <name>g_sCrystalfontz128x128</name>
         <value>0x20000098</value>
         <object_component_ref idref="oc-17d"/>
      </symbol>
      <symbol id="sm-42c">
         <name>Crystalfontz128x128_Init</name>
         <value>0x17e9</value>
         <object_component_ref idref="oc-10b"/>
      </symbol>
      <symbol id="sm-465">
         <name>HAL_LCD_writeData</name>
         <value>0x2c31</value>
         <object_component_ref idref="oc-24d"/>
      </symbol>
      <symbol id="sm-466">
         <name>HAL_LCD_SpiInit</name>
         <value>0x2905</value>
         <object_component_ref idref="oc-235"/>
      </symbol>
      <symbol id="sm-467">
         <name>HAL_LCD_PortInit</name>
         <value>0x2b19</value>
         <object_component_ref idref="oc-22f"/>
      </symbol>
      <symbol id="sm-468">
         <name>HAL_LCD_writeCommand</name>
         <value>0x2a3d</value>
         <object_component_ref idref="oc-247"/>
      </symbol>
      <symbol id="sm-495">
         <name>Graphics_setBackgroundColor</name>
         <value>0x2ecf</value>
         <object_component_ref idref="oc-123"/>
      </symbol>
      <symbol id="sm-496">
         <name>Graphics_setFont</name>
         <value>0x2ee9</value>
         <object_component_ref idref="oc-129"/>
      </symbol>
      <symbol id="sm-497">
         <name>Graphics_initContext</name>
         <value>0x26d9</value>
         <object_component_ref idref="oc-117"/>
      </symbol>
      <symbol id="sm-498">
         <name>Graphics_setForegroundColor</name>
         <value>0x2f2f</value>
         <object_component_ref idref="oc-11d"/>
      </symbol>
      <symbol id="sm-499">
         <name>Graphics_clearDisplay</name>
         <value>0x2f6f</value>
         <object_component_ref idref="oc-c2"/>
      </symbol>
      <symbol id="sm-4be">
         <name>Graphics_clearDisplayOnDisplay</name>
         <value>0x2eb5</value>
         <object_component_ref idref="oc-1e9"/>
      </symbol>
      <symbol id="sm-4bf">
         <name>Graphics_drawPixelOnDisplay</name>
         <value>0x2c05</value>
         <object_component_ref idref="oc-35a"/>
      </symbol>
      <symbol id="sm-4c0">
         <name>Graphics_translateColorOnDisplay</name>
         <value>0x2f45</value>
         <object_component_ref idref="oc-265"/>
      </symbol>
      <symbol id="sm-4c1">
         <name>Graphics_drawHorizontalLineOnDisplay</name>
         <value>0x2aad</value>
         <object_component_ref idref="oc-3f8"/>
      </symbol>
      <symbol id="sm-4d3">
         <name>g_sFontFixed6x8</name>
         <value>0x32cc</value>
         <object_component_ref idref="oc-183"/>
      </symbol>
      <symbol id="sm-52b">
         <name>Graphics_drawStringCentered</name>
         <value>0x272b</value>
         <object_component_ref idref="oc-c8"/>
      </symbol>
      <symbol id="sm-52c">
         <name>Graphics_drawString</name>
         <value>0x6b9</value>
         <object_component_ref idref="oc-1f7"/>
      </symbol>
      <symbol id="sm-52d">
         <name>Graphics_getStringWidth</name>
         <value>0x1915</value>
         <object_component_ref idref="oc-1f1"/>
      </symbol>
      <symbol id="sm-540">
         <name>Graphics_drawLineH</name>
         <value>0x1db9</value>
         <object_component_ref idref="oc-354"/>
      </symbol>
      <symbol id="sm-58c">
         <name>ADC14_getResult</name>
         <value>0x2e61</value>
         <object_component_ref idref="oc-bc"/>
      </symbol>
      <symbol id="sm-5c5">
         <name>GPIO_setOutputHighOnPin</name>
         <value>0x2d35</value>
         <object_component_ref idref="oc-241"/>
      </symbol>
      <symbol id="sm-5c6">
         <name>GPIO_setAsOutputPin</name>
         <value>0x2885</value>
         <object_component_ref idref="oc-371"/>
      </symbol>
      <symbol id="sm-5c7">
         <name>GPIO_setOutputLowOnPin</name>
         <value>0x2d5d</value>
         <object_component_ref idref="oc-23b"/>
      </symbol>
      <symbol id="sm-5c8">
         <name>GPIO_setAsPeripheralModuleFunctionOutputPin</name>
         <value>0x20ad</value>
         <object_component_ref idref="oc-36b"/>
      </symbol>
      <symbol id="sm-603">
         <name>EUSCI_B_SPI_enable</name>
         <value>0x2f19</value>
         <object_component_ref idref="oc-412"/>
      </symbol>
      <symbol id="sm-604">
         <name>SPI_enableModule</name>
         <value>0x2e7d</value>
         <object_component_ref idref="oc-37e"/>
      </symbol>
      <symbol id="sm-605">
         <name>EUSCI_A_SPI_enable</name>
         <value>0x2f03</value>
         <object_component_ref idref="oc-40c"/>
      </symbol>
      <symbol id="sm-606">
         <name>SPI_initMaster</name>
         <value>0x1bc5</value>
         <object_component_ref idref="oc-378"/>
      </symbol>
      <symbol id="sm-616">
         <name>__aeabi_memset</name>
         <value>0x22b9</value>
         <object_component_ref idref="oc-96"/>
      </symbol>
      <symbol id="sm-617">
         <name>memset</name>
         <value>0x22bf</value>
         <object_component_ref idref="oc-96"/>
      </symbol>
      <symbol id="sm-618">
         <name>__aeabi_memset8</name>
         <value>0x22b9</value>
         <object_component_ref idref="oc-96"/>
      </symbol>
      <symbol id="sm-619">
         <name>__aeabi_memset4</name>
         <value>0x22b9</value>
         <object_component_ref idref="oc-96"/>
      </symbol>
      <symbol id="sm-61a">
         <name>__aeabi_memclr8</name>
         <value>0x22b7</value>
         <object_component_ref idref="oc-96"/>
      </symbol>
      <symbol id="sm-61b">
         <name>__aeabi_memclr4</name>
         <value>0x22b7</value>
         <object_component_ref idref="oc-96"/>
      </symbol>
      <symbol id="sm-61c">
         <name>__aeabi_memclr</name>
         <value>0x22b7</value>
         <object_component_ref idref="oc-96"/>
      </symbol>
      <symbol id="sm-635">
         <name>__TI_zero_init_nomemset</name>
         <value>0x2f81</value>
         <object_component_ref idref="oc-40"/>
      </symbol>
      <symbol id="sm-64c">
         <name>__TI_decompress_none</name>
         <value>0x2fa5</value>
         <object_component_ref idref="oc-1a"/>
      </symbol>
      <symbol id="sm-66f">
         <name>__TI_decompress_lzss</name>
         <value>0x23a9</value>
         <object_component_ref idref="oc-14"/>
      </symbol>
      <symbol id="sm-682">
         <name>__stack</name>
         <value>0x2000fe00</value>
         <object_component_ref idref="oc-26"/>
      </symbol>
      <symbol id="sm-683">
         <name>_c_int00_noargs</name>
         <value>0x2a75</value>
         <object_component_ref idref="oc-52"/>
      </symbol>
      <symbol id="sm-69e">
         <name>memcpy</name>
         <value>0x1e55</value>
         <object_component_ref idref="oc-34"/>
      </symbol>
      <symbol id="sm-69f">
         <name>__aeabi_memcpy</name>
         <value>0x1e55</value>
         <object_component_ref idref="oc-34"/>
      </symbol>
      <symbol id="sm-6a0">
         <name>__aeabi_memcpy8</name>
         <value>0x1e55</value>
         <object_component_ref idref="oc-34"/>
      </symbol>
      <symbol id="sm-6a1">
         <name>__aeabi_memcpy4</name>
         <value>0x1e55</value>
         <object_component_ref idref="oc-34"/>
      </symbol>
      <symbol id="sm-6c9">
         <name>__TI_auto_init_nobinit_nopinit</name>
         <value>0x27bd</value>
         <object_component_ref idref="oc-1a7"/>
      </symbol>
      <symbol id="sm-6d3">
         <name>_system_pre_init</name>
         <value>0x2fcd</value>
         <object_component_ref idref="oc-9c"/>
      </symbol>
      <symbol id="sm-6df">
         <name>C$$EXIT</name>
         <value>0x2fd1</value>
         <object_component_ref idref="oc-19b"/>
      </symbol>
      <symbol id="sm-6e0">
         <name>abort</name>
         <value>0x2fd1</value>
         <object_component_ref idref="oc-19b"/>
      </symbol>
      <symbol id="sm-6e3">
         <name>__TI_static_base__</name>
         <value>0x0</value>
      </symbol>
      <symbol id="sm-6e6">
         <name>__mpu_init</name>
         <value>0x0</value>
      </symbol>
      <symbol id="sm-6e7">
         <name>_system_post_cinit</name>
         <value>0x0</value>
      </symbol>
      <symbol id="sm-6e8">
         <name>NMI_Handler</name>
         <value>0xb37</value>
      </symbol>
      <symbol id="sm-6e9">
         <name>HardFault_Handler</name>
         <value>0xb37</value>
      </symbol>
      <symbol id="sm-6ea">
         <name>MemManage_Handler</name>
         <value>0xb37</value>
      </symbol>
      <symbol id="sm-6eb">
         <name>BusFault_Handler</name>
         <value>0xb37</value>
      </symbol>
      <symbol id="sm-6ec">
         <name>UsageFault_Handler</name>
         <value>0xb37</value>
      </symbol>
      <symbol id="sm-6ed">
         <name>SVC_Handler</name>
         <value>0xb37</value>
      </symbol>
      <symbol id="sm-6ee">
         <name>DebugMon_Handler</name>
         <value>0xb37</value>
      </symbol>
      <symbol id="sm-6ef">
         <name>PendSV_Handler</name>
         <value>0xb37</value>
      </symbol>
      <symbol id="sm-6f0">
         <name>SysTick_Handler</name>
         <value>0xb37</value>
      </symbol>
      <symbol id="sm-6f1">
         <name>PSS_IRQHandler</name>
         <value>0xb37</value>
      </symbol>
      <symbol id="sm-6f2">
         <name>CS_IRQHandler</name>
         <value>0xb37</value>
      </symbol>
      <symbol id="sm-6f3">
         <name>PCM_IRQHandler</name>
         <value>0xb37</value>
      </symbol>
      <symbol id="sm-6f4">
         <name>WDT_A_IRQHandler</name>
         <value>0xb37</value>
      </symbol>
      <symbol id="sm-6f5">
         <name>FPU_IRQHandler</name>
         <value>0xb37</value>
      </symbol>
      <symbol id="sm-6f6">
         <name>FLCTL_IRQHandler</name>
         <value>0xb37</value>
      </symbol>
      <symbol id="sm-6f7">
         <name>COMP_E0_IRQHandler</name>
         <value>0xb37</value>
      </symbol>
      <symbol id="sm-6f8">
         <name>COMP_E1_IRQHandler</name>
         <value>0xb37</value>
      </symbol>
      <symbol id="sm-6f9">
         <name>TA0_0_IRQHandler</name>
         <value>0xb37</value>
      </symbol>
      <symbol id="sm-6fa">
         <name>TA0_N_IRQHandler</name>
         <value>0xb37</value>
      </symbol>
      <symbol id="sm-6fb">
         <name>TA1_0_IRQHandler</name>
         <value>0xb37</value>
      </symbol>
      <symbol id="sm-6fc">
         <name>TA1_N_IRQHandler</name>
         <value>0xb37</value>
      </symbol>
      <symbol id="sm-6fd">
         <name>TA2_0_IRQHandler</name>
         <value>0xb37</value>
      </symbol>
      <symbol id="sm-6fe">
         <name>TA2_N_IRQHandler</name>
         <value>0xb37</value>
      </symbol>
      <symbol id="sm-6ff">
         <name>TA3_0_IRQHandler</name>
         <value>0xb37</value>
      </symbol>
      <symbol id="sm-700">
         <name>TA3_N_IRQHandler</name>
         <value>0xb37</value>
      </symbol>
      <symbol id="sm-701">
         <name>EUSCIA0_IRQHandler</name>
         <value>0xb37</value>
      </symbol>
      <symbol id="sm-702">
         <name>EUSCIA1_IRQHandler</name>
         <value>0xb37</value>
      </symbol>
      <symbol id="sm-703">
         <name>EUSCIA2_IRQHandler</name>
         <value>0xb37</value>
      </symbol>
      <symbol id="sm-704">
         <name>EUSCIA3_IRQHandler</name>
         <value>0xb37</value>
      </symbol>
      <symbol id="sm-705">
         <name>EUSCIB0_IRQHandler</name>
         <value>0xb37</value>
      </symbol>
      <symbol id="sm-706">
         <name>EUSCIB1_IRQHandler</name>
         <value>0xb37</value>
      </symbol>
      <symbol id="sm-707">
         <name>EUSCIB2_IRQHandler</name>
         <value>0xb37</value>
      </symbol>
      <symbol id="sm-708">
         <name>EUSCIB3_IRQHandler</name>
         <value>0xb37</value>
      </symbol>
      <symbol id="sm-709">
         <name>ADC14_IRQHandler</name>
         <value>0x1449</value>
      </symbol>
      <symbol id="sm-70a">
         <name>T32_INT1_IRQHandler</name>
         <value>0xb37</value>
      </symbol>
      <symbol id="sm-70b">
         <name>T32_INT2_IRQHandler</name>
         <value>0xb37</value>
      </symbol>
      <symbol id="sm-70c">
         <name>T32_INTC_IRQHandler</name>
         <value>0xb37</value>
      </symbol>
      <symbol id="sm-70d">
         <name>AES256_IRQHandler</name>
         <value>0xb37</value>
      </symbol>
      <symbol id="sm-70e">
         <name>RTC_C_IRQHandler</name>
         <value>0xb37</value>
      </symbol>
      <symbol id="sm-70f">
         <name>DMA_ERR_IRQHandler</name>
         <value>0xb37</value>
      </symbol>
      <symbol id="sm-710">
         <name>DMA_INT3_IRQHandler</name>
         <value>0xb37</value>
      </symbol>
      <symbol id="sm-711">
         <name>DMA_INT2_IRQHandler</name>
         <value>0xb37</value>
      </symbol>
      <symbol id="sm-712">
         <name>DMA_INT1_IRQHandler</name>
         <value>0xb37</value>
      </symbol>
      <symbol id="sm-713">
         <name>DMA_INT0_IRQHandler</name>
         <value>0xb37</value>
      </symbol>
      <symbol id="sm-714">
         <name>PORT1_IRQHandler</name>
         <value>0xb37</value>
      </symbol>
      <symbol id="sm-715">
         <name>PORT2_IRQHandler</name>
         <value>0xb37</value>
      </symbol>
      <symbol id="sm-716">
         <name>PORT3_IRQHandler</name>
         <value>0xb37</value>
      </symbol>
      <symbol id="sm-717">
         <name>PORT4_IRQHandler</name>
         <value>0xb37</value>
      </symbol>
      <symbol id="sm-718">
         <name>PORT5_IRQHandler</name>
         <value>0xb37</value>
      </symbol>
      <symbol id="sm-719">
         <name>PORT6_IRQHandler</name>
         <value>0x2e21</value>
      </symbol>
   </symbol_table>
   <title>Link successful</title>
</link_info>
