******************************************************************************
                  TI ARM Linker PC v18.1.3                     
******************************************************************************
>> Linked Mon Jan 14 14:32:09 2019

OUTPUT FILE NAME:   <boostxl_edumkii_joystick_msp432p401r_MSP_EXP432P401R_nortos_ccs.out>
ENTRY POINT SYMBOL: "_c_int00_noargs"  address: 00002a75


MEMORY CONFIGURATION

         name            origin    length      used     unused   attr    fill
----------------------  --------  ---------  --------  --------  ----  --------
  MAIN                  00000000   00040000  000034c0  0003cb40  R  X
  INFO                  00200000   00004000  00000000  00004000  R  X
  SRAM_CODE             01000000   00010000  000002a9  0000fd57  RW X
  SRAM_DATA             20000000   00010000  000002a9  0000fd57  RW  


SEGMENT ALLOCATION MAP

run origin  load origin   length   init length attrs members
----------  ----------- ---------- ----------- ----- -------
00000000    00000000    000034c0   000034c0    r-x
  00000000    00000000    000000e4   000000e4    r-- .intvecs
  000000e4    000000e4    00002ef0   00002ef0    r-x .text
  00002fd4    00002fd4    000004b4   000004b4    r-- .const
  00003488    00003488    00000038   00000038    r-- .cinit
20000000    20000000    000000ac   00000000    rw-
  20000000    20000000    00000095   00000000    rw- .bss
  20000098    20000098    00000014   00000000    rw- .data
2000fe00    2000fe00    00000200   00000000    rw-
  2000fe00    2000fe00    00000200   00000000    rw- .stack


SECTION ALLOCATION MAP

 output                                  attributes/
section   page    origin      length       input sections
--------  ----  ----------  ----------   ----------------
.intvecs   0    00000000    000000e4     
                  00000000    000000e4     startup_msp432p401r_ccs.obj (.intvecs:retain)

.text      0    000000e4    00002ef0     
                  000000e4    000005d4     main.obj (.text:main)
                  000006b8    0000047e     grlib.a : string.obj (.text:Graphics_drawString)
                  00000b36    00000002     startup_msp432p401r_ccs.obj (.text:Default_Handler)
                  00000b38    00000338     main.obj (.text:drawAccelData)
                  00000e70    000002a0     main.obj (.text:drawJoyData)
                  00001110    000001d8     Crystalfontz128x128_ST7735.obj (.text:Crystalfontz128x128_PixelDrawMultiple)
                  000012e8    00000160     msp432p4xx_driverlib.lib : adc14.o (.text:_getIndexForMemRegister)
                  00001448    0000013c     main.obj (.text:ADC14_IRQHandler)
                  00001584    00000134     Crystalfontz128x128_ST7735.obj (.text:Crystalfontz128x128_SetDrawFrame)
                  000016b8    00000130     msprf24.obj (.text:msprf24_init)
                  000017e8    0000012c     Crystalfontz128x128_ST7735.obj (.text:Crystalfontz128x128_Init)
                  00001914    000000fa     grlib.a : string.obj (.text:Graphics_getStringWidth)
                  00001a0e    00000002     --HOLE-- [fill = 0]
                  00001a10    000000ec     main.obj (.text:MenuIni)
                  00001afc    000000c8     msprf24.obj (.text:r_rx_payload)
                  00001bc4    000000b0     msp432p4xx_driverlib.lib : spi.o (.text:SPI_initMaster)
                  00001c74    000000a8     msprf24.obj (.text:w_tx_payload)
                  00001d1c    0000009c     Crystalfontz128x128_ST7735.obj (.text:Crystalfontz128x128_RectFill)
                  00001db8    0000009c     grlib.a : line.obj (.text:Graphics_drawLineH)
                  00001e54    0000009c     rtsv7M4_T_le_v4SPD16_eabi.lib : memcpy_t2.asm.obj (.text)
                  00001ef0    00000098     msprf24.obj (.text:msprf24_set_retransmit_delay)
                  00001f88    00000094     msp432_spi.obj (.text:spi_init)
                  0000201c    00000090     msprf24.obj (.text:msprf24_set_pipe_packetsize)
                  000020ac    00000088     msp432p4xx_driverlib.lib : gpio.o (.text:GPIO_setAsPeripheralModuleFunctionOutputPin)
                  00002134    00000084     msprf24.obj (.text:msprf24_irq_clear)
                  000021b8    00000084     msprf24.obj (.text:w_rx_addr)
                  0000223c    0000007a     msprf24.obj (.text:msprf24_open_pipe)
                  000022b6    0000007a     rtsv7M4_T_le_v4SPD16_eabi.lib : memset_t2.asm.obj (.text)
                  00002330    00000078     system_msp432p401r.obj (.text:SystemInit)
                  000023a8    00000068     rtsv7M4_T_le_v4SPD16_eabi.lib : copy_decompress_lzss.c.obj (.text:decompress:lzss:__TI_decompress_lzss)
                  00002410    00000060     Crystalfontz128x128_ST7735.obj (.text:Crystalfontz128x128_LineDrawH)
                  00002470    00000060     Crystalfontz128x128_ST7735.obj (.text:Crystalfontz128x128_LineDrawV)
                  000024d0    00000060     msprf24.obj (.text:msprf24_current_state)
                  00002530    00000058     msp432_spi.obj (.text:spi_transfer16)
                  00002588    00000054     Crystalfontz128x128_ST7735.obj (.text:Crystalfontz128x128_SetOrientation)
                  000025dc    00000054     msprf24.obj (.text:r_reg)
                  00002630    00000054     msprf24.obj (.text:w_reg)
                  00002684    00000054     msprf24.obj (.text:w_tx_addr)
                  000026d8    00000052     grlib.a : context.obj (.text:Graphics_initContext)
                  0000272a    00000048             : string.obj (.text:Graphics_drawStringCentered)
                  00002772    00000002     --HOLE-- [fill = 0]
                  00002774    00000048     msprf24.obj (.text:__NVIC_SetPriority)
                  000027bc    00000044     rtsv7M4_T_le_v4SPD16_eabi.lib : autoinit.c.obj (.text:__TI_auto_init_nobinit_nopinit:__TI_auto_init_nobinit_nopinit)
                  00002800    00000044     msprf24.obj (.text:msprf24_standby)
                  00002844    00000040     Crystalfontz128x128_ST7735.obj (.text:Crystalfontz128x128_PixelDraw)
                  00002884    00000040     msp432p4xx_driverlib.lib : gpio.o (.text:GPIO_setAsOutputPin)
                  000028c4    00000040     grlib.a : string.obj (.text:Graphics_getNumberOfLeadingZeros)
                  00002904    00000040     HAL_MSP_EXP432P401R_Crystalfontz128x128_ST7735.obj (.text:HAL_LCD_SpiInit)
                  00002944    00000040     msp432p4xx_driverlib.lib : spi.o (.text:is_A_Module)
                  00002984    00000040     msprf24.obj (.text:msprf24_enable_feature)
                  000029c4    0000003c     main.obj (.text:delayMs)
                  00002a00    0000003c     msprf24.obj (.text:msprf24_rx_pending)
                  00002a3c    00000038     HAL_MSP_EXP432P401R_Crystalfontz128x128_ST7735.obj (.text:HAL_LCD_writeCommand)
                  00002a74    00000038     rtsv7M4_T_le_v4SPD16_eabi.lib : boot_cortex_m.c.obj (.text:_c_int00_noargs:_c_int00_noargs)
                  00002aac    00000036     grlib.a : display.obj (.text:Graphics_drawHorizontalLineOnDisplay)
                  00002ae2    00000002     --HOLE-- [fill = 0]
                  00002ae4    00000034     msprf24.obj (.text:msprf24_set_speed_power)
                  00002b18    00000030     HAL_MSP_EXP432P401R_Crystalfontz128x128_ST7735.obj (.text:HAL_LCD_PortInit)
                  00002b48    00000030     msprf24.obj (.text:__NVIC_EnableIRQ)
                  00002b78    00000030     msprf24.obj (.text:msprf24_set_config)
                  00002ba8    00000030     msp432_spi.obj (.text:spi_transfer)
                  00002bd8    0000002c     Crystalfontz128x128_ST7735.obj (.text:Crystalfontz128x128_ClearScreen)
                  00002c04    0000002c     grlib.a : display.obj (.text:Graphics_drawPixelOnDisplay)
                  00002c30    0000002c     HAL_MSP_EXP432P401R_Crystalfontz128x128_ST7735.obj (.text:HAL_LCD_writeData)
                  00002c5c    0000002c     msprf24.obj (.text:flush_rx)
                  00002c88    0000002c     msprf24.obj (.text:flush_tx)
                  00002cb4    0000002c     msprf24.obj (.text:msprf24_set_address_width)
                  00002ce0    0000002a     msprf24.obj (.text:msprf24_set_retransmit_count)
                  00002d0a    00000028     Crystalfontz128x128_ST7735.obj (.text:Crystalfontz128x128_ColorTranslate)
                  00002d32    00000002     --HOLE-- [fill = 0]
                  00002d34    00000028     msp432p4xx_driverlib.lib : gpio.o (.text:GPIO_setOutputHighOnPin)
                  00002d5c    00000028                              : gpio.o (.text:GPIO_setOutputLowOnPin)
                  00002d84    00000028     msprf24.obj (.text:msprf24_activate_rx)
                  00002dac    00000028     msprf24.obj (.text:pulse_ce)
                  00002dd4    00000026     msprf24.obj (.text:msprf24_is_alive)
                  00002dfa    00000002     --HOLE-- [fill = 0]
                  00002dfc    00000024     msprf24.obj (.text:msprf24_set_channel)
                  00002e20    00000020     msprf24.obj (.text:PORT6_IRQHandler)
                  00002e40    00000020     msprf24.obj (.text:msprf24_powerdown)
                  00002e60    0000001c     msp432p4xx_driverlib.lib : adc14.o (.text:ADC14_getResult)
                  00002e7c    0000001c                              : spi.o (.text:SPI_enableModule)
                  00002e98    0000001c     msprf24.obj (.text:msprf24_close_pipe_all)
                  00002eb4    0000001a     grlib.a : display.obj (.text:Graphics_clearDisplayOnDisplay)
                  00002ece    0000001a             : context.obj (.text:Graphics_setBackgroundColor)
                  00002ee8    0000001a             : context.obj (.text:Graphics_setFont)
                  00002f02    00000016     msp432p4xx_driverlib.lib : spi.o (.text:EUSCI_A_SPI_enable)
                  00002f18    00000016                              : spi.o (.text:EUSCI_B_SPI_enable)
                  00002f2e    00000016     grlib.a : context.obj (.text:Graphics_setForegroundColor)
                  00002f44    00000016             : display.obj (.text:Graphics_translateColorOnDisplay)
                  00002f5a    00000014     msprf24.obj (.text:msprf24_activate_tx)
                  00002f6e    00000012     grlib.a : context.obj (.text:Graphics_clearDisplay)
                  00002f80    00000012     rtsv7M4_T_le_v4SPD16_eabi.lib : copy_zero_init.c.obj (.text:decompress:ZI:__TI_zero_init_nomemset:__TI_zero_init_nomemset)
                  00002f92    00000002     --HOLE-- [fill = 0]
                  00002f94    00000010     msprf24.obj (.text:_msprf24_crc_mask)
                  00002fa4    0000000e     rtsv7M4_T_le_v4SPD16_eabi.lib : copy_decompress_none.c.obj (.text:decompress:none:__TI_decompress_none)
                  00002fb2    0000000c     startup_msp432p401r_ccs.obj (.text:Reset_Handler)
                  00002fbe    0000000a     Crystalfontz128x128_ST7735.obj (.text:Crystalfontz128x128_Flush)
                  00002fc8    00000004     msprf24.obj (.text:_msprf24_irq_mask)
                  00002fcc    00000004     rtsv7M4_T_le_v4SPD16_eabi.lib : pre_init.c.obj (.text:_system_pre_init)
                  00002fd0    00000004                                   : exit.c.obj (.text:abort:abort)

.const     0    00002fd4    000004b4     
                  00002fd4    000002f8     grlib.a : fontfixed6x8.obj (.const:.string:g_pucFontFixed6x8Data)
                  000032cc    000000c8             : fontfixed6x8.obj (.const:g_sFontFixed6x8)
                  00003394    00000080     msp432p4xx_driverlib.lib : adc14.o (.const:_ctlRegs)
                  00003414    00000030                              : gpio.o (.const:GPIO_PORT_TO_BASE)
                  00003444    00000020     Crystalfontz128x128_ST7735.obj (.const:g_sCrystalfontz128x128_funcs)
                  00003464    0000001c     HAL_MSP_EXP432P401R_Crystalfontz128x128_ST7735.obj (.const:$P$T0$1)
                  00003480    00000008     Crystalfontz128x128_ST7735.obj (.const:$P$T0$1)

.cinit     0    00003488    00000038     
                  00003488    00000011     (.cinit..data.load) [load image, compression = lzss]
                  00003499    00000003     --HOLE-- [fill = 0]
                  0000349c    0000000c     (__TI_handler_table)
                  000034a8    00000008     (.cinit..bss.load) [load image, compression = zero_init]
                  000034b0    00000010     (__TI_cinit_table)

.init_array 
*          0    00000000    00000000     UNINITIALIZED

.binit     0    00000000    00000000     

.bss       0    20000000    00000095     UNINITIALIZED
                  20000000    00000020     (.common:buf)
                  20000020    00000020     (.common:dato)
                  20000040    0000001c     (.common:g_sContext)
                  2000005c    00000008     (.common:val_b)
                  20000064    00000004     main.obj (.bss:resultsBufferAcc)
                  20000068    00000004     main.obj (.bss:resultsBufferJoy)
                  2000006c    00000004     (.common:MENU)
                  20000070    00000004     (.common:dut_1)
                  20000074    00000004     (.common:dut_2)
                  20000078    00000004     (.common:dut_3)
                  2000007c    00000004     (.common:dut_4)
                  20000080    00000004     (.common:user)
                  20000084    00000002     (.common:Lcd_ScreenHeigth)
                  20000086    00000002     (.common:Lcd_ScreenWidth)
                  20000088    00000002     (.common:Lcd_TouchTrim)
                  2000008a    00000001     (.common:Lcd_FlagRead)
                  2000008b    00000001     (.common:Lcd_FontSolid)
                  2000008c    00000001     (.common:Lcd_Orientation)
                  2000008d    00000001     (.common:Lcd_PenSolid)
                  2000008e    00000001     (.common:rf_addr_width)
                  2000008f    00000001     (.common:rf_channel)
                  20000090    00000001     (.common:rf_crc)
                  20000091    00000001     (.common:rf_feature)
                  20000092    00000001     (.common:rf_irq)
                  20000093    00000001     (.common:rf_speed_power)
                  20000094    00000001     (.common:rf_status)

.data      0    20000098    00000014     UNINITIALIZED
                  20000098    00000010     Crystalfontz128x128_ST7735.obj (.data:g_sCrystalfontz128x128)
                  200000a8    00000004     main.obj (.data)

.stack     0    2000fe00    00000200     UNINITIALIZED
                  2000fe00    00000004     rtsv7M4_T_le_v4SPD16_eabi.lib : boot_cortex_m.c.obj (.stack)
                  2000fe04    000001fc     --HOLE--

MODULE SUMMARY

       Module                                               code    ro data   rw data
       ------                                               ----    -------   -------
    .\
       main.obj                                             3600    0         272    
       msprf24.obj                                          2574    0         14     
       msp432_spi.obj                                       284     0         0      
       startup_msp432p401r_ccs.obj                          14      228       0      
       system_msp432p401r.obj                               120     0         0      
    +--+----------------------------------------------------+-------+---------+---------+
       Total:                                               6592    228       286    
                                                                                     
    .\LcdDriver\
       Crystalfontz128x128_ST7735.obj                       1670    40        52     
       HAL_MSP_EXP432P401R_Crystalfontz128x128_ST7735.obj   212     28        0      
    +--+----------------------------------------------------+-------+---------+---------+
       Total:                                               1882    68        52     
                                                                                     
    C:/ti/simplelink_msp432p4_sdk_2_30_00_14/source/ti/devices/msp432p4xx/driverlib/ccs/msp432p4xx_driverlib.lib
       adc14.o                                              380     128       0      
       gpio.o                                               280     48        0      
       spi.o                                                312     0         0      
    +--+----------------------------------------------------+-------+---------+---------+
       Total:                                               972     176       0      
                                                                                     
    C:/ti/simplelink_msp432p4_sdk_2_30_00_14/source/ti/grlib/lib/ccs/m4f/grlib.a
       string.obj                                           1536    0         0      
       fontfixed6x8.obj                                     0       960       0      
       context.obj                                          174     0         0      
       line.obj                                             156     0         0      
       display.obj                                          146     0         0      
    +--+----------------------------------------------------+-------+---------+---------+
       Total:                                               2012    960       0      
                                                                                     
    C:\ti\ccsv8\tools\compiler\ti-cgt-arm_18.1.3.LTS\lib\rtsv7M4_T_le_v4SPD16_eabi.lib
       memcpy_t2.asm.obj                                    156     0         0      
       memset_t2.asm.obj                                    122     0         0      
       copy_decompress_lzss.c.obj                           104     0         0      
       autoinit.c.obj                                       68      0         0      
       boot_cortex_m.c.obj                                  56      0         0      
       copy_zero_init.c.obj                                 18      0         0      
       copy_decompress_none.c.obj                           14      0         0      
       exit.c.obj                                           4       0         0      
       pre_init.c.obj                                       4       0         0      
    +--+----------------------------------------------------+-------+---------+---------+
       Total:                                               546     0         0      
                                                                                     
       Stack:                                               0       0         1024   
       Linker Generated:                                    0       53        0      
    +--+----------------------------------------------------+-------+---------+---------+
       Grand Total:                                         12004   1485      1362   


LINKER GENERATED COPY TABLES

__TI_cinit_table @ 000034b0 records: 2, size/record: 8, table size: 16
	.data: load addr=00003488, load size=00000011 bytes, run addr=20000098, run size=00000014 bytes, compression=lzss
	.bss: load addr=000034a8, load size=00000008 bytes, run addr=20000000, run size=00000095 bytes, compression=zero_init


LINKER GENERATED HANDLER TABLE

__TI_handler_table @ 0000349c records: 3, size/record: 4, table size: 12
	index: 0, handler: __TI_decompress_lzss
	index: 1, handler: __TI_decompress_none
	index: 2, handler: __TI_zero_init


GLOBAL SYMBOLS: SORTED ALPHABETICALLY BY Name 

address   name                                       
-------   ----                                       
00001449  ADC14_IRQHandler                           
00001449  ADC14_IRQHandler                           
00002e61  ADC14_getResult                            
00000b37  AES256_IRQHandler                          
00000b37  BusFault_Handler                           
00002fd1  C$$EXIT                                    
00000b37  COMP_E0_IRQHandler                         
00000b37  COMP_E1_IRQHandler                         
00000b37  CS_IRQHandler                              
000017e9  Crystalfontz128x128_Init                   
00001585  Crystalfontz128x128_SetDrawFrame           
00002589  Crystalfontz128x128_SetOrientation         
00000b37  DMA_ERR_IRQHandler                         
00000b37  DMA_INT0_IRQHandler                        
00000b37  DMA_INT1_IRQHandler                        
00000b37  DMA_INT2_IRQHandler                        
00000b37  DMA_INT3_IRQHandler                        
00000b37  DebugMon_Handler                           
00000b37  Default_Handler                            
00000b37  EUSCIA0_IRQHandler                         
00000b37  EUSCIA1_IRQHandler                         
00000b37  EUSCIA2_IRQHandler                         
00000b37  EUSCIA3_IRQHandler                         
00000b37  EUSCIB0_IRQHandler                         
00000b37  EUSCIB1_IRQHandler                         
00000b37  EUSCIB2_IRQHandler                         
00000b37  EUSCIB3_IRQHandler                         
00002f03  EUSCI_A_SPI_enable                         
00002f19  EUSCI_B_SPI_enable                         
00000b37  FLCTL_IRQHandler                           
00000b37  FPU_IRQHandler                             
00002885  GPIO_setAsOutputPin                        
000020ad  GPIO_setAsPeripheralModuleFunctionOutputPin
00002d35  GPIO_setOutputHighOnPin                    
00002d5d  GPIO_setOutputLowOnPin                     
00002f6f  Graphics_clearDisplay                      
00002eb5  Graphics_clearDisplayOnDisplay             
00002aad  Graphics_drawHorizontalLineOnDisplay       
00001db9  Graphics_drawLineH                         
00002c05  Graphics_drawPixelOnDisplay                
000006b9  Graphics_drawString                        
0000272b  Graphics_drawStringCentered                
00001915  Graphics_getStringWidth                    
000026d9  Graphics_initContext                       
00002ecf  Graphics_setBackgroundColor                
00002ee9  Graphics_setFont                           
00002f2f  Graphics_setForegroundColor                
00002f45  Graphics_translateColorOnDisplay           
00002b19  HAL_LCD_PortInit                           
00002905  HAL_LCD_SpiInit                            
00002a3d  HAL_LCD_writeCommand                       
00002c31  HAL_LCD_writeData                          
00000b37  HardFault_Handler                          
2000008a  Lcd_FlagRead                               
2000008b  Lcd_FontSolid                              
2000008c  Lcd_Orientation                            
2000008d  Lcd_PenSolid                               
20000084  Lcd_ScreenHeigth                           
20000086  Lcd_ScreenWidth                            
20000088  Lcd_TouchTrim                              
2000006c  MENU                                       
00000b37  MemManage_Handler                          
00001a11  MenuIni                                    
00000b37  NMI_Handler                                
00000b37  PCM_IRQHandler                             
00000b37  PORT1_IRQHandler                           
00000b37  PORT2_IRQHandler                           
00000b37  PORT3_IRQHandler                           
00000b37  PORT4_IRQHandler                           
00000b37  PORT5_IRQHandler                           
00002e21  PORT6_IRQHandler                           
00002e21  PORT6_IRQHandler                           
00000b37  PSS_IRQHandler                             
00000b37  PendSV_Handler                             
00000b37  RTC_C_IRQHandler                           
00002fb3  Reset_Handler                              
00002e7d  SPI_enableModule                           
00001bc5  SPI_initMaster                             
00000b37  SVC_Handler                                
00000b37  SysTick_Handler                            
00002331  SystemInit                                 
00000b37  T32_INT1_IRQHandler                        
00000b37  T32_INT2_IRQHandler                        
00000b37  T32_INTC_IRQHandler                        
00000b37  TA0_0_IRQHandler                           
00000b37  TA0_N_IRQHandler                           
00000b37  TA1_0_IRQHandler                           
00000b37  TA1_N_IRQHandler                           
00000b37  TA2_0_IRQHandler                           
00000b37  TA2_N_IRQHandler                           
00000b37  TA3_0_IRQHandler                           
00000b37  TA3_N_IRQHandler                           
00000b37  UsageFault_Handler                         
4000480c  WDTCTL_SYM                                 
00000b37  WDT_A_IRQHandler                           
20010000  __STACK_END                                
00000200  __STACK_SIZE                               
000034b0  __TI_CINIT_Base                            
000034c0  __TI_CINIT_Limit                           
0000349c  __TI_Handler_Table_Base                    
000034a8  __TI_Handler_Table_Limit                   
000027bd  __TI_auto_init_nobinit_nopinit             
000023a9  __TI_decompress_lzss                       
00002fa5  __TI_decompress_none                       
ffffffff  __TI_pprof_out_hndl                        
ffffffff  __TI_prof_data_size                        
ffffffff  __TI_prof_data_start                       
00000000  __TI_static_base__                         
00002f81  __TI_zero_init_nomemset                    
000022b7  __aeabi_memclr                             
000022b7  __aeabi_memclr4                            
000022b7  __aeabi_memclr8                            
00001e55  __aeabi_memcpy                             
00001e55  __aeabi_memcpy4                            
00001e55  __aeabi_memcpy8                            
000022b9  __aeabi_memset                             
000022b9  __aeabi_memset4                            
000022b9  __aeabi_memset8                            
ffffffff  __binit__                                  
ffffffff  __c_args__                                 
UNDEFED   __mpu_init                                 
2000fe00  __stack                                    
00002a75  _c_int00_noargs                            
00002f95  _msprf24_crc_mask                          
00002fc9  _msprf24_irq_mask                          
UNDEFED   _system_post_cinit                         
00002fcd  _system_pre_init                           
00002fd1  abort                                      
ffffffff  binit                                      
20000000  buf                                        
20000020  dato                                       
000029c5  delayMs                                    
00000b39  drawAccelData                              
00000e71  drawJoyData                                
20000070  dut_1                                      
20000074  dut_2                                      
20000078  dut_3                                      
2000007c  dut_4                                      
00002c5d  flush_rx                                   
00002c89  flush_tx                                   
20000040  g_sContext                                 
20000098  g_sCrystalfontz128x128                     
00003444  g_sCrystalfontz128x128_funcs               
000032cc  g_sFontFixed6x8                            
00000000  interruptVectors                           
200000a8  longitud                                   
000000e5  main                                       
00001e55  memcpy                                     
000022bf  memset                                     
00002d85  msprf24_activate_rx                        
00002f5b  msprf24_activate_tx                        
00002e99  msprf24_close_pipe_all                     
000024d1  msprf24_current_state                      
00002985  msprf24_enable_feature                     
000016b9  msprf24_init                               
00002135  msprf24_irq_clear                          
00002dd5  msprf24_is_alive                           
0000223d  msprf24_open_pipe                          
00002e41  msprf24_powerdown                          
00002a01  msprf24_rx_pending                         
00002cb5  msprf24_set_address_width                  
00002dfd  msprf24_set_channel                        
00002b79  msprf24_set_config                         
0000201d  msprf24_set_pipe_packetsize                
00002ce1  msprf24_set_retransmit_count               
00001ef1  msprf24_set_retransmit_delay               
00002ae5  msprf24_set_speed_power                    
00002801  msprf24_standby                            
00002dad  pulse_ce                                   
000025dd  r_reg                                      
00001afd  r_rx_payload                               
2000008e  rf_addr_width                              
2000008f  rf_channel                                 
20000090  rf_crc                                     
20000091  rf_feature                                 
20000092  rf_irq                                     
20000093  rf_speed_power                             
20000094  rf_status                                  
00001f89  spi_init                                   
00002ba9  spi_transfer                               
00002531  spi_transfer16                             
20000080  user                                       
2000005c  val_b                                      
00002631  w_reg                                      
000021b9  w_rx_addr                                  
00002685  w_tx_addr                                  
00001c75  w_tx_payload                               


GLOBAL SYMBOLS: SORTED BY Symbol Address 

address   name                                       
-------   ----                                       
00000000  __TI_static_base__                         
00000000  interruptVectors                           
000000e5  main                                       
00000200  __STACK_SIZE                               
000006b9  Graphics_drawString                        
00000b37  AES256_IRQHandler                          
00000b37  BusFault_Handler                           
00000b37  COMP_E0_IRQHandler                         
00000b37  COMP_E1_IRQHandler                         
00000b37  CS_IRQHandler                              
00000b37  DMA_ERR_IRQHandler                         
00000b37  DMA_INT0_IRQHandler                        
00000b37  DMA_INT1_IRQHandler                        
00000b37  DMA_INT2_IRQHandler                        
00000b37  DMA_INT3_IRQHandler                        
00000b37  DebugMon_Handler                           
00000b37  Default_Handler                            
00000b37  EUSCIA0_IRQHandler                         
00000b37  EUSCIA1_IRQHandler                         
00000b37  EUSCIA2_IRQHandler                         
00000b37  EUSCIA3_IRQHandler                         
00000b37  EUSCIB0_IRQHandler                         
00000b37  EUSCIB1_IRQHandler                         
00000b37  EUSCIB2_IRQHandler                         
00000b37  EUSCIB3_IRQHandler                         
00000b37  FLCTL_IRQHandler                           
00000b37  FPU_IRQHandler                             
00000b37  HardFault_Handler                          
00000b37  MemManage_Handler                          
00000b37  NMI_Handler                                
00000b37  PCM_IRQHandler                             
00000b37  PORT1_IRQHandler                           
00000b37  PORT2_IRQHandler                           
00000b37  PORT3_IRQHandler                           
00000b37  PORT4_IRQHandler                           
00000b37  PORT5_IRQHandler                           
00000b37  PSS_IRQHandler                             
00000b37  PendSV_Handler                             
00000b37  RTC_C_IRQHandler                           
00000b37  SVC_Handler                                
00000b37  SysTick_Handler                            
00000b37  T32_INT1_IRQHandler                        
00000b37  T32_INT2_IRQHandler                        
00000b37  T32_INTC_IRQHandler                        
00000b37  TA0_0_IRQHandler                           
00000b37  TA0_N_IRQHandler                           
00000b37  TA1_0_IRQHandler                           
00000b37  TA1_N_IRQHandler                           
00000b37  TA2_0_IRQHandler                           
00000b37  TA2_N_IRQHandler                           
00000b37  TA3_0_IRQHandler                           
00000b37  TA3_N_IRQHandler                           
00000b37  UsageFault_Handler                         
00000b37  WDT_A_IRQHandler                           
00000b39  drawAccelData                              
00000e71  drawJoyData                                
00001449  ADC14_IRQHandler                           
00001449  ADC14_IRQHandler                           
00001585  Crystalfontz128x128_SetDrawFrame           
000016b9  msprf24_init                               
000017e9  Crystalfontz128x128_Init                   
00001915  Graphics_getStringWidth                    
00001a11  MenuIni                                    
00001afd  r_rx_payload                               
00001bc5  SPI_initMaster                             
00001c75  w_tx_payload                               
00001db9  Graphics_drawLineH                         
00001e55  __aeabi_memcpy                             
00001e55  __aeabi_memcpy4                            
00001e55  __aeabi_memcpy8                            
00001e55  memcpy                                     
00001ef1  msprf24_set_retransmit_delay               
00001f89  spi_init                                   
0000201d  msprf24_set_pipe_packetsize                
000020ad  GPIO_setAsPeripheralModuleFunctionOutputPin
00002135  msprf24_irq_clear                          
000021b9  w_rx_addr                                  
0000223d  msprf24_open_pipe                          
000022b7  __aeabi_memclr                             
000022b7  __aeabi_memclr4                            
000022b7  __aeabi_memclr8                            
000022b9  __aeabi_memset                             
000022b9  __aeabi_memset4                            
000022b9  __aeabi_memset8                            
000022bf  memset                                     
00002331  SystemInit                                 
000023a9  __TI_decompress_lzss                       
000024d1  msprf24_current_state                      
00002531  spi_transfer16                             
00002589  Crystalfontz128x128_SetOrientation         
000025dd  r_reg                                      
00002631  w_reg                                      
00002685  w_tx_addr                                  
000026d9  Graphics_initContext                       
0000272b  Graphics_drawStringCentered                
000027bd  __TI_auto_init_nobinit_nopinit             
00002801  msprf24_standby                            
00002885  GPIO_setAsOutputPin                        
00002905  HAL_LCD_SpiInit                            
00002985  msprf24_enable_feature                     
000029c5  delayMs                                    
00002a01  msprf24_rx_pending                         
00002a3d  HAL_LCD_writeCommand                       
00002a75  _c_int00_noargs                            
00002aad  Graphics_drawHorizontalLineOnDisplay       
00002ae5  msprf24_set_speed_power                    
00002b19  HAL_LCD_PortInit                           
00002b79  msprf24_set_config                         
00002ba9  spi_transfer                               
00002c05  Graphics_drawPixelOnDisplay                
00002c31  HAL_LCD_writeData                          
00002c5d  flush_rx                                   
00002c89  flush_tx                                   
00002cb5  msprf24_set_address_width                  
00002ce1  msprf24_set_retransmit_count               
00002d35  GPIO_setOutputHighOnPin                    
00002d5d  GPIO_setOutputLowOnPin                     
00002d85  msprf24_activate_rx                        
00002dad  pulse_ce                                   
00002dd5  msprf24_is_alive                           
00002dfd  msprf24_set_channel                        
00002e21  PORT6_IRQHandler                           
00002e21  PORT6_IRQHandler                           
00002e41  msprf24_powerdown                          
00002e61  ADC14_getResult                            
00002e7d  SPI_enableModule                           
00002e99  msprf24_close_pipe_all                     
00002eb5  Graphics_clearDisplayOnDisplay             
00002ecf  Graphics_setBackgroundColor                
00002ee9  Graphics_setFont                           
00002f03  EUSCI_A_SPI_enable                         
00002f19  EUSCI_B_SPI_enable                         
00002f2f  Graphics_setForegroundColor                
00002f45  Graphics_translateColorOnDisplay           
00002f5b  msprf24_activate_tx                        
00002f6f  Graphics_clearDisplay                      
00002f81  __TI_zero_init_nomemset                    
00002f95  _msprf24_crc_mask                          
00002fa5  __TI_decompress_none                       
00002fb3  Reset_Handler                              
00002fc9  _msprf24_irq_mask                          
00002fcd  _system_pre_init                           
00002fd1  C$$EXIT                                    
00002fd1  abort                                      
000032cc  g_sFontFixed6x8                            
00003444  g_sCrystalfontz128x128_funcs               
0000349c  __TI_Handler_Table_Base                    
000034a8  __TI_Handler_Table_Limit                   
000034b0  __TI_CINIT_Base                            
000034c0  __TI_CINIT_Limit                           
20000000  buf                                        
20000020  dato                                       
20000040  g_sContext                                 
2000005c  val_b                                      
2000006c  MENU                                       
20000070  dut_1                                      
20000074  dut_2                                      
20000078  dut_3                                      
2000007c  dut_4                                      
20000080  user                                       
20000084  Lcd_ScreenHeigth                           
20000086  Lcd_ScreenWidth                            
20000088  Lcd_TouchTrim                              
2000008a  Lcd_FlagRead                               
2000008b  Lcd_FontSolid                              
2000008c  Lcd_Orientation                            
2000008d  Lcd_PenSolid                               
2000008e  rf_addr_width                              
2000008f  rf_channel                                 
20000090  rf_crc                                     
20000091  rf_feature                                 
20000092  rf_irq                                     
20000093  rf_speed_power                             
20000094  rf_status                                  
20000098  g_sCrystalfontz128x128                     
200000a8  longitud                                   
2000fe00  __stack                                    
20010000  __STACK_END                                
4000480c  WDTCTL_SYM                                 
ffffffff  __TI_pprof_out_hndl                        
ffffffff  __TI_prof_data_size                        
ffffffff  __TI_prof_data_start                       
ffffffff  __binit__                                  
ffffffff  __c_args__                                 
ffffffff  binit                                      
UNDEFED   __mpu_init                                 
UNDEFED   _system_post_cinit                         

[187 symbols]
